Trial mediapulse-ingest__BEd7GS7 failed: Docker compose command failed for environment mediapulse-ingest. Command: docker compose --project-name mediapulse-ingest__bed7gs7__env --project-directory /Users/azeez/Azeez/microai/mediapulse-ingest/environment -f /private/var/folders/cx/31vj2yzs6xv5qzw7hx0tvjp40000gn/T/tmprjn36hp8/mediapulse-ingest__BEd7GS7__env-docker-compose-resources.json -f /Users/azeez/.local/share/uv/tools/realm-verifier/lib/python3.14/site-packages/harbor/environments/docker/docker-compose-build.yaml -f /Users/azeez/Azeez/microai/mediapulse-ingest/environment/docker-compose.yaml -f /private/var/folders/cx/31vj2yzs6xv5qzw7hx0tvjp40000gn/T/tmprd63scot/docker-compose-environment.json -f /private/var/folders/cx/31vj2yzs6xv5qzw7hx0tvjp40000gn/T/tmpqak30i89/docker-compose-mounts.json build. Return code: 1. Stdout:  Image mediapulse-ingest__bed7gs7__env-main Building 
 Image mediapulse-ingest__bed7gs7__env-runtime-setup Building 
#1 [internal] load local bake definitions
#1 reading from stdin 1.21kB done
#1 DONE 0.0s

#2 [runtime-setup internal] load build definition from Dockerfile
#2 transferring dockerfile: 1.22kB done
#2 DONE 0.0s

#3 [main internal] load build definition from Dockerfile
#3 transferring dockerfile: 4.61kB done
#3 WARN: FromPlatformFlagConstDisallowed: FROM --platform flag should not use constant value "linux/amd64" (line 1)
#3 DONE 0.0s

#4 [runtime-setup internal] load metadata for mirror.gcr.io/library/docker:27.5.1-cli@sha256:851f91d241214e7c6db86513b270d58776379aacc5eb9c4a87e5b47115e3065c
#4 DONE 0.0s

#5 [main internal] load metadata for mirror.gcr.io/library/node:24-bookworm-slim@sha256:6f7b03f7c2c8e2e784dcf9295400527b9b1270fd37b7e9a7285cf83b6951452d
#5 ...

#6 [runtime-setup internal] load metadata for mirror.gcr.io/library/rust:1.88.0-bookworm@sha256:af306cfa71d987911a781c37b59d7d67d934f49684058f96cf72079c3626bfe0
#6 DONE 0.2s

#7 [runtime-setup internal] load .dockerignore
#7 transferring context: 94B done
#7 DONE 0.0s

#8 [runtime-setup build  1/10] FROM mirror.gcr.io/library/rust:1.88.0-bookworm@sha256:af306cfa71d987911a781c37b59d7d67d934f49684058f96cf72079c3626bfe0
#8 DONE 0.0s

#9 [runtime-setup runtime-setup 1/4] FROM mirror.gcr.io/library/docker:27.5.1-cli@sha256:851f91d241214e7c6db86513b270d58776379aacc5eb9c4a87e5b47115e3065c
#9 DONE 0.0s

#10 [runtime-setup internal] load build context
#10 transferring context: 2.44kB done
#10 DONE 0.0s

#11 [runtime-setup build  4/10] COPY Cargo.toml Cargo.lock ./
#11 CACHED

#12 [runtime-setup build  3/10] WORKDIR /build
#12 CACHED

#13 [runtime-setup build  7/10] COPY projector ./projector
#13 CACHED

#14 [runtime-setup build  8/10] COPY outbox-relay ./outbox-relay
#14 CACHED

#15 [runtime-setup build  2/10] RUN apt-get update     && apt-get install --yes --no-install-recommends clang cmake make perl pkg-config     && rm -rf /var/lib/apt/lists/*
#15 CACHED

#16 [runtime-setup build  5/10] COPY library ./library
#16 CACHED

#17 [runtime-setup build  6/10] COPY api ./api
#17 CACHED

#18 [runtime-setup build  9/10] COPY audit-archiver ./audit-archiver
#18 CACHED

#5 [main internal] load metadata for mirror.gcr.io/library/node:24-bookworm-slim@sha256:6f7b03f7c2c8e2e784dcf9295400527b9b1270fd37b7e9a7285cf83b6951452d
#5 DONE 0.4s

#19 [runtime-setup build 10/10] RUN --mount=type=cache,target=/usr/local/cargo/registry,sharing=locked     --mount=type=cache,target=/usr/local/cargo/git,sharing=locked     --mount=type=cache,target=/build/target,sharing=locked     cargo build --jobs 1 --release --workspace --bins     && mkdir -p /out     && cp target/release/api /out/api     && cp target/release/projector /out/projector     && cp target/release/outbox-relay /out/outbox-relay     && cp target/release/audit-archiver /out/audit-archiver
#19 ...

#20 [main internal] load .dockerignore
#20 transferring context: 2B done
#20 DONE 0.0s

#21 [main toolchain 1/7] FROM mirror.gcr.io/library/node:24-bookworm-slim@sha256:6f7b03f7c2c8e2e784dcf9295400527b9b1270fd37b7e9a7285cf83b6951452d
#21 DONE 0.0s

#22 [main internal] load build context
#22 transferring context: 1.16kB done
#22 DONE 0.0s

#23 [main toolchain 7/7] RUN mkdir -p /opt/terraform-plugin-cache /tmp/provider-seed  && printf '%s\n'       'terraform {'       '  required_providers {'       '    google = {'       '      source = "hashicorp/google"'       "      version = ">=5.0.0""       '    }'       '    google-beta = {'       '      source = "hashicorp/google-beta"'       "      version = ">=5.0.0""       '    }'       '  }'       '}' > /tmp/provider-seed/main.tf  && terraform -chdir=/tmp/provider-seed init -backend=false -input=false  && rm -rf /tmp/provider-seed  && printf '%s\n'       'plugin_cache_dir = "/opt/terraform-plugin-cache"'       'disable_checkpoint = true' > /etc/terraformrc  && printf '%s\n'       'disable_checkpoint = true'       'provider_installation {'       '  filesystem_mirror {'       '    path    = "/opt/terraform-plugin-cache"'       '    include = ["registry.terraform.io/hashicorp/google", "registry.terraform.io/hashicorp/google-beta"]'       '  }'       '  direct {'       '    exclude = ["registry.terraform.io/hashicorp/google", "registry.terraform.io/hashicorp/google-beta"]'       '  }'       '}' > /etc/terraformrc.offline
#23 CACHED

#24 [main agent 2/3] RUN groupadd --gid 10001 agent  && useradd --uid 10001 --gid 10001 --create-home --shell /bin/bash agent  && mkdir -p /workspace/submission /workspace/evidence /workspace/config /artifacts  && chown -R agent:agent /workspace/submission /workspace/evidence /artifacts /home/agent  && chmod 0755 /workspace /workspace/config  && chmod -R a+rX /opt/terraform-plugin-cache
#24 CACHED

#25 [main agent 1/3] COPY workspace/ /workspace/
#25 CACHED

#26 [main toolchain 6/7] RUN curl -fsSLo "/tmp/tofu_1.12.4_linux_amd64.zip"       "https://github.com/opentofu/opentofu/releases/download/v1.12.4/tofu_1.12.4_linux_amd64.zip"  && curl -fsSLo /tmp/tofu_SHA256SUMS       "https://github.com/opentofu/opentofu/releases/download/v1.12.4/tofu_1.12.4_SHA256SUMS"  && cd /tmp  && grep "tofu_1.12.4_linux_amd64.zip" tofu_SHA256SUMS | sha256sum -c -  && unzip -q "tofu_1.12.4_linux_amd64.zip" -d /usr/local/bin  && rm -f "/tmp/tofu_1.12.4_linux_amd64.zip" /tmp/tofu_SHA256SUMS
#26 CACHED

#27 [main toolchain 5/7] RUN curl -fsSLo "/tmp/terraform_1.15.8_linux_amd64.zip"       "https://releases.hashicorp.com/terraform/1.15.8/terraform_1.15.8_linux_amd64.zip"  && curl -fsSLo /tmp/terraform_SHA256SUMS       "https://releases.hashicorp.com/terraform/1.15.8/terraform_1.15.8_SHA256SUMS"  && cd /tmp  && grep "terraform_1.15.8_linux_amd64.zip" terraform_SHA256SUMS | sha256sum -c -  && unzip -q "terraform_1.15.8_linux_amd64.zip" -d /usr/local/bin  && rm -f "/tmp/terraform_1.15.8_linux_amd64.zip" /tmp/terraform_SHA256SUMS
#27 CACHED

#28 [main toolchain 2/7] RUN apt-get update  && apt-get install -y --no-install-recommends       bash ca-certificates curl wget unzip xz-utils       git patch jq ripgrep fd-find less file vim procps psmisc util-linux       python3 python3-venv python3-pip       postgresql-client redis-tools netcat-openbsd dnsutils  && rm -rf /var/lib/apt/lists/*  && ln -sf /usr/bin/fdfind /usr/local/bin/fd
#28 CACHED

#29 [main toolchain 3/7] RUN npm install -g opencode-ai@1.17.8
#29 CACHED

#30 [main toolchain 4/7] RUN python3 -m venv /opt/venv  && /opt/venv/bin/pip install --no-cache-dir       google-cloud-storage google-cloud-pubsub google-cloud-firestore google-cloud-datastore google-cloud-secret-manager       "psycopg[binary]" redis requests PyJWT cryptography jsonschema pyyaml pytest
#30 CACHED

#31 [main agent 3/3] WORKDIR /workspace
#31 CACHED

#32 [main] exporting to image
#32 exporting layers done
#32 writing image sha256:9bedab83569542a575468bcc3fb7910d419b91b0b72290b85e3fedcd4fb20cc2 done
#32 naming to docker.io/library/mediapulse-ingest__bed7gs7__env-main done
#32 DONE 0.0s

#33 [main] resolving provenance for metadata file
#33 DONE 0.0s

#19 [runtime-setup build 10/10] RUN --mount=type=cache,target=/usr/local/cargo/registry,sharing=locked     --mount=type=cache,target=/usr/local/cargo/git,sharing=locked     --mount=type=cache,target=/build/target,sharing=locked     cargo build --jobs 1 --release --workspace --bins     && mkdir -p /out     && cp target/release/api /out/api     && cp target/release/projector /out/projector     && cp target/release/outbox-relay /out/outbox-relay     && cp target/release/audit-archiver /out/audit-archiver
#19 0.830    Compiling cc v1.2.67
#19 1.991    Compiling tokio v1.47.0
#19 8.538    Compiling ring v0.17.14
#19 8.872    Compiling subtle v2.6.1
#19 14.40    Compiling slab v0.4.12
#19 14.58    Compiling futures-util v0.3.32
#19 21.80    Compiling rustls-webpki v0.103.13
#19 25.44    Compiling rustls v0.23.42
#19 42.44    Compiling getrandom v0.3.4
#19 44.50    Compiling digest v0.10.7
#19 44.67    Compiling hyper v1.10.1
#19 48.84    Compiling num-integer v0.1.46
#19 49.19    Compiling hyper-util v0.1.20
#19 52.90    Compiling num-bigint v0.4.8
#19 63.28    Compiling uuid v1.17.0
#19 63.94    Compiling tower v0.5.3
#19 64.30    Compiling tokio-rustls v0.26.4
#19 64.49    Compiling regex-syntax v0.8.11
#19 69.79    Compiling time v0.3.44
#19 72.20    Compiling sqlx-core v0.8.6
#19 74.84    Compiling regex-automata v0.4.16
#19 79.07    Compiling tokio-util v0.7.18
#19 79.87    Compiling fastrand v2.4.1
#19 79.95    Compiling sqlx-postgres v0.8.6
#19 84.81    Compiling backon v1.6.0
#19 85.02    Compiling tower-http v0.6.6
#19 86.13    Compiling sha2 v0.10.9
#19 86.84    Compiling combine v4.6.7
#19 90.57    Compiling regex v1.13.1
#19 91.45    Compiling simple_asn1 v0.6.3
#19 92.82    Compiling hyper-rustls v0.27.9
#19 93.22    Compiling hmac v0.12.1
#19 93.28    Compiling tokio-stream v0.1.18
#19 93.79    Compiling axum v0.8.4
#19 97.72    Compiling sqlx-macros-core v0.8.6
#19 98.93    Compiling redis v0.32.2
#19 114.9    Compiling tracing-subscriber v0.3.19
#19 119.0    Compiling jsonwebtoken v9.3.1
#19 121.2    Compiling hkdf v0.12.4
#19 121.3    Compiling reqwest v0.12.22
#19 129.1    Compiling md-5 v0.10.6
#19 146.2    Compiling cinderroute v1.0.0 (/build/library)
#19 148.6    Compiling sqlx-macros v0.8.6
#19 150.3    Compiling sqlx v0.8.6
#19 150.4    Compiling cinderroute-audit-archiver v1.0.0 (/build/audit-archiver)
#19 150.6 error[E0432]: unresolved import `lambda_runtime`
#19 150.6  --> audit-archiver/src/batch.rs:1:5
#19 150.6   |
#19 150.6 1 | use lambda_runtime::Error as LambdaError;
#19 150.6   |     ^^^^^^^^^^^^^^ use of unresolved module or unlinked crate `lambda_runtime`
#19 150.6   |
#19 150.6   = help: if you wanted to use a crate named `lambda_runtime`, use `cargo add lambda_runtime` to add it to your `Cargo.toml`
#19 150.6 
#19 150.7 For more information about this error, try `rustc --explain E0432`.
#19 150.7 error: could not compile `cinderroute-audit-archiver` (bin "audit-archiver") due to 1 previous error
#19 ERROR: process "/bin/sh -c cargo build --jobs 1 --release --workspace --bins     && mkdir -p /out     && cp target/release/api /out/api     && cp target/release/projector /out/projector     && cp target/release/outbox-relay /out/outbox-relay     && cp target/release/audit-archiver /out/audit-archiver" did not complete successfully: exit code: 101
------
 > [runtime-setup build 10/10] RUN --mount=type=cache,target=/usr/local/cargo/registry,sharing=locked     --mount=type=cache,target=/usr/local/cargo/git,sharing=locked     --mount=type=cache,target=/build/target,sharing=locked     cargo build --jobs 1 --release --workspace --bins     && mkdir -p /out     && cp target/release/api /out/api     && cp target/release/projector /out/projector     && cp target/release/outbox-relay /out/outbox-relay     && cp target/release/audit-archiver /out/audit-archiver:
150.6 error[E0432]: unresolved import `lambda_runtime`
150.6  --> audit-archiver/src/batch.rs:1:5
150.6   |
150.6 1 | use lambda_runtime::Error as LambdaError;
150.6   |     ^^^^^^^^^^^^^^ use of unresolved module or unlinked crate `lambda_runtime`
150.6   |
150.6   = help: if you wanted to use a crate named `lambda_runtime`, use `cargo add lambda_runtime` to add it to your `Cargo.toml`
150.6 
150.7 For more information about this error, try `rustc --explain E0432`.
150.7 error: could not compile `cinderroute-audit-archiver` (bin "audit-archiver") due to 1 previous error
------
Dockerfile:15

--------------------

  14 |     

  15 | >>> RUN --mount=type=cache,target=/usr/local/cargo/registry,sharing=locked \

  16 | >>>     --mount=type=cache,target=/usr/local/cargo/git,sharing=locked \

  17 | >>>     --mount=type=cache,target=/build/target,sharing=locked \

  18 | >>>     cargo build --jobs 1 --release --workspace --bins \

  19 | >>>     && mkdir -p /out \

  20 | >>>     && cp target/release/api /out/api \

  21 | >>>     && cp target/release/projector /out/projector \

  22 | >>>     && cp target/release/outbox-relay /out/outbox-relay \

  23 | >>>     && cp target/release/audit-archiver /out/audit-archiver

  24 |     

--------------------

target runtime-setup: failed to solve: process "/bin/sh -c cargo build --jobs 1 --release --workspace --bins     && mkdir -p /out     && cp target/release/api /out/api     && cp target/release/projector /out/projector     && cp target/release/outbox-relay /out/outbox-relay     && cp target/release/audit-archiver /out/audit-archiver" did not complete successfully: exit code: 101

. Stderr: None. 
Collecting main service artifacts
Failed to download artifact '/workspace/submission' from service 'main' (best-effort)
Traceback (most recent call last):
  File "/Users/azeez/.local/share/uv/tools/realm-verifier/lib/python3.14/site-packages/harbor/trial/trial.py", line 351, in run
    await self._prepare()
  File "/Users/azeez/.local/share/uv/tools/realm-verifier/lib/python3.14/site-packages/harbor/trial/trial.py", line 385, in _prepare
    await self._setup_agent_environment()
  File "/Users/azeez/.local/share/uv/tools/realm-verifier/lib/python3.14/site-packages/harbor/trial/trial.py", line 1148, in _setup_agent_environment
    await self._start_agent_environment()
  File "/Users/azeez/.local/share/uv/tools/realm-verifier/lib/python3.14/site-packages/harbor/trial/trial.py", line 1154, in _start_agent_environment
    await asyncio.wait_for(
    ...<4 lines>...
    )
  File "/opt/homebrew/Cellar/python@3.14/3.14.2_1/Frameworks/Python.framework/Versions/3.14/lib/python3.14/asyncio/tasks.py", line 488, in wait_for
    return await fut
           ^^^^^^^^^
  File "/Users/azeez/.local/share/uv/tools/realm-verifier/lib/python3.14/site-packages/harbor/environments/docker/docker.py", line 891, in start
    await self._run_docker_compose_command(["build"])
  File "/Users/azeez/.local/share/uv/tools/realm-verifier/lib/python3.14/site-packages/harbor/environments/docker/docker.py", line 656, in _run_docker_compose_command
    raise RuntimeError(
    ...<5 lines>...
    )
RuntimeError: Docker compose command failed for environment mediapulse-ingest. Command: docker compose --project-name mediapulse-ingest__bed7gs7__env --project-directory /Users/azeez/Azeez/microai/mediapulse-ingest/environment -f /private/var/folders/cx/31vj2yzs6xv5qzw7hx0tvjp40000gn/T/tmprjn36hp8/mediapulse-ingest__BEd7GS7__env-docker-compose-resources.json -f /Users/azeez/.local/share/uv/tools/realm-verifier/lib/python3.14/site-packages/harbor/environments/docker/docker-compose-build.yaml -f /Users/azeez/Azeez/microai/mediapulse-ingest/environment/docker-compose.yaml -f /private/var/folders/cx/31vj2yzs6xv5qzw7hx0tvjp40000gn/T/tmprd63scot/docker-compose-environment.json -f /private/var/folders/cx/31vj2yzs6xv5qzw7hx0tvjp40000gn/T/tmpqak30i89/docker-compose-mounts.json build. Return code: 1. Stdout:  Image mediapulse-ingest__bed7gs7__env-main Building 
 Image mediapulse-ingest__bed7gs7__env-runtime-setup Building 
#1 [internal] load local bake definitions
#1 reading from stdin 1.21kB done
#1 DONE 0.0s

#2 [runtime-setup internal] load build definition from Dockerfile
#2 transferring dockerfile: 1.22kB done
#2 DONE 0.0s

#3 [main internal] load build definition from Dockerfile
#3 transferring dockerfile: 4.61kB done
#3 WARN: FromPlatformFlagConstDisallowed: FROM --platform flag should not use constant value "linux/amd64" (line 1)
#3 DONE 0.0s

#4 [runtime-setup internal] load metadata for mirror.gcr.io/library/docker:27.5.1-cli@sha256:851f91d241214e7c6db86513b270d58776379aacc5eb9c4a87e5b47115e3065c
#4 DONE 0.0s

#5 [main internal] load metadata for mirror.gcr.io/library/node:24-bookworm-slim@sha256:6f7b03f7c2c8e2e784dcf9295400527b9b1270fd37b7e9a7285cf83b6951452d
#5 ...

#6 [runtime-setup internal] load metadata for mirror.gcr.io/library/rust:1.88.0-bookworm@sha256:af306cfa71d987911a781c37b59d7d67d934f49684058f96cf72079c3626bfe0
#6 DONE 0.2s

#7 [runtime-setup internal] load .dockerignore
#7 transferring context: 94B done
#7 DONE 0.0s

#8 [runtime-setup build  1/10] FROM mirror.gcr.io/library/rust:1.88.0-bookworm@sha256:af306cfa71d987911a781c37b59d7d67d934f49684058f96cf72079c3626bfe0
#8 DONE 0.0s

#9 [runtime-setup runtime-setup 1/4] FROM mirror.gcr.io/library/docker:27.5.1-cli@sha256:851f91d241214e7c6db86513b270d58776379aacc5eb9c4a87e5b47115e3065c
#9 DONE 0.0s

#10 [runtime-setup internal] load build context
#10 transferring context: 2.44kB done
#10 DONE 0.0s

#11 [runtime-setup build  4/10] COPY Cargo.toml Cargo.lock ./
#11 CACHED

#12 [runtime-setup build  3/10] WORKDIR /build
#12 CACHED

#13 [runtime-setup build  7/10] COPY projector ./projector
#13 CACHED

#14 [runtime-setup build  8/10] COPY outbox-relay ./outbox-relay
#14 CACHED

#15 [runtime-setup build  2/10] RUN apt-get update     && apt-get install --yes --no-install-recommends clang cmake make perl pkg-config     && rm -rf /var/lib/apt/lists/*
#15 CACHED

#16 [runtime-setup build  5/10] COPY library ./library
#16 CACHED

#17 [runtime-setup build  6/10] COPY api ./api
#17 CACHED

#18 [runtime-setup build  9/10] COPY audit-archiver ./audit-archiver
#18 CACHED

#5 [main internal] load metadata for mirror.gcr.io/library/node:24-bookworm-slim@sha256:6f7b03f7c2c8e2e784dcf9295400527b9b1270fd37b7e9a7285cf83b6951452d
#5 DONE 0.4s

#19 [runtime-setup build 10/10] RUN --mount=type=cache,target=/usr/local/cargo/registry,sharing=locked     --mount=type=cache,target=/usr/local/cargo/git,sharing=locked     --mount=type=cache,target=/build/target,sharing=locked     cargo build --jobs 1 --release --workspace --bins     && mkdir -p /out     && cp target/release/api /out/api     && cp target/release/projector /out/projector     && cp target/release/outbox-relay /out/outbox-relay     && cp target/release/audit-archiver /out/audit-archiver
#19 ...

#20 [main internal] load .dockerignore
#20 transferring context: 2B done
#20 DONE 0.0s

#21 [main toolchain 1/7] FROM mirror.gcr.io/library/node:24-bookworm-slim@sha256:6f7b03f7c2c8e2e784dcf9295400527b9b1270fd37b7e9a7285cf83b6951452d
#21 DONE 0.0s

#22 [main internal] load build context
#22 transferring context: 1.16kB done
#22 DONE 0.0s

#23 [main toolchain 7/7] RUN mkdir -p /opt/terraform-plugin-cache /tmp/provider-seed  && printf '%s\n'       'terraform {'       '  required_providers {'       '    google = {'       '      source = "hashicorp/google"'       "      version = ">=5.0.0""       '    }'       '    google-beta = {'       '      source = "hashicorp/google-beta"'       "      version = ">=5.0.0""       '    }'       '  }'       '}' > /tmp/provider-seed/main.tf  && terraform -chdir=/tmp/provider-seed init -backend=false -input=false  && rm -rf /tmp/provider-seed  && printf '%s\n'       'plugin_cache_dir = "/opt/terraform-plugin-cache"'       'disable_checkpoint = true' > /etc/terraformrc  && printf '%s\n'       'disable_checkpoint = true'       'provider_installation {'       '  filesystem_mirror {'       '    path    = "/opt/terraform-plugin-cache"'       '    include = ["registry.terraform.io/hashicorp/google", "registry.terraform.io/hashicorp/google-beta"]'       '  }'       '  direct {'       '    exclude = ["registry.terraform.io/hashicorp/google", "registry.terraform.io/hashicorp/google-beta"]'       '  }'       '}' > /etc/terraformrc.offline
#23 CACHED

#24 [main agent 2/3] RUN groupadd --gid 10001 agent  && useradd --uid 10001 --gid 10001 --create-home --shell /bin/bash agent  && mkdir -p /workspace/submission /workspace/evidence /workspace/config /artifacts  && chown -R agent:agent /workspace/submission /workspace/evidence /artifacts /home/agent  && chmod 0755 /workspace /workspace/config  && chmod -R a+rX /opt/terraform-plugin-cache
#24 CACHED

#25 [main agent 1/3] COPY workspace/ /workspace/
#25 CACHED

#26 [main toolchain 6/7] RUN curl -fsSLo "/tmp/tofu_1.12.4_linux_amd64.zip"       "https://github.com/opentofu/opentofu/releases/download/v1.12.4/tofu_1.12.4_linux_amd64.zip"  && curl -fsSLo /tmp/tofu_SHA256SUMS       "https://github.com/opentofu/opentofu/releases/download/v1.12.4/tofu_1.12.4_SHA256SUMS"  && cd /tmp  && grep "tofu_1.12.4_linux_amd64.zip" tofu_SHA256SUMS | sha256sum -c -  && unzip -q "tofu_1.12.4_linux_amd64.zip" -d /usr/local/bin  && rm -f "/tmp/tofu_1.12.4_linux_amd64.zip" /tmp/tofu_SHA256SUMS
#26 CACHED

#27 [main toolchain 5/7] RUN curl -fsSLo "/tmp/terraform_1.15.8_linux_amd64.zip"       "https://releases.hashicorp.com/terraform/1.15.8/terraform_1.15.8_linux_amd64.zip"  && curl -fsSLo /tmp/terraform_SHA256SUMS       "https://releases.hashicorp.com/terraform/1.15.8/terraform_1.15.8_SHA256SUMS"  && cd /tmp  && grep "terraform_1.15.8_linux_amd64.zip" terraform_SHA256SUMS | sha256sum -c -  && unzip -q "terraform_1.15.8_linux_amd64.zip" -d /usr/local/bin  && rm -f "/tmp/terraform_1.15.8_linux_amd64.zip" /tmp/terraform_SHA256SUMS
#27 CACHED

#28 [main toolchain 2/7] RUN apt-get update  && apt-get install -y --no-install-recommends       bash ca-certificates curl wget unzip xz-utils       git patch jq ripgrep fd-find less file vim procps psmisc util-linux       python3 python3-venv python3-pip       postgresql-client redis-tools netcat-openbsd dnsutils  && rm -rf /var/lib/apt/lists/*  && ln -sf /usr/bin/fdfind /usr/local/bin/fd
#28 CACHED

#29 [main toolchain 3/7] RUN npm install -g opencode-ai@1.17.8
#29 CACHED

#30 [main toolchain 4/7] RUN python3 -m venv /opt/venv  && /opt/venv/bin/pip install --no-cache-dir       google-cloud-storage google-cloud-pubsub google-cloud-firestore google-cloud-datastore google-cloud-secret-manager       "psycopg[binary]" redis requests PyJWT cryptography jsonschema pyyaml pytest
#30 CACHED

#31 [main agent 3/3] WORKDIR /workspace
#31 CACHED

#32 [main] exporting to image
#32 exporting layers done
#32 writing image sha256:9bedab83569542a575468bcc3fb7910d419b91b0b72290b85e3fedcd4fb20cc2 done
#32 naming to docker.io/library/mediapulse-ingest__bed7gs7__env-main done
#32 DONE 0.0s

#33 [main] resolving provenance for metadata file
#33 DONE 0.0s

#19 [runtime-setup build 10/10] RUN --mount=type=cache,target=/usr/local/cargo/registry,sharing=locked     --mount=type=cache,target=/usr/local/cargo/git,sharing=locked     --mount=type=cache,target=/build/target,sharing=locked     cargo build --jobs 1 --release --workspace --bins     && mkdir -p /out     && cp target/release/api /out/api     && cp target/release/projector /out/projector     && cp target/release/outbox-relay /out/outbox-relay     && cp target/release/audit-archiver /out/audit-archiver
#19 0.830    Compiling cc v1.2.67
#19 1.991    Compiling tokio v1.47.0
#19 8.538    Compiling ring v0.17.14
#19 8.872    Compiling subtle v2.6.1
#19 14.40    Compiling slab v0.4.12
#19 14.58    Compiling futures-util v0.3.32
#19 21.80    Compiling rustls-webpki v0.103.13
#19 25.44    Compiling rustls v0.23.42
#19 42.44    Compiling getrandom v0.3.4
#19 44.50    Compiling digest v0.10.7
#19 44.67    Compiling hyper v1.10.1
#19 48.84    Compiling num-integer v0.1.46
#19 49.19    Compiling hyper-util v0.1.20
#19 52.90    Compiling num-bigint v0.4.8
#19 63.28    Compiling uuid v1.17.0
#19 63.94    Compiling tower v0.5.3
#19 64.30    Compiling tokio-rustls v0.26.4
#19 64.49    Compiling regex-syntax v0.8.11
#19 69.79    Compiling time v0.3.44
#19 72.20    Compiling sqlx-core v0.8.6
#19 74.84    Compiling regex-automata v0.4.16
#19 79.07    Compiling tokio-util v0.7.18
#19 79.87    Compiling fastrand v2.4.1
#19 79.95    Compiling sqlx-postgres v0.8.6
#19 84.81    Compiling backon v1.6.0
#19 85.02    Compiling tower-http v0.6.6
#19 86.13    Compiling sha2 v0.10.9
#19 86.84    Compiling combine v4.6.7
#19 90.57    Compiling regex v1.13.1
#19 91.45    Compiling simple_asn1 v0.6.3
#19 92.82    Compiling hyper-rustls v0.27.9
#19 93.22    Compiling hmac v0.12.1
#19 93.28    Compiling tokio-stream v0.1.18
#19 93.79    Compiling axum v0.8.4
#19 97.72    Compiling sqlx-macros-core v0.8.6
#19 98.93    Compiling redis v0.32.2
#19 114.9    Compiling tracing-subscriber v0.3.19
#19 119.0    Compiling jsonwebtoken v9.3.1
#19 121.2    Compiling hkdf v0.12.4
#19 121.3    Compiling reqwest v0.12.22
#19 129.1    Compiling md-5 v0.10.6
#19 146.2    Compiling cinderroute v1.0.0 (/build/library)
#19 148.6    Compiling sqlx-macros v0.8.6
#19 150.3    Compiling sqlx v0.8.6
#19 150.4    Compiling cinderroute-audit-archiver v1.0.0 (/build/audit-archiver)
#19 150.6 error[E0432]: unresolved import `lambda_runtime`
#19 150.6  --> audit-archiver/src/batch.rs:1:5
#19 150.6   |
#19 150.6 1 | use lambda_runtime::Error as LambdaError;
#19 150.6   |     ^^^^^^^^^^^^^^ use of unresolved module or unlinked crate `lambda_runtime`
#19 150.6   |
#19 150.6   = help: if you wanted to use a crate named `lambda_runtime`, use `cargo add lambda_runtime` to add it to your `Cargo.toml`
#19 150.6 
#19 150.7 For more information about this error, try `rustc --explain E0432`.
#19 150.7 error: could not compile `cinderroute-audit-archiver` (bin "audit-archiver") due to 1 previous error
#19 ERROR: process "/bin/sh -c cargo build --jobs 1 --release --workspace --bins     && mkdir -p /out     && cp target/release/api /out/api     && cp target/release/projector /out/projector     && cp target/release/outbox-relay /out/outbox-relay     && cp target/release/audit-archiver /out/audit-archiver" did not complete successfully: exit code: 101
------
 > [runtime-setup build 10/10] RUN --mount=type=cache,target=/usr/local/cargo/registry,sharing=locked     --mount=type=cache,target=/usr/local/cargo/git,sharing=locked     --mount=type=cache,target=/build/target,sharing=locked     cargo build --jobs 1 --release --workspace --bins     && mkdir -p /out     && cp target/release/api /out/api     && cp target/release/projector /out/projector     && cp target/release/outbox-relay /out/outbox-relay     && cp target/release/audit-archiver /out/audit-archiver:
150.6 error[E0432]: unresolved import `lambda_runtime`
150.6  --> audit-archiver/src/batch.rs:1:5
150.6   |
150.6 1 | use lambda_runtime::Error as LambdaError;
150.6   |     ^^^^^^^^^^^^^^ use of unresolved module or unlinked crate `lambda_runtime`
150.6   |
150.6   = help: if you wanted to use a crate named `lambda_runtime`, use `cargo add lambda_runtime` to add it to your `Cargo.toml`
150.6 
150.7 For more information about this error, try `rustc --explain E0432`.
150.7 error: could not compile `cinderroute-audit-archiver` (bin "audit-archiver") due to 1 previous error
------
Dockerfile:15

--------------------

  14 |     

  15 | >>> RUN --mount=type=cache,target=/usr/local/cargo/registry,sharing=locked \

  16 | >>>     --mount=type=cache,target=/usr/local/cargo/git,sharing=locked \

  17 | >>>     --mount=type=cache,target=/build/target,sharing=locked \

  18 | >>>     cargo build --jobs 1 --release --workspace --bins \

  19 | >>>     && mkdir -p /out \

  20 | >>>     && cp target/release/api /out/api \

  21 | >>>     && cp target/release/projector /out/projector \

  22 | >>>     && cp target/release/outbox-relay /out/outbox-relay \

  23 | >>>     && cp target/release/audit-archiver /out/audit-archiver

  24 |     

--------------------

target runtime-setup: failed to solve: process "/bin/sh -c cargo build --jobs 1 --release --workspace --bins     && mkdir -p /out     && cp target/release/api /out/api     && cp target/release/projector /out/projector     && cp target/release/outbox-relay /out/outbox-relay     && cp target/release/audit-archiver /out/audit-archiver" did not complete successfully: exit code: 101

. Stderr: None. 

During handling of the above exception, another exception occurred:

Traceback (most recent call last):
  File "/Users/azeez/.local/share/uv/tools/realm-verifier/lib/python3.14/site-packages/harbor/trial/artifact_handler.py", line 330, in _download_artifact
    await source_env.service_download_file(
    ...<3 lines>...
    )
  File "/Users/azeez/.local/share/uv/tools/realm-verifier/lib/python3.14/site-packages/harbor/environments/docker/docker.py", line 1052, in service_download_file
    await self.download_file(source_path, target_path)
  File "/Users/azeez/.local/share/uv/tools/realm-verifier/lib/python3.14/site-packages/harbor/environments/docker/docker.py", line 1037, in download_file
    await self._platform.download_file(source_path, target_path)
  File "/Users/azeez/.local/share/uv/tools/realm-verifier/lib/python3.14/site-packages/harbor/environments/docker/docker_unix.py", line 185, in download_file
    await self._env._run_docker_compose_command(
    ...<2 lines>...
    )
  File "/Users/azeez/.local/share/uv/tools/realm-verifier/lib/python3.14/site-packages/harbor/environments/docker/docker.py", line 656, in _run_docker_compose_command
    raise RuntimeError(
    ...<5 lines>...
    )
RuntimeError: Docker compose command failed for environment mediapulse-ingest. Command: docker compose --project-name mediapulse-ingest__bed7gs7__env --project-directory /Users/azeez/Azeez/microai/mediapulse-ingest/environment -f /private/var/folders/cx/31vj2yzs6xv5qzw7hx0tvjp40000gn/T/tmprjn36hp8/mediapulse-ingest__BEd7GS7__env-docker-compose-resources.json -f /Users/azeez/.local/share/uv/tools/realm-verifier/lib/python3.14/site-packages/harbor/environments/docker/docker-compose-build.yaml -f /Users/azeez/Azeez/microai/mediapulse-ingest/environment/docker-compose.yaml -f /private/var/folders/cx/31vj2yzs6xv5qzw7hx0tvjp40000gn/T/tmprd63scot/docker-compose-environment.json -f /private/var/folders/cx/31vj2yzs6xv5qzw7hx0tvjp40000gn/T/tmpqak30i89/docker-compose-mounts.json cp main:/workspace/submission /Users/azeez/Azeez/microai/mediapulse-ingest/jobs/rv-20260923T202747Z-0514a2/mediapulse-ingest__BEd7GS7/artifacts/submission. Return code: 1. Stdout: no container found for service "main"
. Stderr: None. 
Failed to download artifact '/workspace/evidence' from service 'main' (best-effort)
Traceback (most recent call last):
  File "/Users/azeez/.local/share/uv/tools/realm-verifier/lib/python3.14/site-packages/harbor/trial/trial.py", line 351, in run
    await self._prepare()
  File "/Users/azeez/.local/share/uv/tools/realm-verifier/lib/python3.14/site-packages/harbor/trial/trial.py", line 385, in _prepare
    await self._setup_agent_environment()
  File "/Users/azeez/.local/share/uv/tools/realm-verifier/lib/python3.14/site-packages/harbor/trial/trial.py", line 1148, in _setup_agent_environment
    await self._start_agent_environment()
  File "/Users/azeez/.local/share/uv/tools/realm-verifier/lib/python3.14/site-packages/harbor/trial/trial.py", line 1154, in _start_agent_environment
    await asyncio.wait_for(
    ...<4 lines>...
    )
  File "/opt/homebrew/Cellar/python@3.14/3.14.2_1/Frameworks/Python.framework/Versions/3.14/lib/python3.14/asyncio/tasks.py", line 488, in wait_for
    return await fut
           ^^^^^^^^^
  File "/Users/azeez/.local/share/uv/tools/realm-verifier/lib/python3.14/site-packages/harbor/environments/docker/docker.py", line 891, in start
    await self._run_docker_compose_command(["build"])
  File "/Users/azeez/.local/share/uv/tools/realm-verifier/lib/python3.14/site-packages/harbor/environments/docker/docker.py", line 656, in _run_docker_compose_command
    raise RuntimeError(
    ...<5 lines>...
    )
RuntimeError: Docker compose command failed for environment mediapulse-ingest. Command: docker compose --project-name mediapulse-ingest__bed7gs7__env --project-directory /Users/azeez/Azeez/microai/mediapulse-ingest/environment -f /private/var/folders/cx/31vj2yzs6xv5qzw7hx0tvjp40000gn/T/tmprjn36hp8/mediapulse-ingest__BEd7GS7__env-docker-compose-resources.json -f /Users/azeez/.local/share/uv/tools/realm-verifier/lib/python3.14/site-packages/harbor/environments/docker/docker-compose-build.yaml -f /Users/azeez/Azeez/microai/mediapulse-ingest/environment/docker-compose.yaml -f /private/var/folders/cx/31vj2yzs6xv5qzw7hx0tvjp40000gn/T/tmprd63scot/docker-compose-environment.json -f /private/var/folders/cx/31vj2yzs6xv5qzw7hx0tvjp40000gn/T/tmpqak30i89/docker-compose-mounts.json build. Return code: 1. Stdout:  Image mediapulse-ingest__bed7gs7__env-main Building 
 Image mediapulse-ingest__bed7gs7__env-runtime-setup Building 
#1 [internal] load local bake definitions
#1 reading from stdin 1.21kB done
#1 DONE 0.0s

#2 [runtime-setup internal] load build definition from Dockerfile
#2 transferring dockerfile: 1.22kB done
#2 DONE 0.0s

#3 [main internal] load build definition from Dockerfile
#3 transferring dockerfile: 4.61kB done
#3 WARN: FromPlatformFlagConstDisallowed: FROM --platform flag should not use constant value "linux/amd64" (line 1)
#3 DONE 0.0s

#4 [runtime-setup internal] load metadata for mirror.gcr.io/library/docker:27.5.1-cli@sha256:851f91d241214e7c6db86513b270d58776379aacc5eb9c4a87e5b47115e3065c
#4 DONE 0.0s

#5 [main internal] load metadata for mirror.gcr.io/library/node:24-bookworm-slim@sha256:6f7b03f7c2c8e2e784dcf9295400527b9b1270fd37b7e9a7285cf83b6951452d
#5 ...

#6 [runtime-setup internal] load metadata for mirror.gcr.io/library/rust:1.88.0-bookworm@sha256:af306cfa71d987911a781c37b59d7d67d934f49684058f96cf72079c3626bfe0
#6 DONE 0.2s

#7 [runtime-setup internal] load .dockerignore
#7 transferring context: 94B done
#7 DONE 0.0s

#8 [runtime-setup build  1/10] FROM mirror.gcr.io/library/rust:1.88.0-bookworm@sha256:af306cfa71d987911a781c37b59d7d67d934f49684058f96cf72079c3626bfe0
#8 DONE 0.0s

#9 [runtime-setup runtime-setup 1/4] FROM mirror.gcr.io/library/docker:27.5.1-cli@sha256:851f91d241214e7c6db86513b270d58776379aacc5eb9c4a87e5b47115e3065c
#9 DONE 0.0s

#10 [runtime-setup internal] load build context
#10 transferring context: 2.44kB done
#10 DONE 0.0s

#11 [runtime-setup build  4/10] COPY Cargo.toml Cargo.lock ./
#11 CACHED

#12 [runtime-setup build  3/10] WORKDIR /build
#12 CACHED

#13 [runtime-setup build  7/10] COPY projector ./projector
#13 CACHED

#14 [runtime-setup build  8/10] COPY outbox-relay ./outbox-relay
#14 CACHED

#15 [runtime-setup build  2/10] RUN apt-get update     && apt-get install --yes --no-install-recommends clang cmake make perl pkg-config     && rm -rf /var/lib/apt/lists/*
#15 CACHED

#16 [runtime-setup build  5/10] COPY library ./library
#16 CACHED

#17 [runtime-setup build  6/10] COPY api ./api
#17 CACHED

#18 [runtime-setup build  9/10] COPY audit-archiver ./audit-archiver
#18 CACHED

#5 [main internal] load metadata for mirror.gcr.io/library/node:24-bookworm-slim@sha256:6f7b03f7c2c8e2e784dcf9295400527b9b1270fd37b7e9a7285cf83b6951452d
#5 DONE 0.4s

#19 [runtime-setup build 10/10] RUN --mount=type=cache,target=/usr/local/cargo/registry,sharing=locked     --mount=type=cache,target=/usr/local/cargo/git,sharing=locked     --mount=type=cache,target=/build/target,sharing=locked     cargo build --jobs 1 --release --workspace --bins     && mkdir -p /out     && cp target/release/api /out/api     && cp target/release/projector /out/projector     && cp target/release/outbox-relay /out/outbox-relay     && cp target/release/audit-archiver /out/audit-archiver
#19 ...

#20 [main internal] load .dockerignore
#20 transferring context: 2B done
#20 DONE 0.0s

#21 [main toolchain 1/7] FROM mirror.gcr.io/library/node:24-bookworm-slim@sha256:6f7b03f7c2c8e2e784dcf9295400527b9b1270fd37b7e9a7285cf83b6951452d
#21 DONE 0.0s

#22 [main internal] load build context
#22 transferring context: 1.16kB done
#22 DONE 0.0s

#23 [main toolchain 7/7] RUN mkdir -p /opt/terraform-plugin-cache /tmp/provider-seed  && printf '%s\n'       'terraform {'       '  required_providers {'       '    google = {'       '      source = "hashicorp/google"'       "      version = ">=5.0.0""       '    }'       '    google-beta = {'       '      source = "hashicorp/google-beta"'       "      version = ">=5.0.0""       '    }'       '  }'       '}' > /tmp/provider-seed/main.tf  && terraform -chdir=/tmp/provider-seed init -backend=false -input=false  && rm -rf /tmp/provider-seed  && printf '%s\n'       'plugin_cache_dir = "/opt/terraform-plugin-cache"'       'disable_checkpoint = true' > /etc/terraformrc  && printf '%s\n'       'disable_checkpoint = true'       'provider_installation {'       '  filesystem_mirror {'       '    path    = "/opt/terraform-plugin-cache"'       '    include = ["registry.terraform.io/hashicorp/google", "registry.terraform.io/hashicorp/google-beta"]'       '  }'       '  direct {'       '    exclude = ["registry.terraform.io/hashicorp/google", "registry.terraform.io/hashicorp/google-beta"]'       '  }'       '}' > /etc/terraformrc.offline
#23 CACHED

#24 [main agent 2/3] RUN groupadd --gid 10001 agent  && useradd --uid 10001 --gid 10001 --create-home --shell /bin/bash agent  && mkdir -p /workspace/submission /workspace/evidence /workspace/config /artifacts  && chown -R agent:agent /workspace/submission /workspace/evidence /artifacts /home/agent  && chmod 0755 /workspace /workspace/config  && chmod -R a+rX /opt/terraform-plugin-cache
#24 CACHED

#25 [main agent 1/3] COPY workspace/ /workspace/
#25 CACHED

#26 [main toolchain 6/7] RUN curl -fsSLo "/tmp/tofu_1.12.4_linux_amd64.zip"       "https://github.com/opentofu/opentofu/releases/download/v1.12.4/tofu_1.12.4_linux_amd64.zip"  && curl -fsSLo /tmp/tofu_SHA256SUMS       "https://github.com/opentofu/opentofu/releases/download/v1.12.4/tofu_1.12.4_SHA256SUMS"  && cd /tmp  && grep "tofu_1.12.4_linux_amd64.zip" tofu_SHA256SUMS | sha256sum -c -  && unzip -q "tofu_1.12.4_linux_amd64.zip" -d /usr/local/bin  && rm -f "/tmp/tofu_1.12.4_linux_amd64.zip" /tmp/tofu_SHA256SUMS
#26 CACHED

#27 [main toolchain 5/7] RUN curl -fsSLo "/tmp/terraform_1.15.8_linux_amd64.zip"       "https://releases.hashicorp.com/terraform/1.15.8/terraform_1.15.8_linux_amd64.zip"  && curl -fsSLo /tmp/terraform_SHA256SUMS       "https://releases.hashicorp.com/terraform/1.15.8/terraform_1.15.8_SHA256SUMS"  && cd /tmp  && grep "terraform_1.15.8_linux_amd64.zip" terraform_SHA256SUMS | sha256sum -c -  && unzip -q "terraform_1.15.8_linux_amd64.zip" -d /usr/local/bin  && rm -f "/tmp/terraform_1.15.8_linux_amd64.zip" /tmp/terraform_SHA256SUMS
#27 CACHED

#28 [main toolchain 2/7] RUN apt-get update  && apt-get install -y --no-install-recommends       bash ca-certificates curl wget unzip xz-utils       git patch jq ripgrep fd-find less file vim procps psmisc util-linux       python3 python3-venv python3-pip       postgresql-client redis-tools netcat-openbsd dnsutils  && rm -rf /var/lib/apt/lists/*  && ln -sf /usr/bin/fdfind /usr/local/bin/fd
#28 CACHED

#29 [main toolchain 3/7] RUN npm install -g opencode-ai@1.17.8
#29 CACHED

#30 [main toolchain 4/7] RUN python3 -m venv /opt/venv  && /opt/venv/bin/pip install --no-cache-dir       google-cloud-storage google-cloud-pubsub google-cloud-firestore google-cloud-datastore google-cloud-secret-manager       "psycopg[binary]" redis requests PyJWT cryptography jsonschema pyyaml pytest
#30 CACHED

#31 [main agent 3/3] WORKDIR /workspace
#31 CACHED

#32 [main] exporting to image
#32 exporting layers done
#32 writing image sha256:9bedab83569542a575468bcc3fb7910d419b91b0b72290b85e3fedcd4fb20cc2 done
#32 naming to docker.io/library/mediapulse-ingest__bed7gs7__env-main done
#32 DONE 0.0s

#33 [main] resolving provenance for metadata file
#33 DONE 0.0s

#19 [runtime-setup build 10/10] RUN --mount=type=cache,target=/usr/local/cargo/registry,sharing=locked     --mount=type=cache,target=/usr/local/cargo/git,sharing=locked     --mount=type=cache,target=/build/target,sharing=locked     cargo build --jobs 1 --release --workspace --bins     && mkdir -p /out     && cp target/release/api /out/api     && cp target/release/projector /out/projector     && cp target/release/outbox-relay /out/outbox-relay     && cp target/release/audit-archiver /out/audit-archiver
#19 0.830    Compiling cc v1.2.67
#19 1.991    Compiling tokio v1.47.0
#19 8.538    Compiling ring v0.17.14
#19 8.872    Compiling subtle v2.6.1
#19 14.40    Compiling slab v0.4.12
#19 14.58    Compiling futures-util v0.3.32
#19 21.80    Compiling rustls-webpki v0.103.13
#19 25.44    Compiling rustls v0.23.42
#19 42.44    Compiling getrandom v0.3.4
#19 44.50    Compiling digest v0.10.7
#19 44.67    Compiling hyper v1.10.1
#19 48.84    Compiling num-integer v0.1.46
#19 49.19    Compiling hyper-util v0.1.20
#19 52.90    Compiling num-bigint v0.4.8
#19 63.28    Compiling uuid v1.17.0
#19 63.94    Compiling tower v0.5.3
#19 64.30    Compiling tokio-rustls v0.26.4
#19 64.49    Compiling regex-syntax v0.8.11
#19 69.79    Compiling time v0.3.44
#19 72.20    Compiling sqlx-core v0.8.6
#19 74.84    Compiling regex-automata v0.4.16
#19 79.07    Compiling tokio-util v0.7.18
#19 79.87    Compiling fastrand v2.4.1
#19 79.95    Compiling sqlx-postgres v0.8.6
#19 84.81    Compiling backon v1.6.0
#19 85.02    Compiling tower-http v0.6.6
#19 86.13    Compiling sha2 v0.10.9
#19 86.84    Compiling combine v4.6.7
#19 90.57    Compiling regex v1.13.1
#19 91.45    Compiling simple_asn1 v0.6.3
#19 92.82    Compiling hyper-rustls v0.27.9
#19 93.22    Compiling hmac v0.12.1
#19 93.28    Compiling tokio-stream v0.1.18
#19 93.79    Compiling axum v0.8.4
#19 97.72    Compiling sqlx-macros-core v0.8.6
#19 98.93    Compiling redis v0.32.2
#19 114.9    Compiling tracing-subscriber v0.3.19
#19 119.0    Compiling jsonwebtoken v9.3.1
#19 121.2    Compiling hkdf v0.12.4
#19 121.3    Compiling reqwest v0.12.22
#19 129.1    Compiling md-5 v0.10.6
#19 146.2    Compiling cinderroute v1.0.0 (/build/library)
#19 148.6    Compiling sqlx-macros v0.8.6
#19 150.3    Compiling sqlx v0.8.6
#19 150.4    Compiling cinderroute-audit-archiver v1.0.0 (/build/audit-archiver)
#19 150.6 error[E0432]: unresolved import `lambda_runtime`
#19 150.6  --> audit-archiver/src/batch.rs:1:5
#19 150.6   |
#19 150.6 1 | use lambda_runtime::Error as LambdaError;
#19 150.6   |     ^^^^^^^^^^^^^^ use of unresolved module or unlinked crate `lambda_runtime`
#19 150.6   |
#19 150.6   = help: if you wanted to use a crate named `lambda_runtime`, use `cargo add lambda_runtime` to add it to your `Cargo.toml`
#19 150.6 
#19 150.7 For more information about this error, try `rustc --explain E0432`.
#19 150.7 error: could not compile `cinderroute-audit-archiver` (bin "audit-archiver") due to 1 previous error
#19 ERROR: process "/bin/sh -c cargo build --jobs 1 --release --workspace --bins     && mkdir -p /out     && cp target/release/api /out/api     && cp target/release/projector /out/projector     && cp target/release/outbox-relay /out/outbox-relay     && cp target/release/audit-archiver /out/audit-archiver" did not complete successfully: exit code: 101
------
 > [runtime-setup build 10/10] RUN --mount=type=cache,target=/usr/local/cargo/registry,sharing=locked     --mount=type=cache,target=/usr/local/cargo/git,sharing=locked     --mount=type=cache,target=/build/target,sharing=locked     cargo build --jobs 1 --release --workspace --bins     && mkdir -p /out     && cp target/release/api /out/api     && cp target/release/projector /out/projector     && cp target/release/outbox-relay /out/outbox-relay     && cp target/release/audit-archiver /out/audit-archiver:
150.6 error[E0432]: unresolved import `lambda_runtime`
150.6  --> audit-archiver/src/batch.rs:1:5
150.6   |
150.6 1 | use lambda_runtime::Error as LambdaError;
150.6   |     ^^^^^^^^^^^^^^ use of unresolved module or unlinked crate `lambda_runtime`
150.6   |
150.6   = help: if you wanted to use a crate named `lambda_runtime`, use `cargo add lambda_runtime` to add it to your `Cargo.toml`
150.6 
150.7 For more information about this error, try `rustc --explain E0432`.
150.7 error: could not compile `cinderroute-audit-archiver` (bin "audit-archiver") due to 1 previous error
------
Dockerfile:15

--------------------

  14 |     

  15 | >>> RUN --mount=type=cache,target=/usr/local/cargo/registry,sharing=locked \

  16 | >>>     --mount=type=cache,target=/usr/local/cargo/git,sharing=locked \

  17 | >>>     --mount=type=cache,target=/build/target,sharing=locked \

  18 | >>>     cargo build --jobs 1 --release --workspace --bins \

  19 | >>>     && mkdir -p /out \

  20 | >>>     && cp target/release/api /out/api \

  21 | >>>     && cp target/release/projector /out/projector \

  22 | >>>     && cp target/release/outbox-relay /out/outbox-relay \

  23 | >>>     && cp target/release/audit-archiver /out/audit-archiver

  24 |     

--------------------

target runtime-setup: failed to solve: process "/bin/sh -c cargo build --jobs 1 --release --workspace --bins     && mkdir -p /out     && cp target/release/api /out/api     && cp target/release/projector /out/projector     && cp target/release/outbox-relay /out/outbox-relay     && cp target/release/audit-archiver /out/audit-archiver" did not complete successfully: exit code: 101

. Stderr: None. 

During handling of the above exception, another exception occurred:

Traceback (most recent call last):
  File "/Users/azeez/.local/share/uv/tools/realm-verifier/lib/python3.14/site-packages/harbor/trial/artifact_handler.py", line 330, in _download_artifact
    await source_env.service_download_file(
    ...<3 lines>...
    )
  File "/Users/azeez/.local/share/uv/tools/realm-verifier/lib/python3.14/site-packages/harbor/environments/docker/docker.py", line 1052, in service_download_file
    await self.download_file(source_path, target_path)
  File "/Users/azeez/.local/share/uv/tools/realm-verifier/lib/python3.14/site-packages/harbor/environments/docker/docker.py", line 1037, in download_file
    await self._platform.download_file(source_path, target_path)
  File "/Users/azeez/.local/share/uv/tools/realm-verifier/lib/python3.14/site-packages/harbor/environments/docker/docker_unix.py", line 185, in download_file
    await self._env._run_docker_compose_command(
    ...<2 lines>...
    )
  File "/Users/azeez/.local/share/uv/tools/realm-verifier/lib/python3.14/site-packages/harbor/environments/docker/docker.py", line 656, in _run_docker_compose_command
    raise RuntimeError(
    ...<5 lines>...
    )
RuntimeError: Docker compose command failed for environment mediapulse-ingest. Command: docker compose --project-name mediapulse-ingest__bed7gs7__env --project-directory /Users/azeez/Azeez/microai/mediapulse-ingest/environment -f /private/var/folders/cx/31vj2yzs6xv5qzw7hx0tvjp40000gn/T/tmprjn36hp8/mediapulse-ingest__BEd7GS7__env-docker-compose-resources.json -f /Users/azeez/.local/share/uv/tools/realm-verifier/lib/python3.14/site-packages/harbor/environments/docker/docker-compose-build.yaml -f /Users/azeez/Azeez/microai/mediapulse-ingest/environment/docker-compose.yaml -f /private/var/folders/cx/31vj2yzs6xv5qzw7hx0tvjp40000gn/T/tmprd63scot/docker-compose-environment.json -f /private/var/folders/cx/31vj2yzs6xv5qzw7hx0tvjp40000gn/T/tmpqak30i89/docker-compose-mounts.json cp main:/workspace/evidence /Users/azeez/Azeez/microai/mediapulse-ingest/jobs/rv-20260923T202747Z-0514a2/mediapulse-ingest__BEd7GS7/artifacts/evidence. Return code: 1. Stdout: no container found for service "main"
. Stderr: None. 
