Initializing the backend...

Initializing provider plugins...
- Finding hashicorp/google-beta versions matching ">= 5.0.0"...
- Finding hashicorp/google versions matching ">= 5.0.0"...
- Installing hashicorp/google-beta v8.4.0...
- Installed hashicorp/google-beta v8.4.0 (unauthenticated)
- Installing hashicorp/google v8.4.0...
- Installed hashicorp/google v8.4.0 (unauthenticated)

Terraform has created a lock file .terraform.lock.hcl to record the provider
selections it made above. Include this file in your version control repository
so that Terraform can guarantee to make the same selections by default when
you run "terraform init" in the future.


Warning: Incomplete lock file information for providers

Due to your customized provider installation methods, Terraform was forced to
calculate lock file checksums locally for the following providers:
  - hashicorp/google
  - hashicorp/google-beta

The current .terraform.lock.hcl file only includes checksums for linux_amd64,
so Terraform running on another platform will fail to install these
providers.

To calculate additional checksums for another platform, run:
  terraform providers lock -platform=linux_amd64
(where linux_amd64 is the platform to generate)
Terraform has been successfully initialized!
google_logging_project_bucket_config.processor: Refreshing state... [id=projects/mp-ver-eca48fd4/locations/us-west1/buckets/mp-83ebe1706afb-processor-logs]
google_compute_global_address.api_ip: Refreshing state... [id=projects/mp-ver-eca48fd4/global/addresses/mp-83ebe1706afb-api-lb-ip]
google_secret_manager_secret.db_credentials: Refreshing state... [id=projects/mp-ver-eca48fd4/secrets/mp-83ebe1706afb-db-credentials]
google_service_account.client_write: Refreshing state... [id=projects/mp-ver-eca48fd4/serviceAccounts/mp-83ebe1706afb-client-write@mp-ver-eca48fd4.iam.gserviceaccount.com]
google_cloud_tasks_queue.projection_rebuild: Refreshing state... [id=projects/mp-ver-eca48fd4/locations/us-west1/queues/mp-83ebe1706afb-projection-rebuild-q]
google_service_account.client_read: Refreshing state... [id=projects/mp-ver-eca48fd4/serviceAccounts/mp-83ebe1706afb-client-read@mp-ver-eca48fd4.iam.gserviceaccount.com]
google_service_account.scheduler: Refreshing state... [id=projects/mp-ver-eca48fd4/serviceAccounts/mp-83ebe1706afb-scheduler-sa@mp-ver-eca48fd4.iam.gserviceaccount.com]
google_service_account.relay: Refreshing state... [id=projects/mp-ver-eca48fd4/serviceAccounts/mp-83ebe1706afb-relay-sa@mp-ver-eca48fd4.iam.gserviceaccount.com]
google_compute_network.ingest: Refreshing state... [id=projects/mp-ver-eca48fd4/global/networks/mp-83ebe1706afb-vpc]
google_kms_key_ring.mediapulse: Refreshing state... [id=projects/mp-ver-eca48fd4/locations/us-west1/keyRings/mp-83ebe1706afb-keyring]
google_service_account.pubsub_invoker: Refreshing state... [id=projects/mp-ver-eca48fd4/serviceAccounts/mp-83ebe1706afb-pubsub-push-sa@mp-ver-eca48fd4.iam.gserviceaccount.com]
google_logging_project_bucket_config.relay: Refreshing state... [id=projects/mp-ver-eca48fd4/locations/us-west1/buckets/mp-83ebe1706afb-relay-logs]
google_logging_project_bucket_config.archiver: Refreshing state... [id=projects/mp-ver-eca48fd4/locations/us-west1/buckets/mp-83ebe1706afb-archiver-logs]
google_service_account.client_admin: Refreshing state... [id=projects/mp-ver-eca48fd4/serviceAccounts/mp-83ebe1706afb-client-admin@mp-ver-eca48fd4.iam.gserviceaccount.com]
google_logging_project_bucket_config.api: Refreshing state... [id=projects/mp-ver-eca48fd4/locations/us-west1/buckets/mp-83ebe1706afb-api-logs]
google_service_account.api: Refreshing state... [id=projects/mp-ver-eca48fd4/serviceAccounts/mp-83ebe1706afb-api-sa@mp-ver-eca48fd4.iam.gserviceaccount.com]
google_service_account.archiver: Refreshing state... [id=projects/mp-ver-eca48fd4/serviceAccounts/mp-83ebe1706afb-archiver-sa@mp-ver-eca48fd4.iam.gserviceaccount.com]
google_service_account.processor: Refreshing state... [id=projects/mp-ver-eca48fd4/serviceAccounts/mp-83ebe1706afb-processor-sa@mp-ver-eca48fd4.iam.gserviceaccount.com]
google_monitoring_notification_channel.ops_email: Refreshing state... [id=projects/mp-ver-eca48fd4/notificationChannels/notificationChannel-3ce09909]
google_project_iam_member.relay_cloudsql_client: Refreshing state... [id=mp-ver-eca48fd4/roles/cloudsql.client/serviceAccount:mp-83ebe1706afb-relay-sa@mp-ver-eca48fd4.iam.gserviceaccount.com]
google_service_account_key.client_read: Refreshing state... [id=projects/mp-ver-eca48fd4/serviceAccounts/mp-83ebe1706afb-client-read@mp-ver-eca48fd4.iam.gserviceaccount.com/keys/72bd49b75cde4f20]
google_compute_firewall.deny_external_ingress: Refreshing state... [id=projects/mp-ver-eca48fd4/global/firewalls/mp-83ebe1706afb-deny-external-ingress]
google_compute_firewall.allow_workloads_to_postgres: Refreshing state... [id=projects/mp-ver-eca48fd4/global/firewalls/mp-83ebe1706afb-allow-workloads-pg]
google_compute_firewall.allow_lb_to_api: Refreshing state... [id=projects/mp-ver-eca48fd4/global/firewalls/mp-83ebe1706afb-allow-lb-to-api]
google_compute_subnetwork.private: Refreshing state... [id=projects/mp-ver-eca48fd4/regions/us-west1/subnetworks/mp-83ebe1706afb-subnet-private]
google_compute_subnetwork.ingress: Refreshing state... [id=projects/mp-ver-eca48fd4/regions/us-west1/subnetworks/mp-83ebe1706afb-subnet-ingress]
google_service_account_key.client_admin: Refreshing state... [id=projects/mp-ver-eca48fd4/serviceAccounts/mp-83ebe1706afb-client-admin@mp-ver-eca48fd4.iam.gserviceaccount.com/keys/6e112d6ff4f045e1]
google_kms_crypto_key.audit: Refreshing state... [id=projects/mp-ver-eca48fd4/locations/us-west1/keyRings/mp-83ebe1706afb-keyring/cryptoKeys/mp-83ebe1706afb-audit-cmek]
google_kms_crypto_key.projection: Refreshing state... [id=projects/mp-ver-eca48fd4/locations/us-west1/keyRings/mp-83ebe1706afb-keyring/cryptoKeys/mp-83ebe1706afb-projection-cmek]
google_kms_crypto_key.messaging: Refreshing state... [id=projects/mp-ver-eca48fd4/locations/us-west1/keyRings/mp-83ebe1706afb-keyring/cryptoKeys/mp-83ebe1706afb-messaging-cmek]
google_kms_crypto_key.database: Refreshing state... [id=projects/mp-ver-eca48fd4/locations/us-west1/keyRings/mp-83ebe1706afb-keyring/cryptoKeys/mp-83ebe1706afb-database-cmek]
google_project_iam_member.archiver_cloudsql_client: Refreshing state... [id=mp-ver-eca48fd4/roles/cloudsql.client/serviceAccount:mp-83ebe1706afb-archiver-sa@mp-ver-eca48fd4.iam.gserviceaccount.com]
google_project_iam_member.api_datastore_viewer: Refreshing state... [id=mp-ver-eca48fd4/roles/datastore.viewer/serviceAccount:mp-83ebe1706afb-api-sa@mp-ver-eca48fd4.iam.gserviceaccount.com]
google_project_iam_member.api_cloudsql_client: Refreshing state... [id=mp-ver-eca48fd4/roles/cloudsql.client/serviceAccount:mp-83ebe1706afb-api-sa@mp-ver-eca48fd4.iam.gserviceaccount.com]
google_secret_manager_secret_iam_member.api_db_secret_accessor: Refreshing state... [id=projects/mp-ver-eca48fd4/secrets/mp-83ebe1706afb-db-credentials/roles/secretmanager.secretAccessor/serviceAccount:mp-83ebe1706afb-api-sa@mp-ver-eca48fd4.iam.gserviceaccount.com]
google_project_iam_member.processor_datastore_user: Refreshing state... [id=mp-ver-eca48fd4/roles/datastore.user/serviceAccount:mp-83ebe1706afb-processor-sa@mp-ver-eca48fd4.iam.gserviceaccount.com]
google_firestore_database.projections: Refreshing state... [id=projects/mp-ver-eca48fd4/databases/mp-83ebe1706afb-projections]
google_bigquery_dataset.audit_analytics: Refreshing state... [id=projects/mp-ver-eca48fd4/datasets/mp_83ebe1706afb_audit_analytics]
google_storage_bucket.audit: Refreshing state... [id=mp-83ebe1706afb-mp-ver-eca48fd4-audit]
google_pubsub_topic.dead_letters: Refreshing state... [id=projects/mp-ver-eca48fd4/topics/mp-83ebe1706afb-events-dlq]
google_sql_database_instance.events: Refreshing state... [id=mp-83ebe1706afb-events-pg]
google_pubsub_topic.events: Refreshing state... [id=projects/mp-ver-eca48fd4/topics/mp-83ebe1706afb-events]
google_bigquery_table.archived_events: Refreshing state... [id=projects/mp-ver-eca48fd4/datasets/mp_83ebe1706afb_audit_analytics/tables/archived_events]
google_firestore_index.media_cache: Refreshing state... [id=projects/mp-ver-eca48fd4/databases/mp-83ebe1706afb-projections/collectionGroups/MediaCache/indexes/idx-734f7b5d]
google_pubsub_subscription.dead_letters: Refreshing state... [id=projects/mp-ver-eca48fd4/subscriptions/mp-83ebe1706afb-events-dlq-sub]
google_pubsub_topic_iam_member.api_publish_events: Refreshing state... [id=projects/mp-ver-eca48fd4/topics/mp-83ebe1706afb-events/roles/pubsub.publisher/serviceAccount:mp-83ebe1706afb-api-sa@mp-ver-eca48fd4.iam.gserviceaccount.com]
google_pubsub_topic_iam_member.relay_publish_events: Refreshing state... [id=projects/mp-ver-eca48fd4/topics/mp-83ebe1706afb-events/roles/pubsub.publisher/serviceAccount:mp-83ebe1706afb-relay-sa@mp-ver-eca48fd4.iam.gserviceaccount.com]
google_cloudfunctions2_function.processor: Refreshing state... [id=projects/mp-ver-eca48fd4/locations/us-west1/functions/mp-83ebe1706afb-processor]
google_storage_bucket_iam_member.archiver_write_audit: Refreshing state... [id=b/mp-83ebe1706afb-mp-ver-eca48fd4-audit/roles/storage.objectAdmin/serviceAccount:mp-83ebe1706afb-archiver-sa@mp-ver-eca48fd4.iam.gserviceaccount.com]
google_sql_database.mediapulse: Refreshing state... [id=projects/mp-ver-eca48fd4/instances/mp-83ebe1706afb-events-pg/databases/mp_81b106]
google_sql_user.app: Refreshing state... [id=mp_user_5c093c/%/mp-83ebe1706afb-events-pg]
google_secret_manager_secret_version.db_credentials_v1: Refreshing state... [id=projects/mp-ver-eca48fd4/secrets/mp-83ebe1706afb-db-credentials/versions/1]
google_cloudfunctions2_function.archiver: Refreshing state... [id=projects/mp-ver-eca48fd4/locations/us-west1/functions/mp-83ebe1706afb-audit-archiver]
google_cloudfunctions2_function.relay: Refreshing state... [id=projects/mp-ver-eca48fd4/locations/us-west1/functions/mp-83ebe1706afb-outbox-relay]
google_pubsub_subscription.processor_push: Refreshing state... [id=projects/mp-ver-eca48fd4/subscriptions/mp-83ebe1706afb-events-processor-sub]
google_cloud_scheduler_job.relay: Refreshing state... [id=projects/mp-ver-eca48fd4/locations/us-west1/jobs/mp-83ebe1706afb-relay-schedule]
google_pubsub_subscription_iam_member.processor_consume_events: Refreshing state... [id=projects/mp-ver-eca48fd4/subscriptions/mp-83ebe1706afb-events-processor-sub/roles/pubsub.subscriber/serviceAccount:mp-83ebe1706afb-processor-sa@mp-ver-eca48fd4.iam.gserviceaccount.com]
google_cloud_scheduler_job.archiver: Refreshing state... [id=projects/mp-ver-eca48fd4/locations/us-west1/jobs/mp-83ebe1706afb-archiver-schedule]
google_identity_platform_tenant.mediapulse: Refreshing state... [id=projects/mp-ver-eca48fd4/tenants/tenant-2241a2cb]
google_service_account_key.client_write: Refreshing state... [id=projects/mp-ver-eca48fd4/serviceAccounts/mp-83ebe1706afb-client-write@mp-ver-eca48fd4.iam.gserviceaccount.com/keys/1ee965ed982e478d]
google_cloud_run_v2_service.api: Refreshing state... [id=projects/mp-ver-eca48fd4/locations/us-west1/services/mp-83ebe1706afb-api]
google_logging_project_sink.api: Refreshing state... [id=projects/mp-ver-eca48fd4/sinks/mp-83ebe1706afb-api-sink]
google_compute_region_network_endpoint_group.api_serverless_neg: Refreshing state... [id=projects/mp-ver-eca48fd4/regions/us-west1/networkEndpointGroups/mp-83ebe1706afb-api-neg]
google_compute_backend_service.api: Refreshing state... [id=projects/mp-ver-eca48fd4/global/backendServices/mp-83ebe1706afb-api-backend]
google_compute_url_map.api: Refreshing state... [id=projects/mp-ver-eca48fd4/global/urlMaps/mp-83ebe1706afb-api-urlmap]
google_compute_target_http_proxy.api: Refreshing state... [id=projects/mp-ver-eca48fd4/global/targetHttpProxies/mp-83ebe1706afb-api-http-proxy]
google_compute_global_forwarding_rule.http: Refreshing state... [id=projects/mp-ver-eca48fd4/global/forwardingRules/mp-83ebe1706afb-api-http-fwd]

Terraform used the selected providers to generate the following execution
plan. Resource actions are indicated with the following symbols:
  ~ update in-place

Terraform will perform the following actions:

  # google_bigquery_dataset.audit_analytics will be updated in-place
  ~ resource "google_bigquery_dataset" "audit_analytics" {
        id                              = "projects/mp-ver-eca48fd4/datasets/mp_83ebe1706afb_audit_analytics"
        # (20 unchanged attributes hidden)

      + default_encryption_configuration {
          + kms_key_name = "projects/mp-ver-eca48fd4/locations/us-west1/keyRings/mp-83ebe1706afb-keyring/cryptoKeys/mp-83ebe1706afb-audit-cmek"
        }
    }

  # google_cloud_scheduler_job.archiver will be updated in-place
  ~ resource "google_cloud_scheduler_job" "archiver" {
        id               = "projects/mp-ver-eca48fd4/locations/us-west1/jobs/mp-83ebe1706afb-archiver-schedule"
        name             = "mp-83ebe1706afb-archiver-schedule"
        # (9 unchanged attributes hidden)

      ~ http_target {
            # (4 unchanged attributes hidden)

          + oidc_token {
              + audience              = "https://us-west1-mp-ver-eca48fd4.cloudfunctions.net/mp-83ebe1706afb-audit-archiver"
              + service_account_email = "mp-83ebe1706afb-scheduler-sa@mp-ver-eca48fd4.iam.gserviceaccount.com"
            }
        }

        # (1 unchanged block hidden)
    }

  # google_cloud_scheduler_job.relay will be updated in-place
  ~ resource "google_cloud_scheduler_job" "relay" {
        id               = "projects/mp-ver-eca48fd4/locations/us-west1/jobs/mp-83ebe1706afb-relay-schedule"
        name             = "mp-83ebe1706afb-relay-schedule"
        # (9 unchanged attributes hidden)

      ~ http_target {
            # (4 unchanged attributes hidden)

          + oidc_token {
              + audience              = "https://us-west1-mp-ver-eca48fd4.cloudfunctions.net/mp-83ebe1706afb-outbox-relay"
              + service_account_email = "mp-83ebe1706afb-scheduler-sa@mp-ver-eca48fd4.iam.gserviceaccount.com"
            }
        }

        # (1 unchanged block hidden)
    }

  # google_kms_crypto_key.audit will be updated in-place
  ~ resource "google_kms_crypto_key" "audit" {
        id                            = "projects/mp-ver-eca48fd4/locations/us-west1/keyRings/mp-83ebe1706afb-keyring/cryptoKeys/mp-83ebe1706afb-audit-cmek"
        name                          = "mp-83ebe1706afb-audit-cmek"
      + rotation_period               = "7776000s"
        # (11 unchanged attributes hidden)

        # (1 unchanged block hidden)
    }

  # google_kms_crypto_key.database will be updated in-place
  ~ resource "google_kms_crypto_key" "database" {
        id                            = "projects/mp-ver-eca48fd4/locations/us-west1/keyRings/mp-83ebe1706afb-keyring/cryptoKeys/mp-83ebe1706afb-database-cmek"
        name                          = "mp-83ebe1706afb-database-cmek"
      + rotation_period               = "7776000s"
        # (11 unchanged attributes hidden)

        # (1 unchanged block hidden)
    }

  # google_kms_crypto_key.messaging will be updated in-place
  ~ resource "google_kms_crypto_key" "messaging" {
        id                            = "projects/mp-ver-eca48fd4/locations/us-west1/keyRings/mp-83ebe1706afb-keyring/cryptoKeys/mp-83ebe1706afb-messaging-cmek"
        name                          = "mp-83ebe1706afb-messaging-cmek"
      + rotation_period               = "7776000s"
        # (11 unchanged attributes hidden)

        # (1 unchanged block hidden)
    }

  # google_kms_crypto_key.projection will be updated in-place
  ~ resource "google_kms_crypto_key" "projection" {
        id                            = "projects/mp-ver-eca48fd4/locations/us-west1/keyRings/mp-83ebe1706afb-keyring/cryptoKeys/mp-83ebe1706afb-projection-cmek"
        name                          = "mp-83ebe1706afb-projection-cmek"
      + rotation_period               = "7776000s"
        # (11 unchanged attributes hidden)

        # (1 unchanged block hidden)
    }

  # google_pubsub_subscription.processor_push will be updated in-place
  ~ resource "google_pubsub_subscription" "processor_push" {
        id                           = "projects/mp-ver-eca48fd4/subscriptions/mp-83ebe1706afb-events-processor-sub"
        name                         = "mp-83ebe1706afb-events-processor-sub"
        # (12 unchanged attributes hidden)

      ~ push_config {
            # (2 unchanged attributes hidden)

          + oidc_token {
              + service_account_email = "mp-83ebe1706afb-pubsub-push-sa@mp-ver-eca48fd4.iam.gserviceaccount.com"
            }
        }

        # (2 unchanged blocks hidden)
    }

  # google_pubsub_topic.dead_letters will be updated in-place
  ~ resource "google_pubsub_topic" "dead_letters" {
        id                         = "projects/mp-ver-eca48fd4/topics/mp-83ebe1706afb-events-dlq"
      + kms_key_name               = "projects/mp-ver-eca48fd4/locations/us-west1/keyRings/mp-83ebe1706afb-keyring/cryptoKeys/mp-83ebe1706afb-messaging-cmek"
        name                       = "mp-83ebe1706afb-events-dlq"
        # (6 unchanged attributes hidden)
    }

  # google_pubsub_topic.events will be updated in-place
  ~ resource "google_pubsub_topic" "events" {
        id                         = "projects/mp-ver-eca48fd4/topics/mp-83ebe1706afb-events"
      + kms_key_name               = "projects/mp-ver-eca48fd4/locations/us-west1/keyRings/mp-83ebe1706afb-keyring/cryptoKeys/mp-83ebe1706afb-messaging-cmek"
        name                       = "mp-83ebe1706afb-events"
        # (6 unchanged attributes hidden)
    }

  # google_secret_manager_secret.db_credentials will be updated in-place
  ~ resource "google_secret_manager_secret" "db_credentials" {
      ~ effective_labels      = {
          + "data_role"             = "database-secret"
          + "deployment"            = "mp-83ebe1706afb"
          + "managed_by"            = "terraform"
          + "mediapulse_deployment" = "mp-83ebe1706afb"
          + "project"               = "mediapulse-ingest"
        }
        id                    = "projects/mp-ver-eca48fd4/secrets/mp-83ebe1706afb-db-credentials"
      ~ labels                = {
          + "data_role"             = "database-secret"
          + "deployment"            = "mp-83ebe1706afb"
          + "managed_by"            = "terraform"
          + "mediapulse_deployment" = "mp-83ebe1706afb"
          + "project"               = "mediapulse-ingest"
        }
        name                  = "projects/mp-ver-eca48fd4/secrets/mp-83ebe1706afb-db-credentials"
      ~ terraform_labels      = {
          + "data_role"             = "database-secret"
          + "deployment"            = "mp-83ebe1706afb"
          + "managed_by"            = "terraform"
          + "mediapulse_deployment" = "mp-83ebe1706afb"
          + "project"               = "mediapulse-ingest"
        }
        # (11 unchanged attributes hidden)

        # (1 unchanged block hidden)
    }

  # google_storage_bucket.audit will be updated in-place
  ~ resource "google_storage_bucket" "audit" {
        id                          = "mp-83ebe1706afb-mp-ver-eca48fd4-audit"
        name                        = "mp-83ebe1706afb-mp-ver-eca48fd4-audit"
      ~ uniform_bucket_level_access = false -> true
        # (17 unchanged attributes hidden)

      + encryption {
          + default_kms_key_name = "projects/mp-ver-eca48fd4/locations/us-west1/keyRings/mp-83ebe1706afb-keyring/cryptoKeys/mp-83ebe1706afb-audit-cmek"
        }

        # (2 unchanged blocks hidden)
    }

Plan: 0 to add, 12 to change, 0 to destroy.
google_kms_crypto_key.audit: Modifying... [id=projects/mp-ver-eca48fd4/locations/us-west1/keyRings/mp-83ebe1706afb-keyring/cryptoKeys/mp-83ebe1706afb-audit-cmek]
google_kms_crypto_key.database: Modifying... [id=projects/mp-ver-eca48fd4/locations/us-west1/keyRings/mp-83ebe1706afb-keyring/cryptoKeys/mp-83ebe1706afb-database-cmek]
google_secret_manager_secret.db_credentials: Modifying... [id=projects/mp-ver-eca48fd4/secrets/mp-83ebe1706afb-db-credentials]
google_kms_crypto_key.projection: Modifying... [id=projects/mp-ver-eca48fd4/locations/us-west1/keyRings/mp-83ebe1706afb-keyring/cryptoKeys/mp-83ebe1706afb-projection-cmek]
google_kms_crypto_key.messaging: Modifying... [id=projects/mp-ver-eca48fd4/locations/us-west1/keyRings/mp-83ebe1706afb-keyring/cryptoKeys/mp-83ebe1706afb-messaging-cmek]
google_secret_manager_secret.db_credentials: Modifications complete after 0s [id=projects/mp-ver-eca48fd4/secrets/mp-83ebe1706afb-db-credentials]
google_kms_crypto_key.projection: Modifications complete after 0s [id=projects/mp-ver-eca48fd4/locations/us-west1/keyRings/mp-83ebe1706afb-keyring/cryptoKeys/mp-83ebe1706afb-projection-cmek]
google_kms_crypto_key.messaging: Modifications complete after 0s [id=projects/mp-ver-eca48fd4/locations/us-west1/keyRings/mp-83ebe1706afb-keyring/cryptoKeys/mp-83ebe1706afb-messaging-cmek]
google_kms_crypto_key.database: Modifications complete after 0s [id=projects/mp-ver-eca48fd4/locations/us-west1/keyRings/mp-83ebe1706afb-keyring/cryptoKeys/mp-83ebe1706afb-database-cmek]
google_kms_crypto_key.audit: Modifications complete after 0s [id=projects/mp-ver-eca48fd4/locations/us-west1/keyRings/mp-83ebe1706afb-keyring/cryptoKeys/mp-83ebe1706afb-audit-cmek]
google_pubsub_topic.dead_letters: Modifying... [id=projects/mp-ver-eca48fd4/topics/mp-83ebe1706afb-events-dlq]
google_pubsub_topic.events: Modifying... [id=projects/mp-ver-eca48fd4/topics/mp-83ebe1706afb-events]
google_bigquery_dataset.audit_analytics: Modifying... [id=projects/mp-ver-eca48fd4/datasets/mp_83ebe1706afb_audit_analytics]
google_storage_bucket.audit: Modifying... [id=mp-83ebe1706afb-mp-ver-eca48fd4-audit]
google_pubsub_topic.events: Modifications complete after 0s [id=projects/mp-ver-eca48fd4/topics/mp-83ebe1706afb-events]
google_pubsub_topic.dead_letters: Modifications complete after 0s [id=projects/mp-ver-eca48fd4/topics/mp-83ebe1706afb-events-dlq]
google_bigquery_dataset.audit_analytics: Modifications complete after 0s [id=projects/mp-ver-eca48fd4/datasets/mp_83ebe1706afb_audit_analytics]
google_storage_bucket.audit: Modifications complete after 0s [id=mp-83ebe1706afb-mp-ver-eca48fd4-audit]
google_cloud_scheduler_job.relay: Modifying... [id=projects/mp-ver-eca48fd4/locations/us-west1/jobs/mp-83ebe1706afb-relay-schedule]
google_cloud_scheduler_job.archiver: Modifying... [id=projects/mp-ver-eca48fd4/locations/us-west1/jobs/mp-83ebe1706afb-archiver-schedule]
google_pubsub_subscription.processor_push: Modifying... [id=projects/mp-ver-eca48fd4/subscriptions/mp-83ebe1706afb-events-processor-sub]
google_cloud_scheduler_job.relay: Modifications complete after 0s [id=projects/mp-ver-eca48fd4/locations/us-west1/jobs/mp-83ebe1706afb-relay-schedule]
google_cloud_scheduler_job.archiver: Modifications complete after 0s [id=projects/mp-ver-eca48fd4/locations/us-west1/jobs/mp-83ebe1706afb-archiver-schedule]
google_pubsub_subscription.processor_push: Modifications complete after 0s [id=projects/mp-ver-eca48fd4/subscriptions/mp-83ebe1706afb-events-processor-sub]

Apply complete! Resources: 0 added, 12 changed, 0 destroyed.

Outputs:

cloud_run_service_name = "mp-83ebe1706afb-api"
load_balancer_url = "http://gcp"
manifest = <sensitive>
pubsub_topic_id = "projects/mp-ver-eca48fd4/topics/mp-83ebe1706afb-events"
MediaPulse Ingest is ready: http://gcp:4588
