google_service_account.archiver: Refreshing state... [id=projects/mp-ver-ef1459d4/serviceAccounts/mp-b0ddb0e3a749-archiver-sa@mp-ver-ef1459d4.iam.gserviceaccount.com]
google_service_account.client_read: Refreshing state... [id=projects/mp-ver-ef1459d4/serviceAccounts/mp-b0ddb0e3a749-client-read@mp-ver-ef1459d4.iam.gserviceaccount.com]
google_logging_project_bucket_config.relay: Refreshing state... [id=projects/mp-ver-ef1459d4/locations/us-west1/buckets/mp-b0ddb0e3a749-relay-logs]
google_logging_project_bucket_config.api: Refreshing state... [id=projects/mp-ver-ef1459d4/locations/us-west1/buckets/mp-b0ddb0e3a749-api-logs]
google_service_account.relay: Refreshing state... [id=projects/mp-ver-ef1459d4/serviceAccounts/mp-b0ddb0e3a749-relay-sa@mp-ver-ef1459d4.iam.gserviceaccount.com]
google_compute_network.ingest: Refreshing state... [id=projects/mp-ver-ef1459d4/global/networks/mp-b0ddb0e3a749-vpc]
google_secret_manager_secret.db_credentials: Refreshing state... [id=projects/mp-ver-ef1459d4/secrets/mp-b0ddb0e3a749-db-credentials]
google_service_account.scheduler: Refreshing state... [id=projects/mp-ver-ef1459d4/serviceAccounts/mp-b0ddb0e3a749-scheduler-sa@mp-ver-ef1459d4.iam.gserviceaccount.com]
google_kms_key_ring.mediapulse: Refreshing state... [id=projects/mp-ver-ef1459d4/locations/us-west1/keyRings/mp-b0ddb0e3a749-keyring]
google_compute_global_address.api_ip: Refreshing state... [id=projects/mp-ver-ef1459d4/global/addresses/mp-b0ddb0e3a749-api-lb-ip]
google_cloud_tasks_queue.projection_rebuild: Refreshing state... [id=projects/mp-ver-ef1459d4/locations/us-west1/queues/mp-b0ddb0e3a749-projection-rebuild-q]
google_logging_project_bucket_config.archiver: Refreshing state... [id=projects/mp-ver-ef1459d4/locations/us-west1/buckets/mp-b0ddb0e3a749-archiver-logs]
google_logging_project_bucket_config.processor: Refreshing state... [id=projects/mp-ver-ef1459d4/locations/us-west1/buckets/mp-b0ddb0e3a749-processor-logs]
google_service_account.client_write: Refreshing state... [id=projects/mp-ver-ef1459d4/serviceAccounts/mp-b0ddb0e3a749-client-write@mp-ver-ef1459d4.iam.gserviceaccount.com]
google_monitoring_notification_channel.ops_email: Refreshing state... [id=projects/mp-ver-ef1459d4/notificationChannels/notificationChannel-3dc01e71]
google_service_account.pubsub_invoker: Refreshing state... [id=projects/mp-ver-ef1459d4/serviceAccounts/mp-b0ddb0e3a749-pubsub-push-sa@mp-ver-ef1459d4.iam.gserviceaccount.com]
google_service_account.client_admin: Refreshing state... [id=projects/mp-ver-ef1459d4/serviceAccounts/mp-b0ddb0e3a749-client-admin@mp-ver-ef1459d4.iam.gserviceaccount.com]
google_service_account.api: Refreshing state... [id=projects/mp-ver-ef1459d4/serviceAccounts/mp-b0ddb0e3a749-api-sa@mp-ver-ef1459d4.iam.gserviceaccount.com]
google_service_account.processor: Refreshing state... [id=projects/mp-ver-ef1459d4/serviceAccounts/mp-b0ddb0e3a749-processor-sa@mp-ver-ef1459d4.iam.gserviceaccount.com]
google_project_iam_member.relay_cloudsql_client: Refreshing state... [id=mp-ver-ef1459d4/roles/cloudsql.client/serviceAccount:mp-b0ddb0e3a749-relay-sa@mp-ver-ef1459d4.iam.gserviceaccount.com]
google_project_iam_member.archiver_cloudsql_client: Refreshing state... [id=mp-ver-ef1459d4/roles/cloudsql.client/serviceAccount:mp-b0ddb0e3a749-archiver-sa@mp-ver-ef1459d4.iam.gserviceaccount.com]
google_compute_subnetwork.ingress: Refreshing state... [id=projects/mp-ver-ef1459d4/regions/us-west1/subnetworks/mp-b0ddb0e3a749-subnet-ingress]
google_compute_firewall.allow_workloads_to_postgres: Refreshing state... [id=projects/mp-ver-ef1459d4/global/firewalls/mp-b0ddb0e3a749-allow-workloads-pg]
google_compute_firewall.allow_lb_to_api: Refreshing state... [id=projects/mp-ver-ef1459d4/global/firewalls/mp-b0ddb0e3a749-allow-lb-to-api]
google_compute_subnetwork.private: Refreshing state... [id=projects/mp-ver-ef1459d4/regions/us-west1/subnetworks/mp-b0ddb0e3a749-subnet-private]
google_compute_firewall.deny_external_ingress: Refreshing state... [id=projects/mp-ver-ef1459d4/global/firewalls/mp-b0ddb0e3a749-deny-external-ingress]
google_kms_crypto_key.database: Refreshing state... [id=projects/mp-ver-ef1459d4/locations/us-west1/keyRings/mp-b0ddb0e3a749-keyring/cryptoKeys/mp-b0ddb0e3a749-database-cmek]
google_identity_platform_tenant.mediapulse: Refreshing state... [id=projects/mp-ver-ef1459d4/tenants/tenant-3338b61a]
google_kms_crypto_key.projection: Refreshing state... [id=projects/mp-ver-ef1459d4/locations/us-west1/keyRings/mp-b0ddb0e3a749-keyring/cryptoKeys/mp-b0ddb0e3a749-projection-cmek]
google_kms_crypto_key.audit: Refreshing state... [id=projects/mp-ver-ef1459d4/locations/us-west1/keyRings/mp-b0ddb0e3a749-keyring/cryptoKeys/mp-b0ddb0e3a749-audit-cmek]
google_kms_crypto_key.messaging: Refreshing state... [id=projects/mp-ver-ef1459d4/locations/us-west1/keyRings/mp-b0ddb0e3a749-keyring/cryptoKeys/mp-b0ddb0e3a749-messaging-cmek]
google_service_account_key.client_admin: Refreshing state... [id=projects/mp-ver-ef1459d4/serviceAccounts/mp-b0ddb0e3a749-client-admin@mp-ver-ef1459d4.iam.gserviceaccount.com/keys/02be5eefbed64cc8]
google_service_account_key.client_write: Refreshing state... [id=projects/mp-ver-ef1459d4/serviceAccounts/mp-b0ddb0e3a749-client-write@mp-ver-ef1459d4.iam.gserviceaccount.com/keys/199210462a5848a8]
google_project_iam_member.api_datastore_viewer: Refreshing state... [id=mp-ver-ef1459d4/roles/datastore.viewer/serviceAccount:mp-b0ddb0e3a749-api-sa@mp-ver-ef1459d4.iam.gserviceaccount.com]
google_project_iam_member.api_cloudsql_client: Refreshing state... [id=mp-ver-ef1459d4/roles/cloudsql.client/serviceAccount:mp-b0ddb0e3a749-api-sa@mp-ver-ef1459d4.iam.gserviceaccount.com]
google_project_iam_member.processor_datastore_user: Refreshing state... [id=mp-ver-ef1459d4/roles/datastore.user/serviceAccount:mp-b0ddb0e3a749-processor-sa@mp-ver-ef1459d4.iam.gserviceaccount.com]
google_firestore_database.projections: Refreshing state... [id=projects/mp-ver-ef1459d4/databases/mp-b0ddb0e3a749-projections]
google_bigquery_dataset.audit_analytics: Refreshing state... [id=projects/mp-ver-ef1459d4/datasets/mp_b0ddb0e3a749_audit_analytics]
google_sql_database_instance.events: Refreshing state... [id=mp-b0ddb0e3a749-events-pg]
google_storage_bucket.audit: Refreshing state... [id=mp-b0ddb0e3a749-mp-ver-ef1459d4-audit]
google_pubsub_topic.events: Refreshing state... [id=projects/mp-ver-ef1459d4/topics/mp-b0ddb0e3a749-events]
google_pubsub_topic.dead_letters: Refreshing state... [id=projects/mp-ver-ef1459d4/topics/mp-b0ddb0e3a749-events-dlq]
google_cloudfunctions2_function.processor: Refreshing state... [id=projects/mp-ver-ef1459d4/locations/us-west1/functions/mp-b0ddb0e3a749-processor]
google_firestore_index.media_cache: Refreshing state... [id=projects/mp-ver-ef1459d4/databases/mp-b0ddb0e3a749-projections/collectionGroups/MediaCache/indexes/idx-d554ff37]
google_pubsub_topic_iam_member.api_publish_events: Refreshing state... [id=projects/mp-ver-ef1459d4/topics/mp-b0ddb0e3a749-events/roles/pubsub.publisher/serviceAccount:mp-b0ddb0e3a749-api-sa@mp-ver-ef1459d4.iam.gserviceaccount.com]
google_bigquery_table.archived_events: Refreshing state... [id=projects/mp-ver-ef1459d4/datasets/mp_b0ddb0e3a749_audit_analytics/tables/archived_events]
google_pubsub_topic_iam_member.relay_publish_events: Refreshing state... [id=projects/mp-ver-ef1459d4/topics/mp-b0ddb0e3a749-events/roles/pubsub.publisher/serviceAccount:mp-b0ddb0e3a749-relay-sa@mp-ver-ef1459d4.iam.gserviceaccount.com]
google_pubsub_subscription.dead_letters: Refreshing state... [id=projects/mp-ver-ef1459d4/subscriptions/mp-b0ddb0e3a749-events-dlq-sub]
google_storage_bucket_iam_member.archiver_write_audit: Refreshing state... [id=b/mp-b0ddb0e3a749-mp-ver-ef1459d4-audit/roles/storage.objectAdmin/serviceAccount:mp-b0ddb0e3a749-archiver-sa@mp-ver-ef1459d4.iam.gserviceaccount.com]
google_sql_database.mediapulse: Refreshing state... [id=projects/mp-ver-ef1459d4/instances/mp-b0ddb0e3a749-events-pg/databases/mp_7e3155]
google_sql_user.app: Refreshing state... [id=mp_user_a46da9/%/mp-b0ddb0e3a749-events-pg]
google_pubsub_subscription.processor_push: Refreshing state... [id=projects/mp-ver-ef1459d4/subscriptions/mp-b0ddb0e3a749-events-processor-sub]
google_cloudfunctions2_function.archiver: Refreshing state... [id=projects/mp-ver-ef1459d4/locations/us-west1/functions/mp-b0ddb0e3a749-audit-archiver]
google_cloudfunctions2_function.relay: Refreshing state... [id=projects/mp-ver-ef1459d4/locations/us-west1/functions/mp-b0ddb0e3a749-outbox-relay]
google_pubsub_subscription_iam_member.processor_consume_events: Refreshing state... [id=projects/mp-ver-ef1459d4/subscriptions/mp-b0ddb0e3a749-events-processor-sub/roles/pubsub.subscriber/serviceAccount:mp-b0ddb0e3a749-processor-sa@mp-ver-ef1459d4.iam.gserviceaccount.com]
google_cloud_scheduler_job.relay: Refreshing state... [id=projects/mp-ver-ef1459d4/locations/us-west1/jobs/mp-b0ddb0e3a749-relay-schedule]
google_cloud_scheduler_job.archiver: Refreshing state... [id=projects/mp-ver-ef1459d4/locations/us-west1/jobs/mp-b0ddb0e3a749-archiver-schedule]
google_service_account_key.client_read: Refreshing state... [id=projects/mp-ver-ef1459d4/serviceAccounts/mp-b0ddb0e3a749-client-read@mp-ver-ef1459d4.iam.gserviceaccount.com/keys/e0b14f1b192248ce]
google_secret_manager_secret_version.db_credentials_v1: Refreshing state... [id=projects/mp-ver-ef1459d4/secrets/mp-b0ddb0e3a749-db-credentials/versions/1]
google_secret_manager_secret_iam_member.api_db_secret_accessor: Refreshing state... [id=projects/mp-ver-ef1459d4/secrets/mp-b0ddb0e3a749-db-credentials/roles/secretmanager.secretAccessor/serviceAccount:mp-b0ddb0e3a749-api-sa@mp-ver-ef1459d4.iam.gserviceaccount.com]
google_cloud_run_v2_service.api: Refreshing state... [id=projects/mp-ver-ef1459d4/locations/us-west1/services/mp-b0ddb0e3a749-api]
google_logging_project_sink.api: Refreshing state... [id=projects/mp-ver-ef1459d4/sinks/mp-b0ddb0e3a749-api-sink]
google_compute_region_network_endpoint_group.api_serverless_neg: Refreshing state... [id=projects/mp-ver-ef1459d4/regions/us-west1/networkEndpointGroups/mp-b0ddb0e3a749-api-neg]
google_compute_backend_service.api: Refreshing state... [id=projects/mp-ver-ef1459d4/global/backendServices/mp-b0ddb0e3a749-api-backend]
google_compute_url_map.api: Refreshing state... [id=projects/mp-ver-ef1459d4/global/urlMaps/mp-b0ddb0e3a749-api-urlmap]
google_compute_target_http_proxy.api: Refreshing state... [id=projects/mp-ver-ef1459d4/global/targetHttpProxies/mp-b0ddb0e3a749-api-http-proxy]
google_compute_global_forwarding_rule.http: Refreshing state... [id=projects/mp-ver-ef1459d4/global/forwardingRules/mp-b0ddb0e3a749-api-http-fwd]

Terraform used the selected providers to generate the following execution
plan. Resource actions are indicated with the following symbols:
  ~ update in-place

Terraform will perform the following actions:

  # google_bigquery_dataset.audit_analytics will be updated in-place
  ~ resource "google_bigquery_dataset" "audit_analytics" {
        id                              = "projects/mp-ver-ef1459d4/datasets/mp_b0ddb0e3a749_audit_analytics"
        # (20 unchanged attributes hidden)

      + default_encryption_configuration {
          + kms_key_name = "projects/mp-ver-ef1459d4/locations/us-west1/keyRings/mp-b0ddb0e3a749-keyring/cryptoKeys/mp-b0ddb0e3a749-audit-cmek"
        }
    }

  # google_cloud_scheduler_job.archiver will be updated in-place
  ~ resource "google_cloud_scheduler_job" "archiver" {
        id               = "projects/mp-ver-ef1459d4/locations/us-west1/jobs/mp-b0ddb0e3a749-archiver-schedule"
        name             = "mp-b0ddb0e3a749-archiver-schedule"
        # (9 unchanged attributes hidden)

      ~ http_target {
            # (4 unchanged attributes hidden)

          + oidc_token {
              + audience              = "https://us-west1-mp-ver-ef1459d4.cloudfunctions.net/mp-b0ddb0e3a749-audit-archiver"
              + service_account_email = "mp-b0ddb0e3a749-scheduler-sa@mp-ver-ef1459d4.iam.gserviceaccount.com"
            }
        }

        # (1 unchanged block hidden)
    }

  # google_cloud_scheduler_job.relay will be updated in-place
  ~ resource "google_cloud_scheduler_job" "relay" {
        id               = "projects/mp-ver-ef1459d4/locations/us-west1/jobs/mp-b0ddb0e3a749-relay-schedule"
        name             = "mp-b0ddb0e3a749-relay-schedule"
        # (9 unchanged attributes hidden)

      ~ http_target {
            # (4 unchanged attributes hidden)

          + oidc_token {
              + audience              = "https://us-west1-mp-ver-ef1459d4.cloudfunctions.net/mp-b0ddb0e3a749-outbox-relay"
              + service_account_email = "mp-b0ddb0e3a749-scheduler-sa@mp-ver-ef1459d4.iam.gserviceaccount.com"
            }
        }

        # (1 unchanged block hidden)
    }

  # google_kms_crypto_key.audit will be updated in-place
  ~ resource "google_kms_crypto_key" "audit" {
        id                            = "projects/mp-ver-ef1459d4/locations/us-west1/keyRings/mp-b0ddb0e3a749-keyring/cryptoKeys/mp-b0ddb0e3a749-audit-cmek"
        name                          = "mp-b0ddb0e3a749-audit-cmek"
      + rotation_period               = "7776000s"
        # (11 unchanged attributes hidden)

        # (1 unchanged block hidden)
    }

  # google_kms_crypto_key.database will be updated in-place
  ~ resource "google_kms_crypto_key" "database" {
        id                            = "projects/mp-ver-ef1459d4/locations/us-west1/keyRings/mp-b0ddb0e3a749-keyring/cryptoKeys/mp-b0ddb0e3a749-database-cmek"
        name                          = "mp-b0ddb0e3a749-database-cmek"
      + rotation_period               = "7776000s"
        # (11 unchanged attributes hidden)

        # (1 unchanged block hidden)
    }

  # google_kms_crypto_key.messaging will be updated in-place
  ~ resource "google_kms_crypto_key" "messaging" {
        id                            = "projects/mp-ver-ef1459d4/locations/us-west1/keyRings/mp-b0ddb0e3a749-keyring/cryptoKeys/mp-b0ddb0e3a749-messaging-cmek"
        name                          = "mp-b0ddb0e3a749-messaging-cmek"
      + rotation_period               = "7776000s"
        # (11 unchanged attributes hidden)

        # (1 unchanged block hidden)
    }

  # google_kms_crypto_key.projection will be updated in-place
  ~ resource "google_kms_crypto_key" "projection" {
        id                            = "projects/mp-ver-ef1459d4/locations/us-west1/keyRings/mp-b0ddb0e3a749-keyring/cryptoKeys/mp-b0ddb0e3a749-projection-cmek"
        name                          = "mp-b0ddb0e3a749-projection-cmek"
      + rotation_period               = "7776000s"
        # (11 unchanged attributes hidden)

        # (1 unchanged block hidden)
    }

  # google_pubsub_subscription.processor_push will be updated in-place
  ~ resource "google_pubsub_subscription" "processor_push" {
        id                           = "projects/mp-ver-ef1459d4/subscriptions/mp-b0ddb0e3a749-events-processor-sub"
        name                         = "mp-b0ddb0e3a749-events-processor-sub"
        # (12 unchanged attributes hidden)

      ~ push_config {
            # (2 unchanged attributes hidden)

          + oidc_token {
              + service_account_email = "mp-b0ddb0e3a749-pubsub-push-sa@mp-ver-ef1459d4.iam.gserviceaccount.com"
            }
        }

        # (2 unchanged blocks hidden)
    }

  # google_pubsub_topic.dead_letters will be updated in-place
  ~ resource "google_pubsub_topic" "dead_letters" {
        id                         = "projects/mp-ver-ef1459d4/topics/mp-b0ddb0e3a749-events-dlq"
      + kms_key_name               = "projects/mp-ver-ef1459d4/locations/us-west1/keyRings/mp-b0ddb0e3a749-keyring/cryptoKeys/mp-b0ddb0e3a749-messaging-cmek"
        name                       = "mp-b0ddb0e3a749-events-dlq"
        # (6 unchanged attributes hidden)
    }

  # google_pubsub_topic.events will be updated in-place
  ~ resource "google_pubsub_topic" "events" {
        id                         = "projects/mp-ver-ef1459d4/topics/mp-b0ddb0e3a749-events"
      + kms_key_name               = "projects/mp-ver-ef1459d4/locations/us-west1/keyRings/mp-b0ddb0e3a749-keyring/cryptoKeys/mp-b0ddb0e3a749-messaging-cmek"
        name                       = "mp-b0ddb0e3a749-events"
        # (6 unchanged attributes hidden)
    }

  # google_secret_manager_secret.db_credentials will be updated in-place
  ~ resource "google_secret_manager_secret" "db_credentials" {
      ~ effective_labels      = {
          + "data_role"             = "database-secret"
          + "deployment"            = "mp-b0ddb0e3a749"
          + "managed_by"            = "terraform"
          + "mediapulse_deployment" = "mp-b0ddb0e3a749"
          + "project"               = "mediapulse-ingest"
        }
        id                    = "projects/mp-ver-ef1459d4/secrets/mp-b0ddb0e3a749-db-credentials"
      ~ labels                = {
          + "data_role"             = "database-secret"
          + "deployment"            = "mp-b0ddb0e3a749"
          + "managed_by"            = "terraform"
          + "mediapulse_deployment" = "mp-b0ddb0e3a749"
          + "project"               = "mediapulse-ingest"
        }
        name                  = "projects/mp-ver-ef1459d4/secrets/mp-b0ddb0e3a749-db-credentials"
      ~ terraform_labels      = {
          + "data_role"             = "database-secret"
          + "deployment"            = "mp-b0ddb0e3a749"
          + "managed_by"            = "terraform"
          + "mediapulse_deployment" = "mp-b0ddb0e3a749"
          + "project"               = "mediapulse-ingest"
        }
        # (11 unchanged attributes hidden)

        # (1 unchanged block hidden)
    }

  # google_storage_bucket.audit will be updated in-place
  ~ resource "google_storage_bucket" "audit" {
        id                          = "mp-b0ddb0e3a749-mp-ver-ef1459d4-audit"
        name                        = "mp-b0ddb0e3a749-mp-ver-ef1459d4-audit"
      ~ uniform_bucket_level_access = false -> true
        # (17 unchanged attributes hidden)

      + encryption {
          + default_kms_key_name = "projects/mp-ver-ef1459d4/locations/us-west1/keyRings/mp-b0ddb0e3a749-keyring/cryptoKeys/mp-b0ddb0e3a749-audit-cmek"
        }

        # (2 unchanged blocks hidden)
    }

Plan: 0 to add, 12 to change, 0 to destroy.
google_kms_crypto_key.audit: Modifying... [id=projects/mp-ver-ef1459d4/locations/us-west1/keyRings/mp-b0ddb0e3a749-keyring/cryptoKeys/mp-b0ddb0e3a749-audit-cmek]
google_kms_crypto_key.projection: Modifying... [id=projects/mp-ver-ef1459d4/locations/us-west1/keyRings/mp-b0ddb0e3a749-keyring/cryptoKeys/mp-b0ddb0e3a749-projection-cmek]
google_kms_crypto_key.database: Modifying... [id=projects/mp-ver-ef1459d4/locations/us-west1/keyRings/mp-b0ddb0e3a749-keyring/cryptoKeys/mp-b0ddb0e3a749-database-cmek]
google_kms_crypto_key.messaging: Modifying... [id=projects/mp-ver-ef1459d4/locations/us-west1/keyRings/mp-b0ddb0e3a749-keyring/cryptoKeys/mp-b0ddb0e3a749-messaging-cmek]
google_secret_manager_secret.db_credentials: Modifying... [id=projects/mp-ver-ef1459d4/secrets/mp-b0ddb0e3a749-db-credentials]
google_kms_crypto_key.projection: Modifications complete after 1s [id=projects/mp-ver-ef1459d4/locations/us-west1/keyRings/mp-b0ddb0e3a749-keyring/cryptoKeys/mp-b0ddb0e3a749-projection-cmek]
google_kms_crypto_key.audit: Modifications complete after 1s [id=projects/mp-ver-ef1459d4/locations/us-west1/keyRings/mp-b0ddb0e3a749-keyring/cryptoKeys/mp-b0ddb0e3a749-audit-cmek]
google_kms_crypto_key.messaging: Modifications complete after 1s [id=projects/mp-ver-ef1459d4/locations/us-west1/keyRings/mp-b0ddb0e3a749-keyring/cryptoKeys/mp-b0ddb0e3a749-messaging-cmek]
google_kms_crypto_key.database: Modifications complete after 1s [id=projects/mp-ver-ef1459d4/locations/us-west1/keyRings/mp-b0ddb0e3a749-keyring/cryptoKeys/mp-b0ddb0e3a749-database-cmek]
google_secret_manager_secret.db_credentials: Modifications complete after 1s [id=projects/mp-ver-ef1459d4/secrets/mp-b0ddb0e3a749-db-credentials]
google_bigquery_dataset.audit_analytics: Modifying... [id=projects/mp-ver-ef1459d4/datasets/mp_b0ddb0e3a749_audit_analytics]
google_pubsub_topic.dead_letters: Modifying... [id=projects/mp-ver-ef1459d4/topics/mp-b0ddb0e3a749-events-dlq]
google_pubsub_topic.events: Modifying... [id=projects/mp-ver-ef1459d4/topics/mp-b0ddb0e3a749-events]
google_storage_bucket.audit: Modifying... [id=mp-b0ddb0e3a749-mp-ver-ef1459d4-audit]
google_bigquery_dataset.audit_analytics: Modifications complete after 0s [id=projects/mp-ver-ef1459d4/datasets/mp_b0ddb0e3a749_audit_analytics]
google_pubsub_topic.events: Modifications complete after 0s [id=projects/mp-ver-ef1459d4/topics/mp-b0ddb0e3a749-events]
google_pubsub_topic.dead_letters: Modifications complete after 0s [id=projects/mp-ver-ef1459d4/topics/mp-b0ddb0e3a749-events-dlq]
google_storage_bucket.audit: Modifications complete after 0s [id=mp-b0ddb0e3a749-mp-ver-ef1459d4-audit]
google_cloud_scheduler_job.relay: Modifying... [id=projects/mp-ver-ef1459d4/locations/us-west1/jobs/mp-b0ddb0e3a749-relay-schedule]
google_cloud_scheduler_job.archiver: Modifying... [id=projects/mp-ver-ef1459d4/locations/us-west1/jobs/mp-b0ddb0e3a749-archiver-schedule]
google_pubsub_subscription.processor_push: Modifying... [id=projects/mp-ver-ef1459d4/subscriptions/mp-b0ddb0e3a749-events-processor-sub]
google_cloud_scheduler_job.relay: Modifications complete after 0s [id=projects/mp-ver-ef1459d4/locations/us-west1/jobs/mp-b0ddb0e3a749-relay-schedule]
google_cloud_scheduler_job.archiver: Modifications complete after 0s [id=projects/mp-ver-ef1459d4/locations/us-west1/jobs/mp-b0ddb0e3a749-archiver-schedule]
google_pubsub_subscription.processor_push: Modifications complete after 0s [id=projects/mp-ver-ef1459d4/subscriptions/mp-b0ddb0e3a749-events-processor-sub]

Apply complete! Resources: 0 added, 12 changed, 0 destroyed.

Outputs:

cloud_run_service_name = "mp-b0ddb0e3a749-api"
load_balancer_url = "http://gcp"
manifest = <sensitive>
pubsub_topic_id = "projects/mp-ver-ef1459d4/topics/mp-b0ddb0e3a749-events"
MediaPulse Ingest is ready: http://gcp:4588
