Trial mediapulse-ingest__oLhHroD failed: Docker compose command failed for environment mediapulse-ingest. Command: docker compose --project-name mediapulse-ingest__olhhrod__env --project-directory /Users/azeez/Azeez/microai/mediapulse-ingest/environment -f /private/var/folders/cx/31vj2yzs6xv5qzw7hx0tvjp40000gn/T/tmpfotsx2og/mediapulse-ingest__oLhHroD__env-docker-compose-resources.json -f /Users/azeez/.local/share/uv/tools/realm-verifier/lib/python3.14/site-packages/harbor/environments/docker/docker-compose-build.yaml -f /Users/azeez/Azeez/microai/mediapulse-ingest/environment/docker-compose.yaml -f /private/var/folders/cx/31vj2yzs6xv5qzw7hx0tvjp40000gn/T/tmp99hq_tt9/docker-compose-environment.json -f /private/var/folders/cx/31vj2yzs6xv5qzw7hx0tvjp40000gn/T/tmpce71q1bp/docker-compose-mounts.json build. Return code: 1. Stdout:  Image mediapulse-ingest__olhhrod__env-runtime-setup Building 
 Image mediapulse-ingest__olhhrod__env-main Building 
#1 [internal] load local bake definitions
#1 reading from stdin 1.21kB done
#1 DONE 0.0s

#2 [runtime-setup internal] load build definition from Dockerfile
#2 transferring dockerfile: 1.23kB done
#2 DONE 0.0s

#3 [main internal] load build definition from Dockerfile
#3 transferring dockerfile: 4.61kB done
#3 WARN: FromPlatformFlagConstDisallowed: FROM --platform flag should not use constant value "linux/amd64" (line 1)
#3 WARN: SecretsUsedInArgOrEnv: Do not use ARG or ENV instructions for sensitive data (ENV "SECRET_MANAGER_EMULATOR_HOST") (line 7)
#3 WARN: SecretsUsedInArgOrEnv: Do not use ARG or ENV instructions for sensitive data (ENV "FIREBASE_AUTH_EMULATOR_HOST") (line 7)
#3 DONE 0.0s

#4 [runtime-setup internal] load metadata for mirror.gcr.io/library/docker:27.5.1-cli@sha256:851f91d241214e7c6db86513b270d58776379aacc5eb9c4a87e5b47115e3065c
#4 DONE 0.0s

#5 [runtime-setup internal] load metadata for mirror.gcr.io/library/rust:1.88.0-bookworm@sha256:af306cfa71d987911a781c37b59d7d67d934f49684058f96cf72079c3626bfe0
#5 DONE 0.0s

#6 [main internal] load metadata for mirror.gcr.io/library/node:24-bookworm-slim@sha256:6f7b03f7c2c8e2e784dcf9295400527b9b1270fd37b7e9a7285cf83b6951452d
#6 DONE 0.0s

#7 [runtime-setup internal] load .dockerignore
#7 transferring context: 94B done
#7 DONE 0.0s

#8 [main internal] load .dockerignore
#8 transferring context: 2B done
#8 DONE 0.0s

#9 [runtime-setup build  1/10] FROM mirror.gcr.io/library/rust:1.88.0-bookworm@sha256:af306cfa71d987911a781c37b59d7d67d934f49684058f96cf72079c3626bfe0
#9 DONE 0.0s

#10 [runtime-setup runtime-setup 1/4] FROM mirror.gcr.io/library/docker:27.5.1-cli@sha256:851f91d241214e7c6db86513b270d58776379aacc5eb9c4a87e5b47115e3065c
#10 DONE 0.0s

#11 [main toolchain 1/7] FROM mirror.gcr.io/library/node:24-bookworm-slim@sha256:6f7b03f7c2c8e2e784dcf9295400527b9b1270fd37b7e9a7285cf83b6951452d
#11 DONE 0.0s

#12 [runtime-setup internal] load build context
#12 transferring context: 2.91kB done
#12 DONE 0.0s

#13 [main internal] load build context
#13 transferring context: 1.16kB done
#13 DONE 0.0s

#14 [main toolchain 4/7] RUN python3 -m venv /opt/venv  && /opt/venv/bin/pip install --no-cache-dir       google-cloud-storage google-cloud-pubsub google-cloud-firestore google-cloud-datastore google-cloud-secret-manager       "psycopg[binary]" redis requests PyJWT cryptography jsonschema pyyaml pytest
#14 CACHED

#15 [main toolchain 3/7] RUN npm install -g opencode-ai@1.17.8
#15 CACHED

#16 [main toolchain 7/7] RUN mkdir -p /opt/terraform-plugin-cache /tmp/provider-seed  && printf '%s\n'       'terraform {'       '  required_providers {'       '    google = {'       '      source = "hashicorp/google"'       "      version = ">=5.0.0""       '    }'       '    google-beta = {'       '      source = "hashicorp/google-beta"'       "      version = ">=5.0.0""       '    }'       '  }'       '}' > /tmp/provider-seed/main.tf  && terraform -chdir=/tmp/provider-seed init -backend=false -input=false  && rm -rf /tmp/provider-seed  && printf '%s\n'       'plugin_cache_dir = "/opt/terraform-plugin-cache"'       'disable_checkpoint = true' > /etc/terraformrc  && printf '%s\n'       'disable_checkpoint = true'       'provider_installation {'       '  filesystem_mirror {'       '    path    = "/opt/terraform-plugin-cache"'       '    include = ["registry.terraform.io/hashicorp/google", "registry.terraform.io/hashicorp/google-beta"]'       '  }'       '  direct {'       '    exclude = ["registry.terraform.io/hashicorp/google", "registry.terraform.io/hashicorp/google-beta"]'       '  }'       '}' > /etc/terraformrc.offline
#16 CACHED

#17 [main toolchain 5/7] RUN curl -fsSLo "/tmp/terraform_1.15.8_linux_amd64.zip"       "https://releases.hashicorp.com/terraform/1.15.8/terraform_1.15.8_linux_amd64.zip"  && curl -fsSLo /tmp/terraform_SHA256SUMS       "https://releases.hashicorp.com/terraform/1.15.8/terraform_1.15.8_SHA256SUMS"  && cd /tmp  && grep "terraform_1.15.8_linux_amd64.zip" terraform_SHA256SUMS | sha256sum -c -  && unzip -q "terraform_1.15.8_linux_amd64.zip" -d /usr/local/bin  && rm -f "/tmp/terraform_1.15.8_linux_amd64.zip" /tmp/terraform_SHA256SUMS
#17 CACHED

#18 [main agent 2/3] RUN groupadd --gid 10001 agent  && useradd --uid 10001 --gid 10001 --create-home --shell /bin/bash agent  && mkdir -p /workspace/submission /workspace/evidence /workspace/config /artifacts  && chown -R agent:agent /workspace/submission /workspace/evidence /artifacts /home/agent  && chmod 0755 /workspace /workspace/config  && chmod -R a+rX /opt/terraform-plugin-cache
#18 CACHED

#19 [main agent 1/3] COPY workspace/ /workspace/
#19 CACHED

#20 [main toolchain 2/7] RUN apt-get update  && apt-get install -y --no-install-recommends       bash ca-certificates curl wget unzip xz-utils       git patch jq ripgrep fd-find less file vim procps psmisc util-linux       python3 python3-venv python3-pip       postgresql-client redis-tools netcat-openbsd dnsutils  && rm -rf /var/lib/apt/lists/*  && ln -sf /usr/bin/fdfind /usr/local/bin/fd
#20 CACHED

#21 [main toolchain 6/7] RUN curl -fsSLo "/tmp/tofu_1.12.4_linux_amd64.zip"       "https://github.com/opentofu/opentofu/releases/download/v1.12.4/tofu_1.12.4_linux_amd64.zip"  && curl -fsSLo /tmp/tofu_SHA256SUMS       "https://github.com/opentofu/opentofu/releases/download/v1.12.4/tofu_1.12.4_SHA256SUMS"  && cd /tmp  && grep "tofu_1.12.4_linux_amd64.zip" tofu_SHA256SUMS | sha256sum -c -  && unzip -q "tofu_1.12.4_linux_amd64.zip" -d /usr/local/bin  && rm -f "/tmp/tofu_1.12.4_linux_amd64.zip" /tmp/tofu_SHA256SUMS
#21 CACHED

#22 [main agent 3/3] WORKDIR /workspace
#22 CACHED

#23 [runtime-setup build  2/10] RUN apt-get update     && apt-get install --yes --no-install-recommends clang cmake make perl pkg-config     && rm -rf /var/lib/apt/lists/*
#23 CACHED

#24 [runtime-setup build  3/10] WORKDIR /build
#24 CACHED

#25 [runtime-setup build  4/10] COPY Cargo.toml Cargo.lock ./
#25 CACHED

#26 [main] exporting to image
#26 exporting layers done
#26 writing image sha256:e764cd7fe656f9d862ff56284c22f99e140069c100ac2efae601bd0995df94ff done
#26 naming to docker.io/library/mediapulse-ingest__olhhrod__env-main done
#26 DONE 0.0s

#27 [runtime-setup build  5/10] COPY library ./library
#27 DONE 0.0s

#28 [main] resolving provenance for metadata file
#28 DONE 0.0s

#29 [runtime-setup build  6/10] COPY api ./api
#29 DONE 0.0s

#30 [runtime-setup build  7/10] COPY projector ./projector
#30 DONE 0.0s

#31 [runtime-setup build  8/10] COPY outbox-relay ./outbox-relay
#31 DONE 0.0s

#32 [runtime-setup build  9/10] COPY audit-archiver ./audit-archiver
#32 DONE 0.0s

#33 [runtime-setup build 10/10] RUN --mount=type=cache,target=/usr/local/cargo/registry,sharing=locked     --mount=type=cache,target=/usr/local/cargo/git,sharing=locked     --mount=type=cache,target=/build/target,sharing=locked     cargo build --jobs 1 --locked --release --workspace --bins     && mkdir -p /out     && cp target/release/api /out/api     && cp target/release/projector /out/projector     && cp target/release/outbox-relay /out/outbox-relay     && cp target/release/audit-archiver /out/audit-archiver
#33 0.482 error: the lock file /build/Cargo.lock needs to be updated but --locked was passed to prevent this
#33 0.482 If you want to try to generate the lock file without accessing the network, remove the --locked flag and use --offline instead.
#33 ERROR: process "/bin/sh -c cargo build --jobs 1 --locked --release --workspace --bins     && mkdir -p /out     && cp target/release/api /out/api     && cp target/release/projector /out/projector     && cp target/release/outbox-relay /out/outbox-relay     && cp target/release/audit-archiver /out/audit-archiver" did not complete successfully: exit code: 101
------
 > [runtime-setup build 10/10] RUN --mount=type=cache,target=/usr/local/cargo/registry,sharing=locked     --mount=type=cache,target=/usr/local/cargo/git,sharing=locked     --mount=type=cache,target=/build/target,sharing=locked     cargo build --jobs 1 --locked --release --workspace --bins     && mkdir -p /out     && cp target/release/api /out/api     && cp target/release/projector /out/projector     && cp target/release/outbox-relay /out/outbox-relay     && cp target/release/audit-archiver /out/audit-archiver:
0.482 error: the lock file /build/Cargo.lock needs to be updated but --locked was passed to prevent this
0.482 If you want to try to generate the lock file without accessing the network, remove the --locked flag and use --offline instead.
------
Dockerfile:15

--------------------

  14 |     

  15 | >>> RUN --mount=type=cache,target=/usr/local/cargo/registry,sharing=locked \

  16 | >>>     --mount=type=cache,target=/usr/local/cargo/git,sharing=locked \

  17 | >>>     --mount=type=cache,target=/build/target,sharing=locked \

  18 | >>>     cargo build --jobs 1 --locked --release --workspace --bins \

  19 | >>>     && mkdir -p /out \

  20 | >>>     && cp target/release/api /out/api \

  21 | >>>     && cp target/release/projector /out/projector \

  22 | >>>     && cp target/release/outbox-relay /out/outbox-relay \

  23 | >>>     && cp target/release/audit-archiver /out/audit-archiver

  24 |     

--------------------

target runtime-setup: failed to solve: process "/bin/sh -c cargo build --jobs 1 --locked --release --workspace --bins     && mkdir -p /out     && cp target/release/api /out/api     && cp target/release/projector /out/projector     && cp target/release/outbox-relay /out/outbox-relay     && cp target/release/audit-archiver /out/audit-archiver" did not complete successfully: exit code: 101

. Stderr: None. 
Collecting main service artifacts
Failed to download artifact '/workspace/submission' from service 'main' (best-effort)
Traceback (most recent call last):
  File "/Users/azeez/.local/share/uv/tools/realm-verifier/lib/python3.14/site-packages/harbor/trial/trial.py", line 351, in run
    await self._prepare()
  File "/Users/azeez/.local/share/uv/tools/realm-verifier/lib/python3.14/site-packages/harbor/trial/trial.py", line 385, in _prepare
    await self._setup_agent_environment()
  File "/Users/azeez/.local/share/uv/tools/realm-verifier/lib/python3.14/site-packages/harbor/trial/trial.py", line 1148, in _setup_agent_environment
    await self._start_agent_environment()
  File "/Users/azeez/.local/share/uv/tools/realm-verifier/lib/python3.14/site-packages/harbor/trial/trial.py", line 1154, in _start_agent_environment
    await asyncio.wait_for(
    ...<4 lines>...
    )
  File "/opt/homebrew/Cellar/python@3.14/3.14.2_1/Frameworks/Python.framework/Versions/3.14/lib/python3.14/asyncio/tasks.py", line 488, in wait_for
    return await fut
           ^^^^^^^^^
  File "/Users/azeez/.local/share/uv/tools/realm-verifier/lib/python3.14/site-packages/harbor/environments/docker/docker.py", line 891, in start
    await self._run_docker_compose_command(["build"])
  File "/Users/azeez/.local/share/uv/tools/realm-verifier/lib/python3.14/site-packages/harbor/environments/docker/docker.py", line 656, in _run_docker_compose_command
    raise RuntimeError(
    ...<5 lines>...
    )
RuntimeError: Docker compose command failed for environment mediapulse-ingest. Command: docker compose --project-name mediapulse-ingest__olhhrod__env --project-directory /Users/azeez/Azeez/microai/mediapulse-ingest/environment -f /private/var/folders/cx/31vj2yzs6xv5qzw7hx0tvjp40000gn/T/tmpfotsx2og/mediapulse-ingest__oLhHroD__env-docker-compose-resources.json -f /Users/azeez/.local/share/uv/tools/realm-verifier/lib/python3.14/site-packages/harbor/environments/docker/docker-compose-build.yaml -f /Users/azeez/Azeez/microai/mediapulse-ingest/environment/docker-compose.yaml -f /private/var/folders/cx/31vj2yzs6xv5qzw7hx0tvjp40000gn/T/tmp99hq_tt9/docker-compose-environment.json -f /private/var/folders/cx/31vj2yzs6xv5qzw7hx0tvjp40000gn/T/tmpce71q1bp/docker-compose-mounts.json build. Return code: 1. Stdout:  Image mediapulse-ingest__olhhrod__env-runtime-setup Building 
 Image mediapulse-ingest__olhhrod__env-main Building 
#1 [internal] load local bake definitions
#1 reading from stdin 1.21kB done
#1 DONE 0.0s

#2 [runtime-setup internal] load build definition from Dockerfile
#2 transferring dockerfile: 1.23kB done
#2 DONE 0.0s

#3 [main internal] load build definition from Dockerfile
#3 transferring dockerfile: 4.61kB done
#3 WARN: FromPlatformFlagConstDisallowed: FROM --platform flag should not use constant value "linux/amd64" (line 1)
#3 WARN: SecretsUsedInArgOrEnv: Do not use ARG or ENV instructions for sensitive data (ENV "SECRET_MANAGER_EMULATOR_HOST") (line 7)
#3 WARN: SecretsUsedInArgOrEnv: Do not use ARG or ENV instructions for sensitive data (ENV "FIREBASE_AUTH_EMULATOR_HOST") (line 7)
#3 DONE 0.0s

#4 [runtime-setup internal] load metadata for mirror.gcr.io/library/docker:27.5.1-cli@sha256:851f91d241214e7c6db86513b270d58776379aacc5eb9c4a87e5b47115e3065c
#4 DONE 0.0s

#5 [runtime-setup internal] load metadata for mirror.gcr.io/library/rust:1.88.0-bookworm@sha256:af306cfa71d987911a781c37b59d7d67d934f49684058f96cf72079c3626bfe0
#5 DONE 0.0s

#6 [main internal] load metadata for mirror.gcr.io/library/node:24-bookworm-slim@sha256:6f7b03f7c2c8e2e784dcf9295400527b9b1270fd37b7e9a7285cf83b6951452d
#6 DONE 0.0s

#7 [runtime-setup internal] load .dockerignore
#7 transferring context: 94B done
#7 DONE 0.0s

#8 [main internal] load .dockerignore
#8 transferring context: 2B done
#8 DONE 0.0s

#9 [runtime-setup build  1/10] FROM mirror.gcr.io/library/rust:1.88.0-bookworm@sha256:af306cfa71d987911a781c37b59d7d67d934f49684058f96cf72079c3626bfe0
#9 DONE 0.0s

#10 [runtime-setup runtime-setup 1/4] FROM mirror.gcr.io/library/docker:27.5.1-cli@sha256:851f91d241214e7c6db86513b270d58776379aacc5eb9c4a87e5b47115e3065c
#10 DONE 0.0s

#11 [main toolchain 1/7] FROM mirror.gcr.io/library/node:24-bookworm-slim@sha256:6f7b03f7c2c8e2e784dcf9295400527b9b1270fd37b7e9a7285cf83b6951452d
#11 DONE 0.0s

#12 [runtime-setup internal] load build context
#12 transferring context: 2.91kB done
#12 DONE 0.0s

#13 [main internal] load build context
#13 transferring context: 1.16kB done
#13 DONE 0.0s

#14 [main toolchain 4/7] RUN python3 -m venv /opt/venv  && /opt/venv/bin/pip install --no-cache-dir       google-cloud-storage google-cloud-pubsub google-cloud-firestore google-cloud-datastore google-cloud-secret-manager       "psycopg[binary]" redis requests PyJWT cryptography jsonschema pyyaml pytest
#14 CACHED

#15 [main toolchain 3/7] RUN npm install -g opencode-ai@1.17.8
#15 CACHED

#16 [main toolchain 7/7] RUN mkdir -p /opt/terraform-plugin-cache /tmp/provider-seed  && printf '%s\n'       'terraform {'       '  required_providers {'       '    google = {'       '      source = "hashicorp/google"'       "      version = ">=5.0.0""       '    }'       '    google-beta = {'       '      source = "hashicorp/google-beta"'       "      version = ">=5.0.0""       '    }'       '  }'       '}' > /tmp/provider-seed/main.tf  && terraform -chdir=/tmp/provider-seed init -backend=false -input=false  && rm -rf /tmp/provider-seed  && printf '%s\n'       'plugin_cache_dir = "/opt/terraform-plugin-cache"'       'disable_checkpoint = true' > /etc/terraformrc  && printf '%s\n'       'disable_checkpoint = true'       'provider_installation {'       '  filesystem_mirror {'       '    path    = "/opt/terraform-plugin-cache"'       '    include = ["registry.terraform.io/hashicorp/google", "registry.terraform.io/hashicorp/google-beta"]'       '  }'       '  direct {'       '    exclude = ["registry.terraform.io/hashicorp/google", "registry.terraform.io/hashicorp/google-beta"]'       '  }'       '}' > /etc/terraformrc.offline
#16 CACHED

#17 [main toolchain 5/7] RUN curl -fsSLo "/tmp/terraform_1.15.8_linux_amd64.zip"       "https://releases.hashicorp.com/terraform/1.15.8/terraform_1.15.8_linux_amd64.zip"  && curl -fsSLo /tmp/terraform_SHA256SUMS       "https://releases.hashicorp.com/terraform/1.15.8/terraform_1.15.8_SHA256SUMS"  && cd /tmp  && grep "terraform_1.15.8_linux_amd64.zip" terraform_SHA256SUMS | sha256sum -c -  && unzip -q "terraform_1.15.8_linux_amd64.zip" -d /usr/local/bin  && rm -f "/tmp/terraform_1.15.8_linux_amd64.zip" /tmp/terraform_SHA256SUMS
#17 CACHED

#18 [main agent 2/3] RUN groupadd --gid 10001 agent  && useradd --uid 10001 --gid 10001 --create-home --shell /bin/bash agent  && mkdir -p /workspace/submission /workspace/evidence /workspace/config /artifacts  && chown -R agent:agent /workspace/submission /workspace/evidence /artifacts /home/agent  && chmod 0755 /workspace /workspace/config  && chmod -R a+rX /opt/terraform-plugin-cache
#18 CACHED

#19 [main agent 1/3] COPY workspace/ /workspace/
#19 CACHED

#20 [main toolchain 2/7] RUN apt-get update  && apt-get install -y --no-install-recommends       bash ca-certificates curl wget unzip xz-utils       git patch jq ripgrep fd-find less file vim procps psmisc util-linux       python3 python3-venv python3-pip       postgresql-client redis-tools netcat-openbsd dnsutils  && rm -rf /var/lib/apt/lists/*  && ln -sf /usr/bin/fdfind /usr/local/bin/fd
#20 CACHED

#21 [main toolchain 6/7] RUN curl -fsSLo "/tmp/tofu_1.12.4_linux_amd64.zip"       "https://github.com/opentofu/opentofu/releases/download/v1.12.4/tofu_1.12.4_linux_amd64.zip"  && curl -fsSLo /tmp/tofu_SHA256SUMS       "https://github.com/opentofu/opentofu/releases/download/v1.12.4/tofu_1.12.4_SHA256SUMS"  && cd /tmp  && grep "tofu_1.12.4_linux_amd64.zip" tofu_SHA256SUMS | sha256sum -c -  && unzip -q "tofu_1.12.4_linux_amd64.zip" -d /usr/local/bin  && rm -f "/tmp/tofu_1.12.4_linux_amd64.zip" /tmp/tofu_SHA256SUMS
#21 CACHED

#22 [main agent 3/3] WORKDIR /workspace
#22 CACHED

#23 [runtime-setup build  2/10] RUN apt-get update     && apt-get install --yes --no-install-recommends clang cmake make perl pkg-config     && rm -rf /var/lib/apt/lists/*
#23 CACHED

#24 [runtime-setup build  3/10] WORKDIR /build
#24 CACHED

#25 [runtime-setup build  4/10] COPY Cargo.toml Cargo.lock ./
#25 CACHED

#26 [main] exporting to image
#26 exporting layers done
#26 writing image sha256:e764cd7fe656f9d862ff56284c22f99e140069c100ac2efae601bd0995df94ff done
#26 naming to docker.io/library/mediapulse-ingest__olhhrod__env-main done
#26 DONE 0.0s

#27 [runtime-setup build  5/10] COPY library ./library
#27 DONE 0.0s

#28 [main] resolving provenance for metadata file
#28 DONE 0.0s

#29 [runtime-setup build  6/10] COPY api ./api
#29 DONE 0.0s

#30 [runtime-setup build  7/10] COPY projector ./projector
#30 DONE 0.0s

#31 [runtime-setup build  8/10] COPY outbox-relay ./outbox-relay
#31 DONE 0.0s

#32 [runtime-setup build  9/10] COPY audit-archiver ./audit-archiver
#32 DONE 0.0s

#33 [runtime-setup build 10/10] RUN --mount=type=cache,target=/usr/local/cargo/registry,sharing=locked     --mount=type=cache,target=/usr/local/cargo/git,sharing=locked     --mount=type=cache,target=/build/target,sharing=locked     cargo build --jobs 1 --locked --release --workspace --bins     && mkdir -p /out     && cp target/release/api /out/api     && cp target/release/projector /out/projector     && cp target/release/outbox-relay /out/outbox-relay     && cp target/release/audit-archiver /out/audit-archiver
#33 0.482 error: the lock file /build/Cargo.lock needs to be updated but --locked was passed to prevent this
#33 0.482 If you want to try to generate the lock file without accessing the network, remove the --locked flag and use --offline instead.
#33 ERROR: process "/bin/sh -c cargo build --jobs 1 --locked --release --workspace --bins     && mkdir -p /out     && cp target/release/api /out/api     && cp target/release/projector /out/projector     && cp target/release/outbox-relay /out/outbox-relay     && cp target/release/audit-archiver /out/audit-archiver" did not complete successfully: exit code: 101
------
 > [runtime-setup build 10/10] RUN --mount=type=cache,target=/usr/local/cargo/registry,sharing=locked     --mount=type=cache,target=/usr/local/cargo/git,sharing=locked     --mount=type=cache,target=/build/target,sharing=locked     cargo build --jobs 1 --locked --release --workspace --bins     && mkdir -p /out     && cp target/release/api /out/api     && cp target/release/projector /out/projector     && cp target/release/outbox-relay /out/outbox-relay     && cp target/release/audit-archiver /out/audit-archiver:
0.482 error: the lock file /build/Cargo.lock needs to be updated but --locked was passed to prevent this
0.482 If you want to try to generate the lock file without accessing the network, remove the --locked flag and use --offline instead.
------
Dockerfile:15

--------------------

  14 |     

  15 | >>> RUN --mount=type=cache,target=/usr/local/cargo/registry,sharing=locked \

  16 | >>>     --mount=type=cache,target=/usr/local/cargo/git,sharing=locked \

  17 | >>>     --mount=type=cache,target=/build/target,sharing=locked \

  18 | >>>     cargo build --jobs 1 --locked --release --workspace --bins \

  19 | >>>     && mkdir -p /out \

  20 | >>>     && cp target/release/api /out/api \

  21 | >>>     && cp target/release/projector /out/projector \

  22 | >>>     && cp target/release/outbox-relay /out/outbox-relay \

  23 | >>>     && cp target/release/audit-archiver /out/audit-archiver

  24 |     

--------------------

target runtime-setup: failed to solve: process "/bin/sh -c cargo build --jobs 1 --locked --release --workspace --bins     && mkdir -p /out     && cp target/release/api /out/api     && cp target/release/projector /out/projector     && cp target/release/outbox-relay /out/outbox-relay     && cp target/release/audit-archiver /out/audit-archiver" did not complete successfully: exit code: 101

. Stderr: None. 

During handling of the above exception, another exception occurred:

Traceback (most recent call last):
  File "/Users/azeez/.local/share/uv/tools/realm-verifier/lib/python3.14/site-packages/harbor/trial/artifact_handler.py", line 330, in _download_artifact
    await source_env.service_download_file(
    ...<3 lines>...
    )
  File "/Users/azeez/.local/share/uv/tools/realm-verifier/lib/python3.14/site-packages/harbor/environments/docker/docker.py", line 1052, in service_download_file
    await self.download_file(source_path, target_path)
  File "/Users/azeez/.local/share/uv/tools/realm-verifier/lib/python3.14/site-packages/harbor/environments/docker/docker.py", line 1037, in download_file
    await self._platform.download_file(source_path, target_path)
  File "/Users/azeez/.local/share/uv/tools/realm-verifier/lib/python3.14/site-packages/harbor/environments/docker/docker_unix.py", line 185, in download_file
    await self._env._run_docker_compose_command(
    ...<2 lines>...
    )
  File "/Users/azeez/.local/share/uv/tools/realm-verifier/lib/python3.14/site-packages/harbor/environments/docker/docker.py", line 656, in _run_docker_compose_command
    raise RuntimeError(
    ...<5 lines>...
    )
RuntimeError: Docker compose command failed for environment mediapulse-ingest. Command: docker compose --project-name mediapulse-ingest__olhhrod__env --project-directory /Users/azeez/Azeez/microai/mediapulse-ingest/environment -f /private/var/folders/cx/31vj2yzs6xv5qzw7hx0tvjp40000gn/T/tmpfotsx2og/mediapulse-ingest__oLhHroD__env-docker-compose-resources.json -f /Users/azeez/.local/share/uv/tools/realm-verifier/lib/python3.14/site-packages/harbor/environments/docker/docker-compose-build.yaml -f /Users/azeez/Azeez/microai/mediapulse-ingest/environment/docker-compose.yaml -f /private/var/folders/cx/31vj2yzs6xv5qzw7hx0tvjp40000gn/T/tmp99hq_tt9/docker-compose-environment.json -f /private/var/folders/cx/31vj2yzs6xv5qzw7hx0tvjp40000gn/T/tmpce71q1bp/docker-compose-mounts.json cp main:/workspace/submission /Users/azeez/Azeez/microai/mediapulse-ingest/jobs/rv-20260923T202550Z-1b2ec6/mediapulse-ingest__oLhHroD/artifacts/submission. Return code: 1. Stdout: no container found for service "main"
. Stderr: None. 
Failed to download artifact '/workspace/evidence' from service 'main' (best-effort)
Traceback (most recent call last):
  File "/Users/azeez/.local/share/uv/tools/realm-verifier/lib/python3.14/site-packages/harbor/trial/trial.py", line 351, in run
    await self._prepare()
  File "/Users/azeez/.local/share/uv/tools/realm-verifier/lib/python3.14/site-packages/harbor/trial/trial.py", line 385, in _prepare
    await self._setup_agent_environment()
  File "/Users/azeez/.local/share/uv/tools/realm-verifier/lib/python3.14/site-packages/harbor/trial/trial.py", line 1148, in _setup_agent_environment
    await self._start_agent_environment()
  File "/Users/azeez/.local/share/uv/tools/realm-verifier/lib/python3.14/site-packages/harbor/trial/trial.py", line 1154, in _start_agent_environment
    await asyncio.wait_for(
    ...<4 lines>...
    )
  File "/opt/homebrew/Cellar/python@3.14/3.14.2_1/Frameworks/Python.framework/Versions/3.14/lib/python3.14/asyncio/tasks.py", line 488, in wait_for
    return await fut
           ^^^^^^^^^
  File "/Users/azeez/.local/share/uv/tools/realm-verifier/lib/python3.14/site-packages/harbor/environments/docker/docker.py", line 891, in start
    await self._run_docker_compose_command(["build"])
  File "/Users/azeez/.local/share/uv/tools/realm-verifier/lib/python3.14/site-packages/harbor/environments/docker/docker.py", line 656, in _run_docker_compose_command
    raise RuntimeError(
    ...<5 lines>...
    )
RuntimeError: Docker compose command failed for environment mediapulse-ingest. Command: docker compose --project-name mediapulse-ingest__olhhrod__env --project-directory /Users/azeez/Azeez/microai/mediapulse-ingest/environment -f /private/var/folders/cx/31vj2yzs6xv5qzw7hx0tvjp40000gn/T/tmpfotsx2og/mediapulse-ingest__oLhHroD__env-docker-compose-resources.json -f /Users/azeez/.local/share/uv/tools/realm-verifier/lib/python3.14/site-packages/harbor/environments/docker/docker-compose-build.yaml -f /Users/azeez/Azeez/microai/mediapulse-ingest/environment/docker-compose.yaml -f /private/var/folders/cx/31vj2yzs6xv5qzw7hx0tvjp40000gn/T/tmp99hq_tt9/docker-compose-environment.json -f /private/var/folders/cx/31vj2yzs6xv5qzw7hx0tvjp40000gn/T/tmpce71q1bp/docker-compose-mounts.json build. Return code: 1. Stdout:  Image mediapulse-ingest__olhhrod__env-runtime-setup Building 
 Image mediapulse-ingest__olhhrod__env-main Building 
#1 [internal] load local bake definitions
#1 reading from stdin 1.21kB done
#1 DONE 0.0s

#2 [runtime-setup internal] load build definition from Dockerfile
#2 transferring dockerfile: 1.23kB done
#2 DONE 0.0s

#3 [main internal] load build definition from Dockerfile
#3 transferring dockerfile: 4.61kB done
#3 WARN: FromPlatformFlagConstDisallowed: FROM --platform flag should not use constant value "linux/amd64" (line 1)
#3 WARN: SecretsUsedInArgOrEnv: Do not use ARG or ENV instructions for sensitive data (ENV "SECRET_MANAGER_EMULATOR_HOST") (line 7)
#3 WARN: SecretsUsedInArgOrEnv: Do not use ARG or ENV instructions for sensitive data (ENV "FIREBASE_AUTH_EMULATOR_HOST") (line 7)
#3 DONE 0.0s

#4 [runtime-setup internal] load metadata for mirror.gcr.io/library/docker:27.5.1-cli@sha256:851f91d241214e7c6db86513b270d58776379aacc5eb9c4a87e5b47115e3065c
#4 DONE 0.0s

#5 [runtime-setup internal] load metadata for mirror.gcr.io/library/rust:1.88.0-bookworm@sha256:af306cfa71d987911a781c37b59d7d67d934f49684058f96cf72079c3626bfe0
#5 DONE 0.0s

#6 [main internal] load metadata for mirror.gcr.io/library/node:24-bookworm-slim@sha256:6f7b03f7c2c8e2e784dcf9295400527b9b1270fd37b7e9a7285cf83b6951452d
#6 DONE 0.0s

#7 [runtime-setup internal] load .dockerignore
#7 transferring context: 94B done
#7 DONE 0.0s

#8 [main internal] load .dockerignore
#8 transferring context: 2B done
#8 DONE 0.0s

#9 [runtime-setup build  1/10] FROM mirror.gcr.io/library/rust:1.88.0-bookworm@sha256:af306cfa71d987911a781c37b59d7d67d934f49684058f96cf72079c3626bfe0
#9 DONE 0.0s

#10 [runtime-setup runtime-setup 1/4] FROM mirror.gcr.io/library/docker:27.5.1-cli@sha256:851f91d241214e7c6db86513b270d58776379aacc5eb9c4a87e5b47115e3065c
#10 DONE 0.0s

#11 [main toolchain 1/7] FROM mirror.gcr.io/library/node:24-bookworm-slim@sha256:6f7b03f7c2c8e2e784dcf9295400527b9b1270fd37b7e9a7285cf83b6951452d
#11 DONE 0.0s

#12 [runtime-setup internal] load build context
#12 transferring context: 2.91kB done
#12 DONE 0.0s

#13 [main internal] load build context
#13 transferring context: 1.16kB done
#13 DONE 0.0s

#14 [main toolchain 4/7] RUN python3 -m venv /opt/venv  && /opt/venv/bin/pip install --no-cache-dir       google-cloud-storage google-cloud-pubsub google-cloud-firestore google-cloud-datastore google-cloud-secret-manager       "psycopg[binary]" redis requests PyJWT cryptography jsonschema pyyaml pytest
#14 CACHED

#15 [main toolchain 3/7] RUN npm install -g opencode-ai@1.17.8
#15 CACHED

#16 [main toolchain 7/7] RUN mkdir -p /opt/terraform-plugin-cache /tmp/provider-seed  && printf '%s\n'       'terraform {'       '  required_providers {'       '    google = {'       '      source = "hashicorp/google"'       "      version = ">=5.0.0""       '    }'       '    google-beta = {'       '      source = "hashicorp/google-beta"'       "      version = ">=5.0.0""       '    }'       '  }'       '}' > /tmp/provider-seed/main.tf  && terraform -chdir=/tmp/provider-seed init -backend=false -input=false  && rm -rf /tmp/provider-seed  && printf '%s\n'       'plugin_cache_dir = "/opt/terraform-plugin-cache"'       'disable_checkpoint = true' > /etc/terraformrc  && printf '%s\n'       'disable_checkpoint = true'       'provider_installation {'       '  filesystem_mirror {'       '    path    = "/opt/terraform-plugin-cache"'       '    include = ["registry.terraform.io/hashicorp/google", "registry.terraform.io/hashicorp/google-beta"]'       '  }'       '  direct {'       '    exclude = ["registry.terraform.io/hashicorp/google", "registry.terraform.io/hashicorp/google-beta"]'       '  }'       '}' > /etc/terraformrc.offline
#16 CACHED

#17 [main toolchain 5/7] RUN curl -fsSLo "/tmp/terraform_1.15.8_linux_amd64.zip"       "https://releases.hashicorp.com/terraform/1.15.8/terraform_1.15.8_linux_amd64.zip"  && curl -fsSLo /tmp/terraform_SHA256SUMS       "https://releases.hashicorp.com/terraform/1.15.8/terraform_1.15.8_SHA256SUMS"  && cd /tmp  && grep "terraform_1.15.8_linux_amd64.zip" terraform_SHA256SUMS | sha256sum -c -  && unzip -q "terraform_1.15.8_linux_amd64.zip" -d /usr/local/bin  && rm -f "/tmp/terraform_1.15.8_linux_amd64.zip" /tmp/terraform_SHA256SUMS
#17 CACHED

#18 [main agent 2/3] RUN groupadd --gid 10001 agent  && useradd --uid 10001 --gid 10001 --create-home --shell /bin/bash agent  && mkdir -p /workspace/submission /workspace/evidence /workspace/config /artifacts  && chown -R agent:agent /workspace/submission /workspace/evidence /artifacts /home/agent  && chmod 0755 /workspace /workspace/config  && chmod -R a+rX /opt/terraform-plugin-cache
#18 CACHED

#19 [main agent 1/3] COPY workspace/ /workspace/
#19 CACHED

#20 [main toolchain 2/7] RUN apt-get update  && apt-get install -y --no-install-recommends       bash ca-certificates curl wget unzip xz-utils       git patch jq ripgrep fd-find less file vim procps psmisc util-linux       python3 python3-venv python3-pip       postgresql-client redis-tools netcat-openbsd dnsutils  && rm -rf /var/lib/apt/lists/*  && ln -sf /usr/bin/fdfind /usr/local/bin/fd
#20 CACHED

#21 [main toolchain 6/7] RUN curl -fsSLo "/tmp/tofu_1.12.4_linux_amd64.zip"       "https://github.com/opentofu/opentofu/releases/download/v1.12.4/tofu_1.12.4_linux_amd64.zip"  && curl -fsSLo /tmp/tofu_SHA256SUMS       "https://github.com/opentofu/opentofu/releases/download/v1.12.4/tofu_1.12.4_SHA256SUMS"  && cd /tmp  && grep "tofu_1.12.4_linux_amd64.zip" tofu_SHA256SUMS | sha256sum -c -  && unzip -q "tofu_1.12.4_linux_amd64.zip" -d /usr/local/bin  && rm -f "/tmp/tofu_1.12.4_linux_amd64.zip" /tmp/tofu_SHA256SUMS
#21 CACHED

#22 [main agent 3/3] WORKDIR /workspace
#22 CACHED

#23 [runtime-setup build  2/10] RUN apt-get update     && apt-get install --yes --no-install-recommends clang cmake make perl pkg-config     && rm -rf /var/lib/apt/lists/*
#23 CACHED

#24 [runtime-setup build  3/10] WORKDIR /build
#24 CACHED

#25 [runtime-setup build  4/10] COPY Cargo.toml Cargo.lock ./
#25 CACHED

#26 [main] exporting to image
#26 exporting layers done
#26 writing image sha256:e764cd7fe656f9d862ff56284c22f99e140069c100ac2efae601bd0995df94ff done
#26 naming to docker.io/library/mediapulse-ingest__olhhrod__env-main done
#26 DONE 0.0s

#27 [runtime-setup build  5/10] COPY library ./library
#27 DONE 0.0s

#28 [main] resolving provenance for metadata file
#28 DONE 0.0s

#29 [runtime-setup build  6/10] COPY api ./api
#29 DONE 0.0s

#30 [runtime-setup build  7/10] COPY projector ./projector
#30 DONE 0.0s

#31 [runtime-setup build  8/10] COPY outbox-relay ./outbox-relay
#31 DONE 0.0s

#32 [runtime-setup build  9/10] COPY audit-archiver ./audit-archiver
#32 DONE 0.0s

#33 [runtime-setup build 10/10] RUN --mount=type=cache,target=/usr/local/cargo/registry,sharing=locked     --mount=type=cache,target=/usr/local/cargo/git,sharing=locked     --mount=type=cache,target=/build/target,sharing=locked     cargo build --jobs 1 --locked --release --workspace --bins     && mkdir -p /out     && cp target/release/api /out/api     && cp target/release/projector /out/projector     && cp target/release/outbox-relay /out/outbox-relay     && cp target/release/audit-archiver /out/audit-archiver
#33 0.482 error: the lock file /build/Cargo.lock needs to be updated but --locked was passed to prevent this
#33 0.482 If you want to try to generate the lock file without accessing the network, remove the --locked flag and use --offline instead.
#33 ERROR: process "/bin/sh -c cargo build --jobs 1 --locked --release --workspace --bins     && mkdir -p /out     && cp target/release/api /out/api     && cp target/release/projector /out/projector     && cp target/release/outbox-relay /out/outbox-relay     && cp target/release/audit-archiver /out/audit-archiver" did not complete successfully: exit code: 101
------
 > [runtime-setup build 10/10] RUN --mount=type=cache,target=/usr/local/cargo/registry,sharing=locked     --mount=type=cache,target=/usr/local/cargo/git,sharing=locked     --mount=type=cache,target=/build/target,sharing=locked     cargo build --jobs 1 --locked --release --workspace --bins     && mkdir -p /out     && cp target/release/api /out/api     && cp target/release/projector /out/projector     && cp target/release/outbox-relay /out/outbox-relay     && cp target/release/audit-archiver /out/audit-archiver:
0.482 error: the lock file /build/Cargo.lock needs to be updated but --locked was passed to prevent this
0.482 If you want to try to generate the lock file without accessing the network, remove the --locked flag and use --offline instead.
------
Dockerfile:15

--------------------

  14 |     

  15 | >>> RUN --mount=type=cache,target=/usr/local/cargo/registry,sharing=locked \

  16 | >>>     --mount=type=cache,target=/usr/local/cargo/git,sharing=locked \

  17 | >>>     --mount=type=cache,target=/build/target,sharing=locked \

  18 | >>>     cargo build --jobs 1 --locked --release --workspace --bins \

  19 | >>>     && mkdir -p /out \

  20 | >>>     && cp target/release/api /out/api \

  21 | >>>     && cp target/release/projector /out/projector \

  22 | >>>     && cp target/release/outbox-relay /out/outbox-relay \

  23 | >>>     && cp target/release/audit-archiver /out/audit-archiver

  24 |     

--------------------

target runtime-setup: failed to solve: process "/bin/sh -c cargo build --jobs 1 --locked --release --workspace --bins     && mkdir -p /out     && cp target/release/api /out/api     && cp target/release/projector /out/projector     && cp target/release/outbox-relay /out/outbox-relay     && cp target/release/audit-archiver /out/audit-archiver" did not complete successfully: exit code: 101

. Stderr: None. 

During handling of the above exception, another exception occurred:

Traceback (most recent call last):
  File "/Users/azeez/.local/share/uv/tools/realm-verifier/lib/python3.14/site-packages/harbor/trial/artifact_handler.py", line 330, in _download_artifact
    await source_env.service_download_file(
    ...<3 lines>...
    )
  File "/Users/azeez/.local/share/uv/tools/realm-verifier/lib/python3.14/site-packages/harbor/environments/docker/docker.py", line 1052, in service_download_file
    await self.download_file(source_path, target_path)
  File "/Users/azeez/.local/share/uv/tools/realm-verifier/lib/python3.14/site-packages/harbor/environments/docker/docker.py", line 1037, in download_file
    await self._platform.download_file(source_path, target_path)
  File "/Users/azeez/.local/share/uv/tools/realm-verifier/lib/python3.14/site-packages/harbor/environments/docker/docker_unix.py", line 185, in download_file
    await self._env._run_docker_compose_command(
    ...<2 lines>...
    )
  File "/Users/azeez/.local/share/uv/tools/realm-verifier/lib/python3.14/site-packages/harbor/environments/docker/docker.py", line 656, in _run_docker_compose_command
    raise RuntimeError(
    ...<5 lines>...
    )
RuntimeError: Docker compose command failed for environment mediapulse-ingest. Command: docker compose --project-name mediapulse-ingest__olhhrod__env --project-directory /Users/azeez/Azeez/microai/mediapulse-ingest/environment -f /private/var/folders/cx/31vj2yzs6xv5qzw7hx0tvjp40000gn/T/tmpfotsx2og/mediapulse-ingest__oLhHroD__env-docker-compose-resources.json -f /Users/azeez/.local/share/uv/tools/realm-verifier/lib/python3.14/site-packages/harbor/environments/docker/docker-compose-build.yaml -f /Users/azeez/Azeez/microai/mediapulse-ingest/environment/docker-compose.yaml -f /private/var/folders/cx/31vj2yzs6xv5qzw7hx0tvjp40000gn/T/tmp99hq_tt9/docker-compose-environment.json -f /private/var/folders/cx/31vj2yzs6xv5qzw7hx0tvjp40000gn/T/tmpce71q1bp/docker-compose-mounts.json cp main:/workspace/evidence /Users/azeez/Azeez/microai/mediapulse-ingest/jobs/rv-20260923T202550Z-1b2ec6/mediapulse-ingest__oLhHroD/artifacts/evidence. Return code: 1. Stdout: no container found for service "main"
. Stderr: None. 
Not retrying trial because the maximum number of retries has been reached
