Skipping image OS validation for hb__9fe871047c30b731bc0f4fd0ec293d03: docker inspect returned 1
Collecting main service artifacts
Trial mediapulse-ingest__Fh7iowt failed: Docker compose command failed for environment mediapulse-ingest. Command: docker compose --project-name mediapulse-ingest__fh7iowt__verifier__trial --project-directory /Users/azeez/Azeez/microai/mediapulse-ingest/tests -f /private/var/folders/cx/31vj2yzs6xv5qzw7hx0tvjp40000gn/T/tmp9lq_19d1/mediapulse-ingest__Fh7iowt__verifier__trial-docker-compose-resources.json -f /Users/azeez/.local/share/uv/tools/realm-verifier/lib/python3.14/site-packages/harbor/environments/docker/docker-compose-build.yaml -f /Users/azeez/Azeez/microai/mediapulse-ingest/tests/docker-compose.yaml -f /private/var/folders/cx/31vj2yzs6xv5qzw7hx0tvjp40000gn/T/tmp9erepihk/docker-compose-environment.json -f /private/var/folders/cx/31vj2yzs6xv5qzw7hx0tvjp40000gn/T/tmpccq7pqb5/docker-compose-mounts.json build. Return code: 1. Stdout:  Image mediapulse-ingest__fh7iowt__verifier__trial-runner Building 
 Image mediapulse-ingest__fh7iowt__verifier__trial-main Building 
 Image mediapulse-ingest__fh7iowt__verifier__trial-runtime-setup Building 
#1 [internal] load local bake definitions
#1 reading from stdin 1.88kB done
#1 DONE 0.0s

#2 [runtime-setup internal] load build definition from Dockerfile
#2 transferring dockerfile: 6.96kB 0.0s done
#2 WARN: FromPlatformFlagConstDisallowed: FROM --platform flag should not use constant value "linux/amd64" (line 46)
#2 WARN: FromPlatformFlagConstDisallowed: FROM --platform flag should not use constant value "linux/amd64" (line 46)
#2 WARN: FromPlatformFlagConstDisallowed: FROM --platform flag should not use constant value "linux/amd64" (line 46)
#2 WARN: SecretsUsedInArgOrEnv: Do not use ARG or ENV instructions for sensitive data (ENV "SECRET_MANAGER_EMULATOR_HOST") (line 6)
#2 WARN: SecretsUsedInArgOrEnv: Do not use ARG or ENV instructions for sensitive data (ENV "FIREBASE_AUTH_EMULATOR_HOST") (line 6)
#2 DONE 0.0s

#3 [runtime-setup internal] load metadata for mirror.gcr.io/library/docker:27.5.1-cli@sha256:851f91d241214e7c6db86513b270d58776379aacc5eb9c4a87e5b47115e3065c
#3 DONE 0.0s

#4 [main internal] load metadata for mirror.gcr.io/library/python:3.12.11-slim-bookworm@sha256:519591d6871b7bc437060736b9f7456b8731f1499a57e22e6c285135ae657bf7
#4 DONE 0.0s

#5 [runner internal] load metadata for mirror.gcr.io/library/node:24-bookworm-slim@sha256:6f7b03f7c2c8e2e784dcf9295400527b9b1270fd37b7e9a7285cf83b6951452d
#5 DONE 0.0s

#6 [runtime-setup internal] load .dockerignore
#6 transferring context: 2B done
#6 DONE 0.0s

#7 [runtime-setup internal] load metadata for mirror.gcr.io/library/rust:1.88.0-bookworm@sha256:af306cfa71d987911a781c37b59d7d67d934f49684058f96cf72079c3626bfe0
#7 DONE 0.0s

#8 [runtime-setup application-build  1/10] FROM mirror.gcr.io/library/rust:1.88.0-bookworm@sha256:af306cfa71d987911a781c37b59d7d67d934f49684058f96cf72079c3626bfe0
#8 DONE 0.0s

#9 [runtime-setup runtime-setup 1/5] FROM mirror.gcr.io/library/docker:27.5.1-cli@sha256:851f91d241214e7c6db86513b270d58776379aacc5eb9c4a87e5b47115e3065c
#9 DONE 0.0s

#10 [main verifier-base 1/2] FROM mirror.gcr.io/library/python:3.12.11-slim-bookworm@sha256:519591d6871b7bc437060736b9f7456b8731f1499a57e22e6c285135ae657bf7
#10 DONE 0.0s

#11 [runner runner-toolchain 1/6] FROM mirror.gcr.io/library/node:24-bookworm-slim@sha256:6f7b03f7c2c8e2e784dcf9295400527b9b1270fd37b7e9a7285cf83b6951452d
#11 CACHED

#12 [runtime-setup internal] load build context
#12 transferring context: 5.00kB done
#12 DONE 0.0s

#13 [main internal] load build context
#13 transferring context: 410.42kB 0.0s done
#13 DONE 0.0s

#14 [runner internal] load build context
#14 transferring context: 67B done
#14 DONE 0.0s

#15 [main verifier-base 2/2] RUN apt-get update  && apt-get install -y --no-install-recommends bash ca-certificates curl jq  && rm -rf /var/lib/apt/lists/*  && python3 -m venv /opt/venv  && /opt/venv/bin/pip install --no-cache-dir       google-cloud-storage google-cloud-pubsub google-cloud-firestore google-cloud-datastore google-cloud-secret-manager       boto3 botocore "psycopg[binary]" redis requests PyJWT cryptography pyyaml       "jsonschema[format-nongpl]==4.25.1"       "pytest==8.4.1"
#15 CACHED

#16 [runtime-setup application-build  7/10] COPY application/projector ./projector
#16 CACHED

#17 [runtime-setup application-build  4/10] COPY application/Cargo.toml application/Cargo.lock ./
#17 CACHED

#18 [runtime-setup application-build  2/10] RUN apt-get update  && apt-get install --yes --no-install-recommends clang cmake make perl pkg-config  && rm -rf /var/lib/apt/lists/*
#18 CACHED

#19 [runtime-setup application-build  5/10] COPY application/library ./library
#19 CACHED

#20 [runtime-setup application-build  3/10] WORKDIR /build
#20 CACHED

#21 [runtime-setup application-build  6/10] COPY application/api ./api
#21 CACHED

#22 [runtime-setup application-build  8/10] COPY application/outbox-relay ./outbox-relay
#22 CACHED

#23 [runtime-setup application-build  9/10] COPY application/audit-archiver ./audit-archiver
#23 DONE 0.1s

#24 [main verifier 1/4] COPY . /tests/
#24 DONE 0.1s

#25 [runtime-setup application-build 10/10] RUN --mount=type=cache,target=/usr/local/cargo/registry,sharing=locked     --mount=type=cache,target=/usr/local/cargo/git,sharing=locked     --mount=type=cache,target=/build/target,sharing=locked     cargo build --jobs 1 --release --workspace --bins  && mkdir -p /out  && cp target/release/api /out/api  && cp target/release/projector /out/projector  && cp target/release/outbox-relay /out/outbox-relay  && cp target/release/audit-archiver /out/audit-archiver
#25 ...

#26 [main verifier 2/4] COPY runtime/manifest.schema.json /opt/cinderroute-verifier/contracts/manifest.schema.json
#26 DONE 0.0s

#27 [main verifier 3/4] RUN groupadd --gid 10002 verifier  && useradd --uid 10002 --gid 10002 --create-home --shell /bin/bash verifier  && mkdir -p /logs/verifier /workspace/config /workspace/submission /workspace/evidence  && chown -R verifier:verifier /logs/verifier /workspace  && chmod +x /tests/test.sh
#27 DONE 0.3s

#28 [runner runner-toolchain 2/6] RUN apt-get update  && apt-get install -y --no-install-recommends       bash ca-certificates curl wget unzip xz-utils       git patch jq ripgrep fd-find less file vim procps psmisc util-linux       python3 python3-venv python3-pip       postgresql-client redis-tools netcat-openbsd dnsutils  && rm -rf /var/lib/apt/lists/*  && ln -sf /usr/bin/fdfind /usr/local/bin/fd
#28 ...

#29 [main verifier 4/4] WORKDIR /tests
#29 DONE 0.1s

#30 [main] exporting to image
#30 exporting layers 0.1s done
#30 writing image sha256:be70cbb20e1ae12a1f7ca521dfdf069a028d101172f5dba8e093c93f759e45a9 done
#30 naming to docker.io/library/mediapulse-ingest__fh7iowt__verifier__trial-main done
#30 DONE 0.1s

#31 [main] resolving provenance for metadata file
#31 DONE 0.1s

#28 [runner runner-toolchain 2/6] RUN apt-get update  && apt-get install -y --no-install-recommends       bash ca-certificates curl wget unzip xz-utils       git patch jq ripgrep fd-find less file vim procps psmisc util-linux       python3 python3-venv python3-pip       postgresql-client redis-tools netcat-openbsd dnsutils  && rm -rf /var/lib/apt/lists/*  && ln -sf /usr/bin/fdfind /usr/local/bin/fd
#28 1.461 Get:1 http://deb.debian.org/debian bookworm InRelease [151 kB]
#28 1.673 Get:2 http://deb.debian.org/debian bookworm-updates InRelease [55.4 kB]
#28 1.673 Get:3 http://deb.debian.org/debian-security bookworm-security InRelease [34.8 kB]
#28 4.027 Get:4 http://deb.debian.org/debian bookworm/main amd64 Packages [8790 kB]
#28 ...

#25 [runtime-setup application-build 10/10] RUN --mount=type=cache,target=/usr/local/cargo/registry,sharing=locked     --mount=type=cache,target=/usr/local/cargo/git,sharing=locked     --mount=type=cache,target=/build/target,sharing=locked     cargo build --jobs 1 --release --workspace --bins  && mkdir -p /out  && cp target/release/api /out/api  && cp target/release/projector /out/projector  && cp target/release/outbox-relay /out/outbox-relay  && cp target/release/audit-archiver /out/audit-archiver
#25 2.019    Compiling cinderroute-audit-archiver v1.0.0 (/build/audit-archiver)
#25 20.52    Compiling cinderroute-api v1.0.0 (/build/api)
#25 21.13 error[E0609]: no field `sqs` on type `AppState`
#25 21.13   --> api/src/shipments/queries.rs:57:14
#25 21.13    |
#25 21.13 57 |             .sqs
#25 21.13    |              ^^^ unknown field
#25 21.13    |
#25 21.13    = note: available fields are: `db`, `http`, `valkey`, `project_id`, `pubsub_topic` ... and 4 others
#25 21.13 
#25 21.13 error[E0609]: no field `queue_url` on type `AppState`
#25 21.13   --> api/src/shipments/queries.rs:59:31
#25 21.13    |
#25 21.13 59 |             .queue_url(&state.queue_url)
#25 21.13    |                               ^^^^^^^^^ unknown field
#25 21.13    |
#25 21.13    = note: available fields are: `db`, `http`, `valkey`, `project_id`, `pubsub_topic` ... and 4 others
#25 21.13 
#25 21.49 For more information about this error, try `rustc --explain E0609`.
#25 21.51 error: could not compile `cinderroute-api` (bin "api") due to 2 previous errors
#25 ERROR: process "/bin/sh -c cargo build --jobs 1 --release --workspace --bins  && mkdir -p /out  && cp target/release/api /out/api  && cp target/release/projector /out/projector  && cp target/release/outbox-relay /out/outbox-relay  && cp target/release/audit-archiver /out/audit-archiver" did not complete successfully: exit code: 101

#28 [runner runner-toolchain 2/6] RUN apt-get update  && apt-get install -y --no-install-recommends       bash ca-certificates curl wget unzip xz-utils       git patch jq ripgrep fd-find less file vim procps psmisc util-linux       python3 python3-venv python3-pip       postgresql-client redis-tools netcat-openbsd dnsutils  && rm -rf /var/lib/apt/lists/*  && ln -sf /usr/bin/fdfind /usr/local/bin/fd
#28 CANCELED
------
 > [runtime-setup application-build 10/10] RUN --mount=type=cache,target=/usr/local/cargo/registry,sharing=locked     --mount=type=cache,target=/usr/local/cargo/git,sharing=locked     --mount=type=cache,target=/build/target,sharing=locked     cargo build --jobs 1 --release --workspace --bins  && mkdir -p /out  && cp target/release/api /out/api  && cp target/release/projector /out/projector  && cp target/release/outbox-relay /out/outbox-relay  && cp target/release/audit-archiver /out/audit-archiver:
21.13 error[E0609]: no field `queue_url` on type `AppState`
21.13   --> api/src/shipments/queries.rs:59:31
21.13    |
21.13 59 |             .queue_url(&state.queue_url)
21.13    |                               ^^^^^^^^^ unknown field
21.13    |
21.13    = note: available fields are: `db`, `http`, `valkey`, `project_id`, `pubsub_topic` ... and 4 others
21.13 
21.49 For more information about this error, try `rustc --explain E0609`.
21.51 error: could not compile `cinderroute-api` (bin "api") due to 2 previous errors
------
Dockerfile:152

--------------------

 151 |     

 152 | >>> RUN --mount=type=cache,target=/usr/local/cargo/registry,sharing=locked \

 153 | >>>     --mount=type=cache,target=/usr/local/cargo/git,sharing=locked \

 154 | >>>     --mount=type=cache,target=/build/target,sharing=locked \

 155 | >>>     cargo build --jobs 1 --release --workspace --bins \

 156 | >>>  && mkdir -p /out \

 157 | >>>  && cp target/release/api /out/api \

 158 | >>>  && cp target/release/projector /out/projector \

 159 | >>>  && cp target/release/outbox-relay /out/outbox-relay \

 160 | >>>  && cp target/release/audit-archiver /out/audit-archiver

 161 |     

--------------------

target runtime-setup: failed to solve: process "/bin/sh -c cargo build --jobs 1 --release --workspace --bins  && mkdir -p /out  && cp target/release/api /out/api  && cp target/release/projector /out/projector  && cp target/release/outbox-relay /out/outbox-relay  && cp target/release/audit-archiver /out/audit-archiver" did not complete successfully: exit code: 101

. Stderr: None. 
