2026-09-24T13:15:36.266+0530 [INFO]  Terraform version: 1.13.4
2026-09-24T13:15:36.267+0530 [DEBUG] using github.com/hashicorp/go-tfe v1.74.1
2026-09-24T13:15:36.267+0530 [DEBUG] using github.com/hashicorp/hcl/v2 v2.24.0
2026-09-24T13:15:36.267+0530 [DEBUG] using github.com/hashicorp/terraform-svchost v0.1.1
2026-09-24T13:15:36.267+0530 [DEBUG] using github.com/zclconf/go-cty v1.16.3
2026-09-24T13:15:36.267+0530 [INFO]  Go runtime version: go1.24.5
2026-09-24T13:15:36.267+0530 [INFO]  CLI args: []string{"terraform", "apply", "-auto-approve"}
2026-09-24T13:15:36.267+0530 [TRACE] Stdout is a terminal of width 80
2026-09-24T13:15:36.267+0530 [TRACE] Stderr is a terminal of width 80
2026-09-24T13:15:36.267+0530 [TRACE] Stdin is a terminal
2026-09-24T13:15:36.267+0530 [DEBUG] Attempting to open CLI config file: /Users/azeez/.terraformrc
2026-09-24T13:15:36.267+0530 [DEBUG] File doesn't exist, but doesn't need to. Ignoring.
2026-09-24T13:15:36.267+0530 [DEBUG] ignoring non-existing provider search directory terraform.d/plugins
2026-09-24T13:15:36.267+0530 [DEBUG] ignoring non-existing provider search directory /Users/azeez/.terraform.d/plugins
2026-09-24T13:15:36.267+0530 [DEBUG] ignoring non-existing provider search directory /Users/azeez/Library/Application Support/io.terraform/plugins
2026-09-24T13:15:36.267+0530 [DEBUG] ignoring non-existing provider search directory /Library/Application Support/io.terraform/plugins
2026-09-24T13:15:36.267+0530 [INFO]  CLI command args: []string{"apply", "-auto-approve"}
2026-09-24T13:15:36.274+0530 [TRACE] Meta.Backend: no config given or present on disk, so returning nil config
2026-09-24T13:15:36.274+0530 [TRACE] Meta.Backend: backend has not previously been initialized in this working directory
2026-09-24T13:15:36.274+0530 [TRACE] Meta.Backend: using default local state only (no backend configuration, and no existing initialized backend)
2026-09-24T13:15:36.274+0530 [TRACE] Meta.Backend: instantiated backend of type <nil>
2026-09-24T13:15:36.275+0530 [TRACE] providercache.fillMetaCache: scanning directory .terraform/providers
2026-09-24T13:15:36.275+0530 [TRACE] getproviders.SearchLocalDirectory: found registry.terraform.io/hashicorp/google v8.4.0 for darwin_arm64 at .terraform/providers/registry.terraform.io/hashicorp/google/8.4.0/darwin_arm64
2026-09-24T13:15:36.275+0530 [TRACE] getproviders.SearchLocalDirectory: found registry.terraform.io/hashicorp/google-beta v8.4.0 for darwin_arm64 at .terraform/providers/registry.terraform.io/hashicorp/google-beta/8.4.0/darwin_arm64
2026-09-24T13:15:36.275+0530 [TRACE] providercache.fillMetaCache: including .terraform/providers/registry.terraform.io/hashicorp/google/8.4.0/darwin_arm64 as a candidate package for registry.terraform.io/hashicorp/google 8.4.0
2026-09-24T13:15:36.275+0530 [TRACE] providercache.fillMetaCache: including .terraform/providers/registry.terraform.io/hashicorp/google-beta/8.4.0/darwin_arm64 as a candidate package for registry.terraform.io/hashicorp/google-beta 8.4.0
2026-09-24T13:15:36.357+0530 [TRACE] providercache.fillMetaCache: using cached result from previous scan of .terraform/providers
2026-09-24T13:15:36.442+0530 [DEBUG] checking for provisioner in "."
2026-09-24T13:15:36.443+0530 [DEBUG] checking for provisioner in "/opt/homebrew/bin"
2026-09-24T13:15:36.443+0530 [TRACE] Meta.Backend: backend <nil> does not support operations, so wrapping it in a local backend
2026-09-24T13:15:36.445+0530 [INFO]  backend/local: starting Apply operation
2026-09-24T13:15:36.445+0530 [TRACE] backend/local: requesting state manager for workspace "default"
2026-09-24T13:15:36.445+0530 [TRACE] backend/local: state manager for workspace "default" will:
 - read initial snapshot from terraform.tfstate
 - write new snapshots to terraform.tfstate
 - create any backup at terraform.tfstate.backup
2026-09-24T13:15:36.445+0530 [TRACE] backend/local: requesting state lock for workspace "default"
2026-09-24T13:15:36.447+0530 [TRACE] statemgr.Filesystem: preparing to manage state snapshots at terraform.tfstate
2026-09-24T13:15:36.447+0530 [TRACE] statemgr.Filesystem: no previously-stored snapshot exists
2026-09-24T13:15:36.447+0530 [TRACE] statemgr.Filesystem: locking terraform.tfstate using fcntl flock
2026-09-24T13:15:36.447+0530 [TRACE] statemgr.Filesystem: writing lock metadata to .terraform.tfstate.lock.info
2026-09-24T13:15:36.448+0530 [TRACE] backend/local: reading remote state for workspace "default"
2026-09-24T13:15:36.448+0530 [TRACE] statemgr.Filesystem: reading latest snapshot from terraform.tfstate
2026-09-24T13:15:36.448+0530 [TRACE] statemgr.Filesystem: snapshot file has nil snapshot, but that's okay
2026-09-24T13:15:36.448+0530 [TRACE] statemgr.Filesystem: read nil snapshot
2026-09-24T13:15:36.448+0530 [TRACE] backend/local: populating backendrun.LocalRun for current working directory
2026-09-24T13:15:36.449+0530 [TRACE] Config.VerifyDependencySelections: provider registry.terraform.io/hashicorp/google has 8.4.0 to satisfy ">= 5.0.0"
2026-09-24T13:15:36.449+0530 [TRACE] Config.VerifyDependencySelections: provider registry.terraform.io/hashicorp/google-beta has 8.4.0 to satisfy ">= 5.0.0"
2026-09-24T13:15:36.449+0530 [DEBUG] backend/local: will prompt for input of unset required variables [api_image gcp_project_id db_username relay_image prefix db_name archiver_image db_password processor_image]
2026-09-24T13:15:36.449+0530 [DEBUG] command: asking for input: "var.api_image"
