Initializing provider plugins...
- Finding hashicorp/google versions matching ">= 5.0.0"...
- Finding hashicorp/google-beta versions matching ">= 5.0.0"...
- Installing hashicorp/google-beta v8.4.0...
- Installed hashicorp/google-beta v8.4.0 (unauthenticated)
- Installing hashicorp/google v8.4.0...
- Installed hashicorp/google v8.4.0 (unauthenticated)

Terraform has created a lock file .terraform.lock.hcl to record the provider
selections it made above. Include this file in your version control repository
so that Terraform can guarantee to make the same selections by default when
you run "terraform init" in the future.


Warning: Incomplete lock file information for providers

Due to your customized provider installation methods, Terraform was forced to
calculate lock file checksums locally for the following providers:
  - hashicorp/google
  - hashicorp/google-beta

The current .terraform.lock.hcl file only includes checksums for linux_amd64,
so Terraform running on another platform will fail to install these
providers.

To calculate additional checksums for another platform, run:
  terraform providers lock -platform=linux_amd64
(where linux_amd64 is the platform to generate)
Terraform has been successfully initialized!
