Trial mediapulse-ingest__nefruTs failed: Docker compose command failed for environment mediapulse-ingest. Command: docker compose --project-name mediapulse-ingest__nefruts__env --project-directory /Users/azeez/Azeez/microai/mediapulse-ingest/environment -f /private/var/folders/cx/31vj2yzs6xv5qzw7hx0tvjp40000gn/T/tmphiyyoa38/mediapulse-ingest__nefruTs__env-docker-compose-resources.json -f /Users/azeez/.local/share/uv/tools/realm-verifier/lib/python3.14/site-packages/harbor/environments/docker/docker-compose-build.yaml -f /Users/azeez/Azeez/microai/mediapulse-ingest/environment/docker-compose.yaml -f /private/var/folders/cx/31vj2yzs6xv5qzw7hx0tvjp40000gn/T/tmpp0f6j2bs/docker-compose-environment.json -f /private/var/folders/cx/31vj2yzs6xv5qzw7hx0tvjp40000gn/T/tmp49qdmbz_/docker-compose-mounts.json build. Return code: 1. Stdout:  Image mediapulse-ingest__nefruts__env-gcp-gateway Building 
 Image mediapulse-ingest__nefruts__env-main Building 
 Image mediapulse-ingest__nefruts__env-runtime-setup Building 
#1 [internal] load local bake definitions
#1 reading from stdin 1.79kB done
#1 DONE 0.0s

#2 [runtime-setup internal] load build definition from Dockerfile
#2 transferring dockerfile: 1.22kB done
#2 DONE 0.0s

#3 [gcp-gateway internal] load build definition from Dockerfile
#3 transferring dockerfile: 15.04kB done
#3 DONE 0.0s

#4 [runtime-setup internal] load metadata for mirror.gcr.io/library/docker:27.5.1-cli@sha256:851f91d241214e7c6db86513b270d58776379aacc5eb9c4a87e5b47115e3065c
#4 DONE 0.0s

#5 [runtime-setup internal] load metadata for mirror.gcr.io/library/rust:1.88.0-bookworm@sha256:af306cfa71d987911a781c37b59d7d67d934f49684058f96cf72079c3626bfe0
#5 DONE 0.1s
Dockerfile:327

--------------------

 326 |     EOF

 327 | >>>  && chmod +x /opt/venv/bin/opencode \

 328 | >>>  && chown -R agent:agent /workspace/submission /workspace/evidence /artifacts /home/agent \

 329 | >>>  && chmod 0755 /workspace /workspace/config \

 330 | >>>  && chmod -R a+rX /opt/terraform-plugin-cache

 331 |     

--------------------

target main: failed to solve: dockerfile parse error on line 327: unknown instruction: &&

. Stderr: None. 
Collecting main service artifacts
Failed to download artifact '/workspace/submission' from service 'main' (best-effort)
Traceback (most recent call last):
  File "/Users/azeez/.local/share/uv/tools/realm-verifier/lib/python3.14/site-packages/harbor/trial/trial.py", line 351, in run
    await self._prepare()
  File "/Users/azeez/.local/share/uv/tools/realm-verifier/lib/python3.14/site-packages/harbor/trial/trial.py", line 385, in _prepare
    await self._setup_agent_environment()
  File "/Users/azeez/.local/share/uv/tools/realm-verifier/lib/python3.14/site-packages/harbor/trial/trial.py", line 1148, in _setup_agent_environment
    await self._start_agent_environment()
  File "/Users/azeez/.local/share/uv/tools/realm-verifier/lib/python3.14/site-packages/harbor/trial/trial.py", line 1154, in _start_agent_environment
    await asyncio.wait_for(
    ...<4 lines>...
    )
  File "/opt/homebrew/Cellar/python@3.14/3.14.2_1/Frameworks/Python.framework/Versions/3.14/lib/python3.14/asyncio/tasks.py", line 488, in wait_for
    return await fut
           ^^^^^^^^^
  File "/Users/azeez/.local/share/uv/tools/realm-verifier/lib/python3.14/site-packages/harbor/environments/docker/docker.py", line 891, in start
    await self._run_docker_compose_command(["build"])
  File "/Users/azeez/.local/share/uv/tools/realm-verifier/lib/python3.14/site-packages/harbor/environments/docker/docker.py", line 656, in _run_docker_compose_command
    raise RuntimeError(
    ...<5 lines>...
    )
RuntimeError: Docker compose command failed for environment mediapulse-ingest. Command: docker compose --project-name mediapulse-ingest__nefruts__env --project-directory /Users/azeez/Azeez/microai/mediapulse-ingest/environment -f /private/var/folders/cx/31vj2yzs6xv5qzw7hx0tvjp40000gn/T/tmphiyyoa38/mediapulse-ingest__nefruTs__env-docker-compose-resources.json -f /Users/azeez/.local/share/uv/tools/realm-verifier/lib/python3.14/site-packages/harbor/environments/docker/docker-compose-build.yaml -f /Users/azeez/Azeez/microai/mediapulse-ingest/environment/docker-compose.yaml -f /private/var/folders/cx/31vj2yzs6xv5qzw7hx0tvjp40000gn/T/tmpp0f6j2bs/docker-compose-environment.json -f /private/var/folders/cx/31vj2yzs6xv5qzw7hx0tvjp40000gn/T/tmp49qdmbz_/docker-compose-mounts.json build. Return code: 1. Stdout:  Image mediapulse-ingest__nefruts__env-gcp-gateway Building 
 Image mediapulse-ingest__nefruts__env-main Building 
 Image mediapulse-ingest__nefruts__env-runtime-setup Building 
#1 [internal] load local bake definitions
#1 reading from stdin 1.79kB done
#1 DONE 0.0s

#2 [runtime-setup internal] load build definition from Dockerfile
#2 transferring dockerfile: 1.22kB done
#2 DONE 0.0s

#3 [gcp-gateway internal] load build definition from Dockerfile
#3 transferring dockerfile: 15.04kB done
#3 DONE 0.0s

#4 [runtime-setup internal] load metadata for mirror.gcr.io/library/docker:27.5.1-cli@sha256:851f91d241214e7c6db86513b270d58776379aacc5eb9c4a87e5b47115e3065c
#4 DONE 0.0s

#5 [runtime-setup internal] load metadata for mirror.gcr.io/library/rust:1.88.0-bookworm@sha256:af306cfa71d987911a781c37b59d7d67d934f49684058f96cf72079c3626bfe0
#5 DONE 0.1s
Dockerfile:327

--------------------

 326 |     EOF

 327 | >>>  && chmod +x /opt/venv/bin/opencode \

 328 | >>>  && chown -R agent:agent /workspace/submission /workspace/evidence /artifacts /home/agent \

 329 | >>>  && chmod 0755 /workspace /workspace/config \

 330 | >>>  && chmod -R a+rX /opt/terraform-plugin-cache

 331 |     

--------------------

target main: failed to solve: dockerfile parse error on line 327: unknown instruction: &&

. Stderr: None. 

During handling of the above exception, another exception occurred:

Traceback (most recent call last):
  File "/Users/azeez/.local/share/uv/tools/realm-verifier/lib/python3.14/site-packages/harbor/trial/artifact_handler.py", line 330, in _download_artifact
    await source_env.service_download_file(
    ...<3 lines>...
    )
  File "/Users/azeez/.local/share/uv/tools/realm-verifier/lib/python3.14/site-packages/harbor/environments/docker/docker.py", line 1052, in service_download_file
    await self.download_file(source_path, target_path)
  File "/Users/azeez/.local/share/uv/tools/realm-verifier/lib/python3.14/site-packages/harbor/environments/docker/docker.py", line 1037, in download_file
    await self._platform.download_file(source_path, target_path)
  File "/Users/azeez/.local/share/uv/tools/realm-verifier/lib/python3.14/site-packages/harbor/environments/docker/docker_unix.py", line 185, in download_file
    await self._env._run_docker_compose_command(
    ...<2 lines>...
    )
  File "/Users/azeez/.local/share/uv/tools/realm-verifier/lib/python3.14/site-packages/harbor/environments/docker/docker.py", line 656, in _run_docker_compose_command
    raise RuntimeError(
    ...<5 lines>...
    )
RuntimeError: Docker compose command failed for environment mediapulse-ingest. Command: docker compose --project-name mediapulse-ingest__nefruts__env --project-directory /Users/azeez/Azeez/microai/mediapulse-ingest/environment -f /private/var/folders/cx/31vj2yzs6xv5qzw7hx0tvjp40000gn/T/tmphiyyoa38/mediapulse-ingest__nefruTs__env-docker-compose-resources.json -f /Users/azeez/.local/share/uv/tools/realm-verifier/lib/python3.14/site-packages/harbor/environments/docker/docker-compose-build.yaml -f /Users/azeez/Azeez/microai/mediapulse-ingest/environment/docker-compose.yaml -f /private/var/folders/cx/31vj2yzs6xv5qzw7hx0tvjp40000gn/T/tmpp0f6j2bs/docker-compose-environment.json -f /private/var/folders/cx/31vj2yzs6xv5qzw7hx0tvjp40000gn/T/tmp49qdmbz_/docker-compose-mounts.json cp main:/workspace/submission /Users/azeez/Azeez/microai/mediapulse-ingest/jobs/rv-20260925T125339Z-cd0640/mediapulse-ingest__nefruTs/artifacts/submission. Return code: 1. Stdout: no container found for service "main"
. Stderr: None. 
Failed to download artifact '/workspace/evidence' from service 'main' (best-effort)
Traceback (most recent call last):
  File "/Users/azeez/.local/share/uv/tools/realm-verifier/lib/python3.14/site-packages/harbor/trial/trial.py", line 351, in run
    await self._prepare()
  File "/Users/azeez/.local/share/uv/tools/realm-verifier/lib/python3.14/site-packages/harbor/trial/trial.py", line 385, in _prepare
    await self._setup_agent_environment()
  File "/Users/azeez/.local/share/uv/tools/realm-verifier/lib/python3.14/site-packages/harbor/trial/trial.py", line 1148, in _setup_agent_environment
    await self._start_agent_environment()
  File "/Users/azeez/.local/share/uv/tools/realm-verifier/lib/python3.14/site-packages/harbor/trial/trial.py", line 1154, in _start_agent_environment
    await asyncio.wait_for(
    ...<4 lines>...
    )
  File "/opt/homebrew/Cellar/python@3.14/3.14.2_1/Frameworks/Python.framework/Versions/3.14/lib/python3.14/asyncio/tasks.py", line 488, in wait_for
    return await fut
           ^^^^^^^^^
  File "/Users/azeez/.local/share/uv/tools/realm-verifier/lib/python3.14/site-packages/harbor/environments/docker/docker.py", line 891, in start
    await self._run_docker_compose_command(["build"])
  File "/Users/azeez/.local/share/uv/tools/realm-verifier/lib/python3.14/site-packages/harbor/environments/docker/docker.py", line 656, in _run_docker_compose_command
    raise RuntimeError(
    ...<5 lines>...
    )
RuntimeError: Docker compose command failed for environment mediapulse-ingest. Command: docker compose --project-name mediapulse-ingest__nefruts__env --project-directory /Users/azeez/Azeez/microai/mediapulse-ingest/environment -f /private/var/folders/cx/31vj2yzs6xv5qzw7hx0tvjp40000gn/T/tmphiyyoa38/mediapulse-ingest__nefruTs__env-docker-compose-resources.json -f /Users/azeez/.local/share/uv/tools/realm-verifier/lib/python3.14/site-packages/harbor/environments/docker/docker-compose-build.yaml -f /Users/azeez/Azeez/microai/mediapulse-ingest/environment/docker-compose.yaml -f /private/var/folders/cx/31vj2yzs6xv5qzw7hx0tvjp40000gn/T/tmpp0f6j2bs/docker-compose-environment.json -f /private/var/folders/cx/31vj2yzs6xv5qzw7hx0tvjp40000gn/T/tmp49qdmbz_/docker-compose-mounts.json build. Return code: 1. Stdout:  Image mediapulse-ingest__nefruts__env-gcp-gateway Building 
 Image mediapulse-ingest__nefruts__env-main Building 
 Image mediapulse-ingest__nefruts__env-runtime-setup Building 
#1 [internal] load local bake definitions
#1 reading from stdin 1.79kB done
#1 DONE 0.0s

#2 [runtime-setup internal] load build definition from Dockerfile
#2 transferring dockerfile: 1.22kB done
#2 DONE 0.0s

#3 [gcp-gateway internal] load build definition from Dockerfile
#3 transferring dockerfile: 15.04kB done
#3 DONE 0.0s

#4 [runtime-setup internal] load metadata for mirror.gcr.io/library/docker:27.5.1-cli@sha256:851f91d241214e7c6db86513b270d58776379aacc5eb9c4a87e5b47115e3065c
#4 DONE 0.0s

#5 [runtime-setup internal] load metadata for mirror.gcr.io/library/rust:1.88.0-bookworm@sha256:af306cfa71d987911a781c37b59d7d67d934f49684058f96cf72079c3626bfe0
#5 DONE 0.1s
Dockerfile:327

--------------------

 326 |     EOF

 327 | >>>  && chmod +x /opt/venv/bin/opencode \

 328 | >>>  && chown -R agent:agent /workspace/submission /workspace/evidence /artifacts /home/agent \

 329 | >>>  && chmod 0755 /workspace /workspace/config \

 330 | >>>  && chmod -R a+rX /opt/terraform-plugin-cache

 331 |     

--------------------

target main: failed to solve: dockerfile parse error on line 327: unknown instruction: &&

. Stderr: None. 

During handling of the above exception, another exception occurred:

Traceback (most recent call last):
  File "/Users/azeez/.local/share/uv/tools/realm-verifier/lib/python3.14/site-packages/harbor/trial/artifact_handler.py", line 330, in _download_artifact
    await source_env.service_download_file(
    ...<3 lines>...
    )
  File "/Users/azeez/.local/share/uv/tools/realm-verifier/lib/python3.14/site-packages/harbor/environments/docker/docker.py", line 1052, in service_download_file
    await self.download_file(source_path, target_path)
  File "/Users/azeez/.local/share/uv/tools/realm-verifier/lib/python3.14/site-packages/harbor/environments/docker/docker.py", line 1037, in download_file
    await self._platform.download_file(source_path, target_path)
  File "/Users/azeez/.local/share/uv/tools/realm-verifier/lib/python3.14/site-packages/harbor/environments/docker/docker_unix.py", line 185, in download_file
    await self._env._run_docker_compose_command(
    ...<2 lines>...
    )
  File "/Users/azeez/.local/share/uv/tools/realm-verifier/lib/python3.14/site-packages/harbor/environments/docker/docker.py", line 656, in _run_docker_compose_command
    raise RuntimeError(
    ...<5 lines>...
    )
RuntimeError: Docker compose command failed for environment mediapulse-ingest. Command: docker compose --project-name mediapulse-ingest__nefruts__env --project-directory /Users/azeez/Azeez/microai/mediapulse-ingest/environment -f /private/var/folders/cx/31vj2yzs6xv5qzw7hx0tvjp40000gn/T/tmphiyyoa38/mediapulse-ingest__nefruTs__env-docker-compose-resources.json -f /Users/azeez/.local/share/uv/tools/realm-verifier/lib/python3.14/site-packages/harbor/environments/docker/docker-compose-build.yaml -f /Users/azeez/Azeez/microai/mediapulse-ingest/environment/docker-compose.yaml -f /private/var/folders/cx/31vj2yzs6xv5qzw7hx0tvjp40000gn/T/tmpp0f6j2bs/docker-compose-environment.json -f /private/var/folders/cx/31vj2yzs6xv5qzw7hx0tvjp40000gn/T/tmp49qdmbz_/docker-compose-mounts.json cp main:/workspace/evidence /Users/azeez/Azeez/microai/mediapulse-ingest/jobs/rv-20260925T125339Z-cd0640/mediapulse-ingest__nefruTs/artifacts/evidence. Return code: 1. Stdout: no container found for service "main"
. Stderr: None. 
