google_identity_platform_tenant.mediapulse: Refreshing state... [id=projects/mp-ver-2540ecfd/tenants/tenant-bd4ce600]
google_service_account.relay: Refreshing state... [id=projects/mp-ver-2540ecfd/serviceAccounts/mp-a740fb947898-relay-sa@mp-ver-2540ecfd.iam.gserviceaccount.com]
google_service_account.pubsub_invoker: Refreshing state... [id=projects/mp-ver-2540ecfd/serviceAccounts/mp-a740fb947898-pubsub-push-sa@mp-ver-2540ecfd.iam.gserviceaccount.com]
google_service_account.client_read: Refreshing state... [id=projects/mp-ver-2540ecfd/serviceAccounts/mp-a740fb947898-client-read@mp-ver-2540ecfd.iam.gserviceaccount.com]
google_service_account.processor: Refreshing state... [id=projects/mp-ver-2540ecfd/serviceAccounts/mp-a740fb947898-processor-sa@mp-ver-2540ecfd.iam.gserviceaccount.com]
google_monitoring_notification_channel.ops_email: Refreshing state... [id=projects/mp-ver-2540ecfd/notificationChannels/notificationChannel-3ea460de]
google_service_account.api: Refreshing state... [id=projects/mp-ver-2540ecfd/serviceAccounts/mp-a740fb947898-api-sa@mp-ver-2540ecfd.iam.gserviceaccount.com]
google_service_account.scheduler: Refreshing state... [id=projects/mp-ver-2540ecfd/serviceAccounts/mp-a740fb947898-scheduler-sa@mp-ver-2540ecfd.iam.gserviceaccount.com]
google_compute_network.ingest: Refreshing state... [id=projects/mp-ver-2540ecfd/global/networks/mp-a740fb947898-vpc]
google_secret_manager_secret.db_credentials: Refreshing state... [id=projects/mp-ver-2540ecfd/secrets/mp-a740fb947898-db-credentials]
google_cloud_tasks_queue.projection_rebuild: Refreshing state... [id=projects/mp-ver-2540ecfd/locations/us-east1/queues/mp-a740fb947898-projection-rebuild-q]
google_compute_global_address.api_ip: Refreshing state... [id=projects/mp-ver-2540ecfd/global/addresses/mp-a740fb947898-api-lb-ip]
google_service_account.client_admin: Refreshing state... [id=projects/mp-ver-2540ecfd/serviceAccounts/mp-a740fb947898-client-admin@mp-ver-2540ecfd.iam.gserviceaccount.com]
google_service_account.archiver: Refreshing state... [id=projects/mp-ver-2540ecfd/serviceAccounts/mp-a740fb947898-archiver-sa@mp-ver-2540ecfd.iam.gserviceaccount.com]
google_kms_key_ring.mediapulse: Refreshing state... [id=projects/mp-ver-2540ecfd/locations/us-east1/keyRings/mp-a740fb947898-keyring]
google_service_account.client_write: Refreshing state... [id=projects/mp-ver-2540ecfd/serviceAccounts/mp-a740fb947898-client-write@mp-ver-2540ecfd.iam.gserviceaccount.com]
google_logging_project_bucket_config.central: Refreshing state... [id=projects/mp-ver-2540ecfd/locations/us-east1/buckets/mp-a740fb947898-logs]
google_project_iam_member.relay_cloudsql_client: Refreshing state... [id=mp-ver-2540ecfd/roles/cloudsql.client/serviceAccount:mp-a740fb947898-relay-sa@mp-ver-2540ecfd.iam.gserviceaccount.com]
google_project_iam_member.processor_datastore_user: Refreshing state... [id=mp-ver-2540ecfd/roles/datastore.user/serviceAccount:mp-a740fb947898-processor-sa@mp-ver-2540ecfd.iam.gserviceaccount.com]
google_compute_subnetwork.private: Refreshing state... [id=projects/mp-ver-2540ecfd/regions/us-east1/subnetworks/mp-a740fb947898-subnet-private]
google_compute_subnetwork.ingress: Refreshing state... [id=projects/mp-ver-2540ecfd/regions/us-east1/subnetworks/mp-a740fb947898-subnet-ingress]
google_compute_firewall.allow_workloads_to_postgres: Refreshing state... [id=projects/mp-ver-2540ecfd/global/firewalls/mp-a740fb947898-allow-workloads-pg]
google_compute_firewall.deny_external_ingress: Refreshing state... [id=projects/mp-ver-2540ecfd/global/firewalls/mp-a740fb947898-deny-external-ingress]
google_compute_firewall.allow_lb_to_api: Refreshing state... [id=projects/mp-ver-2540ecfd/global/firewalls/mp-a740fb947898-allow-lb-to-api]
google_service_account_key.client_admin: Refreshing state... [id=projects/mp-ver-2540ecfd/serviceAccounts/mp-a740fb947898-client-admin@mp-ver-2540ecfd.iam.gserviceaccount.com/keys/ac01c4ab341146b0]
google_service_account_key.client_write: Refreshing state... [id=projects/mp-ver-2540ecfd/serviceAccounts/mp-a740fb947898-client-write@mp-ver-2540ecfd.iam.gserviceaccount.com/keys/b6d7e47c43e44fb3]
google_kms_crypto_key.projection: Refreshing state... [id=projects/mp-ver-2540ecfd/locations/us-east1/keyRings/mp-a740fb947898-keyring/cryptoKeys/mp-a740fb947898-projection-cmek]
google_kms_crypto_key.audit: Refreshing state... [id=projects/mp-ver-2540ecfd/locations/us-east1/keyRings/mp-a740fb947898-keyring/cryptoKeys/mp-a740fb947898-audit-cmek]
google_kms_crypto_key.messaging: Refreshing state... [id=projects/mp-ver-2540ecfd/locations/us-east1/keyRings/mp-a740fb947898-keyring/cryptoKeys/mp-a740fb947898-messaging-cmek]
google_project_iam_member.archiver_cloudsql_client: Refreshing state... [id=mp-ver-2540ecfd/roles/cloudsql.client/serviceAccount:mp-a740fb947898-archiver-sa@mp-ver-2540ecfd.iam.gserviceaccount.com]
google_kms_crypto_key.database: Refreshing state... [id=projects/mp-ver-2540ecfd/locations/us-east1/keyRings/mp-a740fb947898-keyring/cryptoKeys/mp-a740fb947898-database-cmek]
google_firestore_database.projections: Refreshing state... [id=projects/mp-ver-2540ecfd/databases/mp-a740fb947898-projections]
google_pubsub_topic.events: Refreshing state... [id=projects/mp-ver-2540ecfd/topics/mp-a740fb947898-events]
google_bigquery_dataset.audit_analytics: Refreshing state... [id=projects/mp-ver-2540ecfd/datasets/mp_a740fb947898_audit_analytics]
google_storage_bucket.audit: Refreshing state... [id=mp-a740fb947898-mp-ver-2540ecfd-audit]
google_pubsub_topic.dead_letters: Refreshing state... [id=projects/mp-ver-2540ecfd/topics/mp-a740fb947898-events-dlq]
google_sql_database_instance.events: Refreshing state... [id=mp-a740fb947898-events-pg]
google_firestore_index.media_cache: Refreshing state... [id=projects/mp-ver-2540ecfd/databases/mp-a740fb947898-projections/collectionGroups/MediaCache/indexes/idx-ae37ae3c]
google_cloudfunctions2_function.processor: Refreshing state... [id=projects/mp-ver-2540ecfd/locations/us-east1/functions/mp-a740fb947898-processor]
google_pubsub_topic_iam_member.relay_publish_events: Refreshing state... [id=projects/mp-ver-2540ecfd/topics/mp-a740fb947898-events/roles/pubsub.publisher/serviceAccount:mp-a740fb947898-relay-sa@mp-ver-2540ecfd.iam.gserviceaccount.com]
google_pubsub_subscription.dead_letters: Refreshing state... [id=projects/mp-ver-2540ecfd/subscriptions/mp-a740fb947898-events-dlq-sub]
google_bigquery_table.archived_events: Refreshing state... [id=projects/mp-ver-2540ecfd/datasets/mp_a740fb947898_audit_analytics/tables/archived_events]
google_storage_bucket_iam_member.archiver_write_audit: Refreshing state... [id=b/mp-a740fb947898-mp-ver-2540ecfd-audit/roles/storage.objectAdmin/serviceAccount:mp-a740fb947898-archiver-sa@mp-ver-2540ecfd.iam.gserviceaccount.com]
google_sql_database.mediapulse: Refreshing state... [id=projects/mp-ver-2540ecfd/instances/mp-a740fb947898-events-pg/databases/mp_fd6530]
google_sql_user.app: Refreshing state... [id=mp_user_bb50a6/%/mp-a740fb947898-events-pg]
google_cloudfunctions2_function.relay: Refreshing state... [id=projects/mp-ver-2540ecfd/locations/us-east1/functions/mp-a740fb947898-outbox-relay]
google_secret_manager_secret_version.db_credentials_v1: Refreshing state... [id=projects/mp-ver-2540ecfd/secrets/mp-a740fb947898-db-credentials/versions/1]
google_cloudfunctions2_function.archiver: Refreshing state... [id=projects/mp-ver-2540ecfd/locations/us-east1/functions/mp-a740fb947898-audit-archiver]
google_pubsub_subscription.processor_push: Refreshing state... [id=projects/mp-ver-2540ecfd/subscriptions/mp-a740fb947898-events-processor-sub]
google_logging_project_sink.processor: Refreshing state... [id=projects/mp-ver-2540ecfd/sinks/mp-a740fb947898-processor-sink]
google_cloud_scheduler_job.relay: Refreshing state... [id=projects/mp-ver-2540ecfd/locations/us-east1/jobs/mp-a740fb947898-relay-schedule]
google_logging_project_sink.relay: Refreshing state... [id=projects/mp-ver-2540ecfd/sinks/mp-a740fb947898-relay-sink]
google_pubsub_subscription_iam_member.processor_consume_events: Refreshing state... [id=projects/mp-ver-2540ecfd/subscriptions/mp-a740fb947898-events-processor-sub/roles/pubsub.subscriber/serviceAccount:mp-a740fb947898-processor-sa@mp-ver-2540ecfd.iam.gserviceaccount.com]
google_logging_project_sink.archiver: Refreshing state... [id=projects/mp-ver-2540ecfd/sinks/mp-a740fb947898-archiver-sink]
google_cloud_scheduler_job.archiver: Refreshing state... [id=projects/mp-ver-2540ecfd/locations/us-east1/jobs/mp-a740fb947898-archiver-schedule]
google_service_account_key.client_read: Refreshing state... [id=projects/mp-ver-2540ecfd/serviceAccounts/mp-a740fb947898-client-read@mp-ver-2540ecfd.iam.gserviceaccount.com/keys/441b6c257a854587]
google_secret_manager_secret_iam_member.api_db_secret_accessor: Refreshing state... [id=projects/mp-ver-2540ecfd/secrets/mp-a740fb947898-db-credentials/roles/secretmanager.secretAccessor/serviceAccount:mp-a740fb947898-api-sa@mp-ver-2540ecfd.iam.gserviceaccount.com]
google_project_iam_member.api_cloudsql_client: Refreshing state... [id=mp-ver-2540ecfd/roles/cloudsql.client/serviceAccount:mp-a740fb947898-api-sa@mp-ver-2540ecfd.iam.gserviceaccount.com]
google_pubsub_topic_iam_member.api_publish_events: Refreshing state... [id=projects/mp-ver-2540ecfd/topics/mp-a740fb947898-events/roles/pubsub.publisher/serviceAccount:mp-a740fb947898-api-sa@mp-ver-2540ecfd.iam.gserviceaccount.com]
google_project_iam_member.api_datastore_viewer: Refreshing state... [id=mp-ver-2540ecfd/roles/datastore.viewer/serviceAccount:mp-a740fb947898-api-sa@mp-ver-2540ecfd.iam.gserviceaccount.com]
google_cloud_run_v2_service.api: Refreshing state... [id=projects/mp-ver-2540ecfd/locations/us-east1/services/mp-a740fb947898-api]
google_logging_project_sink.api: Refreshing state... [id=projects/mp-ver-2540ecfd/sinks/mp-a740fb947898-api-sink]
google_compute_region_network_endpoint_group.api_serverless_neg: Refreshing state... [id=projects/mp-ver-2540ecfd/regions/us-east1/networkEndpointGroups/mp-a740fb947898-api-neg]
google_compute_backend_service.api: Refreshing state... [id=projects/mp-ver-2540ecfd/global/backendServices/mp-a740fb947898-api-backend]
google_compute_url_map.api: Refreshing state... [id=projects/mp-ver-2540ecfd/global/urlMaps/mp-a740fb947898-api-urlmap]
google_compute_target_http_proxy.api: Refreshing state... [id=projects/mp-ver-2540ecfd/global/targetHttpProxies/mp-a740fb947898-api-http-proxy]
google_compute_global_forwarding_rule.http: Refreshing state... [id=projects/mp-ver-2540ecfd/global/forwardingRules/mp-a740fb947898-api-http-fwd]

Terraform used the selected providers to generate the following execution
plan. Resource actions are indicated with the following symbols:
  ~ update in-place

Terraform will perform the following actions:

  # google_bigquery_dataset.audit_analytics will be updated in-place
  ~ resource "google_bigquery_dataset" "audit_analytics" {
        id                              = "projects/mp-ver-2540ecfd/datasets/mp_a740fb947898_audit_analytics"
        # (20 unchanged attributes hidden)

      + default_encryption_configuration {
          + kms_key_name = "projects/mp-ver-2540ecfd/locations/us-east1/keyRings/mp-a740fb947898-keyring/cryptoKeys/mp-a740fb947898-audit-cmek"
        }
    }

  # google_cloud_scheduler_job.archiver will be updated in-place
  ~ resource "google_cloud_scheduler_job" "archiver" {
        id               = "projects/mp-ver-2540ecfd/locations/us-east1/jobs/mp-a740fb947898-archiver-schedule"
        name             = "mp-a740fb947898-archiver-schedule"
        # (9 unchanged attributes hidden)

      ~ http_target {
            # (4 unchanged attributes hidden)

          + oidc_token {
              + audience              = "https://us-east1-mp-ver-2540ecfd.cloudfunctions.net/mp-a740fb947898-audit-archiver"
              + service_account_email = "mp-a740fb947898-scheduler-sa@mp-ver-2540ecfd.iam.gserviceaccount.com"
            }
        }

        # (1 unchanged block hidden)
    }

  # google_cloud_scheduler_job.relay will be updated in-place
  ~ resource "google_cloud_scheduler_job" "relay" {
        id               = "projects/mp-ver-2540ecfd/locations/us-east1/jobs/mp-a740fb947898-relay-schedule"
        name             = "mp-a740fb947898-relay-schedule"
        # (9 unchanged attributes hidden)

      ~ http_target {
            # (4 unchanged attributes hidden)

          + oidc_token {
              + audience              = "https://us-east1-mp-ver-2540ecfd.cloudfunctions.net/mp-a740fb947898-outbox-relay"
              + service_account_email = "mp-a740fb947898-scheduler-sa@mp-ver-2540ecfd.iam.gserviceaccount.com"
            }
        }

        # (1 unchanged block hidden)
    }

  # google_kms_crypto_key.audit will be updated in-place
  ~ resource "google_kms_crypto_key" "audit" {
        id                            = "projects/mp-ver-2540ecfd/locations/us-east1/keyRings/mp-a740fb947898-keyring/cryptoKeys/mp-a740fb947898-audit-cmek"
        name                          = "mp-a740fb947898-audit-cmek"
      + rotation_period               = "7776000s"
        # (11 unchanged attributes hidden)

        # (1 unchanged block hidden)
    }

  # google_kms_crypto_key.database will be updated in-place
  ~ resource "google_kms_crypto_key" "database" {
        id                            = "projects/mp-ver-2540ecfd/locations/us-east1/keyRings/mp-a740fb947898-keyring/cryptoKeys/mp-a740fb947898-database-cmek"
        name                          = "mp-a740fb947898-database-cmek"
      + rotation_period               = "7776000s"
        # (11 unchanged attributes hidden)

        # (1 unchanged block hidden)
    }

  # google_kms_crypto_key.messaging will be updated in-place
  ~ resource "google_kms_crypto_key" "messaging" {
        id                            = "projects/mp-ver-2540ecfd/locations/us-east1/keyRings/mp-a740fb947898-keyring/cryptoKeys/mp-a740fb947898-messaging-cmek"
        name                          = "mp-a740fb947898-messaging-cmek"
      + rotation_period               = "7776000s"
        # (11 unchanged attributes hidden)

        # (1 unchanged block hidden)
    }

  # google_kms_crypto_key.projection will be updated in-place
  ~ resource "google_kms_crypto_key" "projection" {
        id                            = "projects/mp-ver-2540ecfd/locations/us-east1/keyRings/mp-a740fb947898-keyring/cryptoKeys/mp-a740fb947898-projection-cmek"
        name                          = "mp-a740fb947898-projection-cmek"
      + rotation_period               = "7776000s"
        # (11 unchanged attributes hidden)

        # (1 unchanged block hidden)
    }

  # google_pubsub_subscription.processor_push will be updated in-place
  ~ resource "google_pubsub_subscription" "processor_push" {
        id                           = "projects/mp-ver-2540ecfd/subscriptions/mp-a740fb947898-events-processor-sub"
        name                         = "mp-a740fb947898-events-processor-sub"
        # (12 unchanged attributes hidden)

      ~ push_config {
            # (2 unchanged attributes hidden)

          + oidc_token {
              + service_account_email = "mp-a740fb947898-pubsub-push-sa@mp-ver-2540ecfd.iam.gserviceaccount.com"
            }
        }

        # (2 unchanged blocks hidden)
    }

  # google_pubsub_topic.dead_letters will be updated in-place
  ~ resource "google_pubsub_topic" "dead_letters" {
        id                         = "projects/mp-ver-2540ecfd/topics/mp-a740fb947898-events-dlq"
      + kms_key_name               = "projects/mp-ver-2540ecfd/locations/us-east1/keyRings/mp-a740fb947898-keyring/cryptoKeys/mp-a740fb947898-messaging-cmek"
        name                       = "mp-a740fb947898-events-dlq"
        # (6 unchanged attributes hidden)
    }

  # google_pubsub_topic.events will be updated in-place
  ~ resource "google_pubsub_topic" "events" {
        id                         = "projects/mp-ver-2540ecfd/topics/mp-a740fb947898-events"
      + kms_key_name               = "projects/mp-ver-2540ecfd/locations/us-east1/keyRings/mp-a740fb947898-keyring/cryptoKeys/mp-a740fb947898-messaging-cmek"
        name                       = "mp-a740fb947898-events"
        # (6 unchanged attributes hidden)
    }

  # google_secret_manager_secret.db_credentials will be updated in-place
  ~ resource "google_secret_manager_secret" "db_credentials" {
      ~ effective_labels      = {
          + "data_role"             = "database-secret"
          + "deployment"            = "mp-a740fb947898"
          + "managed_by"            = "terraform"
          + "mediapulse_deployment" = "mp-a740fb947898"
          + "project"               = "mediapulse-ingest"
        }
        id                    = "projects/mp-ver-2540ecfd/secrets/mp-a740fb947898-db-credentials"
      ~ labels                = {
          + "data_role"             = "database-secret"
          + "deployment"            = "mp-a740fb947898"
          + "managed_by"            = "terraform"
          + "mediapulse_deployment" = "mp-a740fb947898"
          + "project"               = "mediapulse-ingest"
        }
        name                  = "projects/mp-ver-2540ecfd/secrets/mp-a740fb947898-db-credentials"
      ~ terraform_labels      = {
          + "data_role"             = "database-secret"
          + "deployment"            = "mp-a740fb947898"
          + "managed_by"            = "terraform"
          + "mediapulse_deployment" = "mp-a740fb947898"
          + "project"               = "mediapulse-ingest"
        }
        # (11 unchanged attributes hidden)

        # (1 unchanged block hidden)
    }

  # google_storage_bucket.audit will be updated in-place
  ~ resource "google_storage_bucket" "audit" {
        id                          = "mp-a740fb947898-mp-ver-2540ecfd-audit"
        name                        = "mp-a740fb947898-mp-ver-2540ecfd-audit"
      ~ uniform_bucket_level_access = false -> true
        # (17 unchanged attributes hidden)

      + encryption {
          + default_kms_key_name = "projects/mp-ver-2540ecfd/locations/us-east1/keyRings/mp-a740fb947898-keyring/cryptoKeys/mp-a740fb947898-audit-cmek"
        }

        # (2 unchanged blocks hidden)
    }

Plan: 0 to add, 12 to change, 0 to destroy.
google_secret_manager_secret.db_credentials: Modifying... [id=projects/mp-ver-2540ecfd/secrets/mp-a740fb947898-db-credentials]
google_kms_crypto_key.database: Modifying... [id=projects/mp-ver-2540ecfd/locations/us-east1/keyRings/mp-a740fb947898-keyring/cryptoKeys/mp-a740fb947898-database-cmek]
google_kms_crypto_key.audit: Modifying... [id=projects/mp-ver-2540ecfd/locations/us-east1/keyRings/mp-a740fb947898-keyring/cryptoKeys/mp-a740fb947898-audit-cmek]
google_kms_crypto_key.projection: Modifying... [id=projects/mp-ver-2540ecfd/locations/us-east1/keyRings/mp-a740fb947898-keyring/cryptoKeys/mp-a740fb947898-projection-cmek]
google_kms_crypto_key.messaging: Modifying... [id=projects/mp-ver-2540ecfd/locations/us-east1/keyRings/mp-a740fb947898-keyring/cryptoKeys/mp-a740fb947898-messaging-cmek]
google_secret_manager_secret.db_credentials: Modifications complete after 0s [id=projects/mp-ver-2540ecfd/secrets/mp-a740fb947898-db-credentials]
google_kms_crypto_key.projection: Modifications complete after 0s [id=projects/mp-ver-2540ecfd/locations/us-east1/keyRings/mp-a740fb947898-keyring/cryptoKeys/mp-a740fb947898-projection-cmek]
google_kms_crypto_key.messaging: Modifications complete after 0s [id=projects/mp-ver-2540ecfd/locations/us-east1/keyRings/mp-a740fb947898-keyring/cryptoKeys/mp-a740fb947898-messaging-cmek]
google_kms_crypto_key.audit: Modifications complete after 0s [id=projects/mp-ver-2540ecfd/locations/us-east1/keyRings/mp-a740fb947898-keyring/cryptoKeys/mp-a740fb947898-audit-cmek]
google_kms_crypto_key.database: Modifications complete after 0s [id=projects/mp-ver-2540ecfd/locations/us-east1/keyRings/mp-a740fb947898-keyring/cryptoKeys/mp-a740fb947898-database-cmek]
google_pubsub_topic.dead_letters: Modifying... [id=projects/mp-ver-2540ecfd/topics/mp-a740fb947898-events-dlq]
google_pubsub_topic.events: Modifying... [id=projects/mp-ver-2540ecfd/topics/mp-a740fb947898-events]
google_bigquery_dataset.audit_analytics: Modifying... [id=projects/mp-ver-2540ecfd/datasets/mp_a740fb947898_audit_analytics]
google_storage_bucket.audit: Modifying... [id=mp-a740fb947898-mp-ver-2540ecfd-audit]
google_pubsub_topic.events: Modifications complete after 1s [id=projects/mp-ver-2540ecfd/topics/mp-a740fb947898-events]
google_pubsub_topic.dead_letters: Modifications complete after 1s [id=projects/mp-ver-2540ecfd/topics/mp-a740fb947898-events-dlq]
google_bigquery_dataset.audit_analytics: Modifications complete after 0s [id=projects/mp-ver-2540ecfd/datasets/mp_a740fb947898_audit_analytics]
google_storage_bucket.audit: Modifications complete after 0s [id=mp-a740fb947898-mp-ver-2540ecfd-audit]
google_cloud_scheduler_job.relay: Modifying... [id=projects/mp-ver-2540ecfd/locations/us-east1/jobs/mp-a740fb947898-relay-schedule]
google_cloud_scheduler_job.archiver: Modifying... [id=projects/mp-ver-2540ecfd/locations/us-east1/jobs/mp-a740fb947898-archiver-schedule]
google_pubsub_subscription.processor_push: Modifying... [id=projects/mp-ver-2540ecfd/subscriptions/mp-a740fb947898-events-processor-sub]
google_pubsub_subscription.processor_push: Modifications complete after 0s [id=projects/mp-ver-2540ecfd/subscriptions/mp-a740fb947898-events-processor-sub]
google_cloud_scheduler_job.archiver: Modifications complete after 0s [id=projects/mp-ver-2540ecfd/locations/us-east1/jobs/mp-a740fb947898-archiver-schedule]
google_cloud_scheduler_job.relay: Modifications complete after 0s [id=projects/mp-ver-2540ecfd/locations/us-east1/jobs/mp-a740fb947898-relay-schedule]

Apply complete! Resources: 0 added, 12 changed, 0 destroyed.

Outputs:

cloud_run_service_name = "mp-a740fb947898-api"
load_balancer_url = "http://gcp"
manifest = <sensitive>
pubsub_topic_id = "projects/mp-ver-2540ecfd/topics/mp-a740fb947898-events"
MediaPulse Ingest is ready: http://gcp:4588
